2024/11/05 19:31:39 Added a player: 7d446bd8-9bd6-11ef-902d-6acb92f5d28c
2024/11/05 19:31:39 Added a player: 7d446caa-9bd6-11ef-902d-6acb92f5d28c
2024/11/05 19:31:39 Added a player: 7d448938-9bd6-11ef-902d-6acb92f5d28c
2024/11/05 19:31:39 Added a player: 7d4489a6-9bd6-11ef-902d-6acb92f5d28c
2024/11/05 19:31:39 Added a player: 7d4489f6-9bd6-11ef-902d-6acb92f5d28c
2024/11/05 19:31:39 Added a player: 7d448a46-9bd6-11ef-902d-6acb92f5d28c
2024/11/05 19:31:39 Added a player: 7d448a6e-9bd6-11ef-902d-6acb92f5d28c
2024/11/05 19:31:39 Added a player: 7d448a8c-9bd6-11ef-902d-6acb92f5d28c
2024/11/05 19:31:39 Added a player: 7d448aa0-9bd6-11ef-902d-6acb92f5d28c
2024/11/05 19:31:39 Added a player: 7d448abe-9bd6-11ef-902d-6acb92f5d28c
2024/11/05 19:31:39 Added a player: 7d448ae6-9bd6-11ef-902d-6acb92f5d28c
2024/11/05 19:31:39 Added a player: 7d448b04-9bd6-11ef-902d-6acb92f5d28c
2024/11/05 19:31:39 Added a player: 7d448b18-9bd6-11ef-902d-6acb92f5d28c
2024/11/05 19:31:39 Added a player: 7d448b36-9bd6-11ef-902d-6acb92f5d28c
2024/11/05 19:31:39 Added a player: 7d448b54-9bd6-11ef-902d-6acb92f5d28c
2024/11/05 19:31:39 Added a player: 7d448b86-9bd6-11ef-902d-6acb92f5d28c
2024/11/05 19:31:39 Added a player: 7d448ba4-9bd6-11ef-902d-6acb92f5d28c
2024/11/05 19:31:39 Added a player: 7d448bc2-9bd6-11ef-902d-6acb92f5d28c
2024/11/05 19:31:39 Added a player: 7d448be0-9bd6-11ef-902d-6acb92f5d28c
2024/11/05 19:31:39 Added a player: 7d448bfe-9bd6-11ef-902d-6acb92f5d28c
2024/11/05 19:31:39 Added a player: 7d448c12-9bd6-11ef-902d-6acb92f5d28c
2024/11/05 19:31:39 Added a player: 7d448c30-9bd6-11ef-902d-6acb92f5d28c
2024/11/05 19:31:39 Added a player: 7d448c4e-9bd6-11ef-902d-6acb92f5d28c
2024/11/05 19:31:39 Added a player: 7d448c6c-9bd6-11ef-902d-6acb92f5d28c
2024/11/05 19:31:39 Added a player: 7d448c8a-9bd6-11ef-902d-6acb92f5d28c
2024/11/05 19:31:39 Added a player: 7d448c9e-9bd6-11ef-902d-6acb92f5d28c
2024/11/05 19:31:39 Added a player: 7d448cbc-9bd6-11ef-902d-6acb92f5d28c
2024/11/05 19:31:39 Added a player: 7d448cda-9bd6-11ef-902d-6acb92f5d28c
2024/11/05 19:31:39 Added a player: 7d448d02-9bd6-11ef-902d-6acb92f5d28c
2024/11/05 19:31:39 Added a player: 7d448d20-9bd6-11ef-902d-6acb92f5d28c
2024/11/05 19:31:39 Added a player: 7d448d34-9bd6-11ef-902d-6acb92f5d28c
2024/11/05 19:31:39 Added a player: 7d448d52-9bd6-11ef-902d-6acb92f5d28c
2024/11/05 19:31:39 Added a player: 7d448d70-9bd6-11ef-902d-6acb92f5d28c
2024/11/05 19:31:39 Added a player: 7d448d8e-9bd6-11ef-902d-6acb92f5d28c
2024/11/05 19:31:39 Added a player: 7d448da2-9bd6-11ef-902d-6acb92f5d28c
2024/11/05 19:31:39 Added a player: 7d448dc0-9bd6-11ef-902d-6acb92f5d28c
2024/11/05 19:31:39 Added a player: 7d448dde-9bd6-11ef-902d-6acb92f5d28c
2024/11/05 19:31:39 Added a player: 7d448df2-9bd6-11ef-902d-6acb92f5d28c
2024/11/05 19:31:39 Added a player: 7d448e10-9bd6-11ef-902d-6acb92f5d28c
2024/11/05 19:31:39 Added a player: 7d448e2e-9bd6-11ef-902d-6acb92f5d28c
2024/11/05 19:31:39 Added a player: 7d448e42-9bd6-11ef-902d-6acb92f5d28c
2024/11/05 19:31:39 Added a player: 7d448e60-9bd6-11ef-902d-6acb92f5d28c
2024/11/05 19:31:39 Added a player: 7d448e7e-9bd6-11ef-902d-6acb92f5d28c
2024/11/05 19:31:39 Added a player: 7d448e92-9bd6-11ef-902d-6acb92f5d28c
2024/11/05 19:31:39 Added a player: 7d448eb0-9bd6-11ef-902d-6acb92f5d28c
2024/11/05 19:31:39 Added a player: 7d448ece-9bd6-11ef-902d-6acb92f5d28c
2024/11/05 19:31:39 Added a player: 7d448ee2-9bd6-11ef-902d-6acb92f5d28c
2024/11/05 19:31:39 Added a player: 7d448f00-9bd6-11ef-902d-6acb92f5d28c
2024/11/05 19:31:39 Added a player: 7d448f1e-9bd6-11ef-902d-6acb92f5d28c
2024/11/05 19:31:39 Added a player: 7d448f3c-9bd6-11ef-902d-6acb92f5d28c
2024/11/05 19:31:39 Added a player: 7d448f50-9bd6-11ef-902d-6acb92f5d28c
2024/11/05 19:31:39 Added a player: 7d448f6e-9bd6-11ef-902d-6acb92f5d28c
2024/11/05 19:31:39 Added a player: 7d448f8c-9bd6-11ef-902d-6acb92f5d28c
2024/11/05 19:31:39 Added a player: 7d448fa0-9bd6-11ef-902d-6acb92f5d28c
2024/11/05 19:31:39 Added a player: 7d448fd2-9bd6-11ef-902d-6acb92f5d28c
2024/11/05 19:31:39 Added a player: 7d448ff0-9bd6-11ef-902d-6acb92f5d28c
2024/11/05 19:31:39 Added a player: 7d44904a-9bd6-11ef-902d-6acb92f5d28c
2024/11/05 19:31:39 Added a player: 7d44905e-9bd6-11ef-902d-6acb92f5d28c
2024/11/05 19:31:39 Added a player: 7d449072-9bd6-11ef-902d-6acb92f5d28c
2024/11/05 19:31:39 Added a player: 7d449086-9bd6-11ef-902d-6acb92f5d28c
2024/11/05 19:31:39 Added a player: 7d44909a-9bd6-11ef-902d-6acb92f5d28c
2024/11/05 19:31:39 Added a player: 7d4490a4-9bd6-11ef-902d-6acb92f5d28c
2024/11/05 19:31:39 Added a player: 7d4490b8-9bd6-11ef-902d-6acb92f5d28c
2024/11/05 19:31:39 Added a player: 7d4490cc-9bd6-11ef-902d-6acb92f5d28c
2024/11/05 19:31:39 Added a player: 7d4490e0-9bd6-11ef-902d-6acb92f5d28c
2024/11/05 19:31:39 Added a player: 7d4490f4-9bd6-11ef-902d-6acb92f5d28c
2024/11/05 19:31:39 Added a player: 7d4490fe-9bd6-11ef-902d-6acb92f5d28c
2024/11/05 19:31:39 Added a player: 7d449112-9bd6-11ef-902d-6acb92f5d28c
2024/11/05 19:31:39 Added a player: 7d449126-9bd6-11ef-902d-6acb92f5d28c
2024/11/05 19:31:39 Added a player: 7d449130-9bd6-11ef-902d-6acb92f5d28c
2024/11/05 19:31:39 Added a player: 7d449144-9bd6-11ef-902d-6acb92f5d28c
2024/11/05 19:31:39 Added a player: 7d449158-9bd6-11ef-902d-6acb92f5d28c
2024/11/05 19:31:39 Added a player: 7d44916c-9bd6-11ef-902d-6acb92f5d28c
2024/11/05 19:31:39 Added a player: 7d449176-9bd6-11ef-902d-6acb92f5d28c
2024/11/05 19:31:39 Added a player: 7d44918a-9bd6-11ef-902d-6acb92f5d28c
2024/11/05 19:31:39 Added a player: 7d44919e-9bd6-11ef-902d-6acb92f5d28c
2024/11/05 19:31:39 Added a player: 7d4491a8-9bd6-11ef-902d-6acb92f5d28c
2024/11/05 19:31:39 Added a player: 7d4491c6-9bd6-11ef-902d-6acb92f5d28c
2024/11/05 19:31:39 Added a player: 7d4491da-9bd6-11ef-902d-6acb92f5d28c
2024/11/05 19:31:39 Added a player: 7d4491e4-9bd6-11ef-902d-6acb92f5d28c
2024/11/05 19:31:39 Added a player: 7d4491f8-9bd6-11ef-902d-6acb92f5d28c
2024/11/05 19:31:39 Added a player: 7d44920c-9bd6-11ef-902d-6acb92f5d28c
2024/11/05 19:31:39 Added a player: 7d449234-9bd6-11ef-902d-6acb92f5d28c
2024/11/05 19:31:39 Added a player: 7d449248-9bd6-11ef-902d-6acb92f5d28c
2024/11/05 19:31:39 Added a player: 7d44925c-9bd6-11ef-902d-6acb92f5d28c
2024/11/05 19:31:39 Added a player: 7d449270-9bd6-11ef-902d-6acb92f5d28c
2024/11/05 19:31:39 Added a player: 7d44927a-9bd6-11ef-902d-6acb92f5d28c
2024/11/05 19:31:39 Added a player: 7d44928e-9bd6-11ef-902d-6acb92f5d28c
2024/11/05 19:31:39 Added a player: 7d4492a2-9bd6-11ef-902d-6acb92f5d28c
2024/11/05 19:31:39 Added a player: 7d4492ac-9bd6-11ef-902d-6acb92f5d28c
2024/11/05 19:31:39 Added a player: 7d4492c0-9bd6-11ef-902d-6acb92f5d28c
2024/11/05 19:31:39 Added a player: 7d4492d4-9bd6-11ef-902d-6acb92f5d28c
2024/11/05 19:31:39 Added a player: 7d4492e8-9bd6-11ef-902d-6acb92f5d28c
2024/11/05 19:31:39 Added a player: 7d4492f2-9bd6-11ef-902d-6acb92f5d28c
2024/11/05 19:31:39 Added a player: 7d449306-9bd6-11ef-902d-6acb92f5d28c
2024/11/05 19:31:39 Added a player: 7d44931a-9bd6-11ef-902d-6acb92f5d28c
2024/11/05 19:31:39 Added a player: 7d449324-9bd6-11ef-902d-6acb92f5d28c
2024/11/05 19:31:39 Added a player: 7d449338-9bd6-11ef-902d-6acb92f5d28c
2024/11/05 19:31:39 Added a player: 7d44934c-9bd6-11ef-902d-6acb92f5d28c
2024/11/05 19:31:39 Added a player: 7d449360-9bd6-11ef-902d-6acb92f5d28c
2024/11/05 19:31:39 Added a player: 7d44936a-9bd6-11ef-902d-6acb92f5d28c
2024/11/05 19:31:39 Added a player: 7d44937e-9bd6-11ef-902d-6acb92f5d28c
2024/11/05 19:31:39 Added a player: 7d449392-9bd6-11ef-902d-6acb92f5d28c
2024/11/05 19:31:39 Added a player: 7d44939c-9bd6-11ef-902d-6acb92f5d28c
2024/11/05 19:31:39 Added a player: 7d4493b0-9bd6-11ef-902d-6acb92f5d28c
2024/11/05 19:31:39 Added a player: 7d4493c4-9bd6-11ef-902d-6acb92f5d28c
2024/11/05 19:31:39 Added a player: 7d4493d8-9bd6-11ef-902d-6acb92f5d28c
2024/11/05 19:31:39 Added a player: 7d4493ec-9bd6-11ef-902d-6acb92f5d28c
2024/11/05 19:31:39 Added a player: 7d4493f6-9bd6-11ef-902d-6acb92f5d28c
2024/11/05 19:31:39 Added a player: 7d44940a-9bd6-11ef-902d-6acb92f5d28c
2024/11/05 19:31:39 Added a player: 7d44941e-9bd6-11ef-902d-6acb92f5d28c
2024/11/05 19:31:39 Added a player: 7d449432-9bd6-11ef-902d-6acb92f5d28c
2024/11/05 19:31:39 Added a player: 7d449446-9bd6-11ef-902d-6acb92f5d28c
2024/11/05 19:31:39 Added a player: 7d44945a-9bd6-11ef-902d-6acb92f5d28c
2024/11/05 19:31:39 Added a player: 7d44946e-9bd6-11ef-902d-6acb92f5d28c
2024/11/05 19:31:39 Added a player: 7d449478-9bd6-11ef-902d-6acb92f5d28c
2024/11/05 19:31:39 Added a player: 7d44948c-9bd6-11ef-902d-6acb92f5d28c
2024/11/05 19:31:39 Added a player: 7d4494a0-9bd6-11ef-902d-6acb92f5d28c
2024/11/05 19:31:39 Added a player: 7d4494aa-9bd6-11ef-902d-6acb92f5d28c
2024/11/05 19:31:39 Added a player: 7d4494be-9bd6-11ef-902d-6acb92f5d28c
2024/11/05 19:31:39 Added a player: 7d4494d2-9bd6-11ef-902d-6acb92f5d28c
2024/11/05 19:31:39 Added a player: 7d4494e6-9bd6-11ef-902d-6acb92f5d28c
2024/11/05 19:31:39 Added a player: 7d4494f0-9bd6-11ef-902d-6acb92f5d28c
2024/11/05 19:31:39 Added a player: 7d449504-9bd6-11ef-902d-6acb92f5d28c
2024/11/05 19:31:39 Added a player: 7d449518-9bd6-11ef-902d-6acb92f5d28c
2024/11/05 19:31:39 Added a player: 7d44952c-9bd6-11ef-902d-6acb92f5d28c
2024/11/05 19:31:39 Added a player: 7d449536-9bd6-11ef-902d-6acb92f5d28c
2024/11/05 19:31:39 Added a player: 7d44954a-9bd6-11ef-902d-6acb92f5d28c
2024/11/05 19:31:39 Added a player: 7d44955e-9bd6-11ef-902d-6acb92f5d28c
2024/11/05 19:31:39 Added a player: 7d449568-9bd6-11ef-902d-6acb92f5d28c
2024/11/05 19:31:39 Added a player: 7d44957c-9bd6-11ef-902d-6acb92f5d28c
2024/11/05 19:31:39 Added a player: 7d449590-9bd6-11ef-902d-6acb92f5d28c
2024/11/05 19:31:39 Added a player: 7d44959a-9bd6-11ef-902d-6acb92f5d28c
2024/11/05 19:31:39 Added a player: 7d4495ae-9bd6-11ef-902d-6acb92f5d28c
2024/11/05 19:31:39 Added a player: 7d4495c2-9bd6-11ef-902d-6acb92f5d28c
2024/11/05 19:31:39 Added a player: 7d4495d6-9bd6-11ef-902d-6acb92f5d28c
2024/11/05 19:31:39 Added a player: 7d4495e0-9bd6-11ef-902d-6acb92f5d28c
2024/11/05 19:31:39 Added a player: 7d4495f4-9bd6-11ef-902d-6acb92f5d28c
2024/11/05 19:31:39 Added a player: 7d449608-9bd6-11ef-902d-6acb92f5d28c
2024/11/05 19:31:39 Added a player: 7d449612-9bd6-11ef-902d-6acb92f5d28c
2024/11/05 19:31:39 Added a player: 7d449626-9bd6-11ef-902d-6acb92f5d28c
2024/11/05 19:31:39 Added a player: 7d44963a-9bd6-11ef-902d-6acb92f5d28c
2024/11/05 19:31:39 Added a player: 7d44964e-9bd6-11ef-902d-6acb92f5d28c
2024/11/05 19:31:39 Added a player: 7d449658-9bd6-11ef-902d-6acb92f5d28c
2024/11/05 19:31:39 Added a player: 7d44966c-9bd6-11ef-902d-6acb92f5d28c
2024/11/05 19:31:39 Added a player: 7d449680-9bd6-11ef-902d-6acb92f5d28c
2024/11/05 19:31:39 Added a player: 7d449694-9bd6-11ef-902d-6acb92f5d28c
2024/11/05 19:31:39 Added a player: 7d44969e-9bd6-11ef-902d-6acb92f5d28c
2024/11/05 19:31:39 Added a player: 7d4496b2-9bd6-11ef-902d-6acb92f5d28c
2024/11/05 19:31:39 Added a player: 7d4496c6-9bd6-11ef-902d-6acb92f5d28c
2024/11/05 19:31:39 Added a player: 7d4496d0-9bd6-11ef-902d-6acb92f5d28c
2024/11/05 19:31:39 Added a player: 7d4496e4-9bd6-11ef-902d-6acb92f5d28c
2024/11/05 19:31:39 Added a player: 7d4496f8-9bd6-11ef-902d-6acb92f5d28c
2024/11/05 19:31:39 Added a player: 7d449702-9bd6-11ef-902d-6acb92f5d28c
2024/11/05 19:31:39 Added a player: 7d449716-9bd6-11ef-902d-6acb92f5d28c
2024/11/05 19:31:39 Added a player: 7d44972a-9bd6-11ef-902d-6acb92f5d28c
2024/11/05 19:31:39 Added a player: 7d44973e-9bd6-11ef-902d-6acb92f5d28c
2024/11/05 19:31:39 Added a player: 7d449748-9bd6-11ef-902d-6acb92f5d28c
2024/11/05 19:31:39 Added a player: 7d44975c-9bd6-11ef-902d-6acb92f5d28c
2024/11/05 19:31:39 Added a player: 7d449770-9bd6-11ef-902d-6acb92f5d28c
2024/11/05 19:31:39 Added a player: 7d44977a-9bd6-11ef-902d-6acb92f5d28c
2024/11/05 19:31:39 Added a player: 7d44978e-9bd6-11ef-902d-6acb92f5d28c
2024/11/05 19:31:39 Added a player: 7d4497ac-9bd6-11ef-902d-6acb92f5d28c
2024/11/05 19:31:39 Added a player: 7d4497b6-9bd6-11ef-902d-6acb92f5d28c
2024/11/05 19:31:39 Added a player: 7d4497ca-9bd6-11ef-902d-6acb92f5d28c
2024/11/05 19:31:39 Added a player: 7d4497de-9bd6-11ef-902d-6acb92f5d28c
2024/11/05 19:31:39 Added a player: 7d4497e8-9bd6-11ef-902d-6acb92f5d28c
2024/11/05 19:31:39 Added a player: 7d4497fc-9bd6-11ef-902d-6acb92f5d28c
2024/11/05 19:31:39 Added a player: 7d44981a-9bd6-11ef-902d-6acb92f5d28c
2024/11/05 19:31:39 Added a player: 7d44982e-9bd6-11ef-902d-6acb92f5d28c
2024/11/05 19:31:39 Added a player: 7d449842-9bd6-11ef-902d-6acb92f5d28c
2024/11/05 19:31:39 Added a player: 7d449856-9bd6-11ef-902d-6acb92f5d28c
2024/11/05 19:31:39 Added a player: 7d449860-9bd6-11ef-902d-6acb92f5d28c
2024/11/05 19:31:39 Added a player: 7d449874-9bd6-11ef-902d-6acb92f5d28c
2024/11/05 19:31:39 Added a player: 7d449888-9bd6-11ef-902d-6acb92f5d28c
2024/11/05 19:31:39 Added a player: 7d449892-9bd6-11ef-902d-6acb92f5d28c
2024/11/05 19:31:39 Added a player: 7d4498a6-9bd6-11ef-902d-6acb92f5d28c
2024/11/05 19:31:39 Added a player: 7d4498ba-9bd6-11ef-902d-6acb92f5d28c
2024/11/05 19:31:39 Added a player: 7d4498ce-9bd6-11ef-902d-6acb92f5d28c
2024/11/05 19:31:39 Added a player: 7d4498d8-9bd6-11ef-902d-6acb92f5d28c
2024/11/05 19:31:39 Added a player: 7d4498ec-9bd6-11ef-902d-6acb92f5d28c
2024/11/05 19:31:39 Added a player: 7d449900-9bd6-11ef-902d-6acb92f5d28c
2024/11/05 19:31:39 Added a player: 7d44990a-9bd6-11ef-902d-6acb92f5d28c
2024/11/05 19:31:39 Added a player: 7d44991e-9bd6-11ef-902d-6acb92f5d28c
2024/11/05 19:31:39 Added a player: 7d449932-9bd6-11ef-902d-6acb92f5d28c
2024/11/05 19:31:39 Added a player: 7d449946-9bd6-11ef-902d-6acb92f5d28c
2024/11/05 19:31:39 Added a player: 7d449950-9bd6-11ef-902d-6acb92f5d28c
2024/11/05 19:31:39 Added a player: 7d449964-9bd6-11ef-902d-6acb92f5d28c
2024/11/05 19:31:39 Added a player: 7d449978-9bd6-11ef-902d-6acb92f5d28c
2024/11/05 19:31:39 Added a player: 7d449982-9bd6-11ef-902d-6acb92f5d28c
2024/11/05 19:31:39 Added a player: 7d449996-9bd6-11ef-902d-6acb92f5d28c
2024/11/05 19:31:39 Added a player: 7d4499aa-9bd6-11ef-902d-6acb92f5d28c
2024/11/05 19:31:39 Added a player: 7d4499be-9bd6-11ef-902d-6acb92f5d28c
2024/11/05 19:31:39 Added a player: 7d4499c8-9bd6-11ef-902d-6acb92f5d28c
2024/11/05 19:31:39 Added a player: 7d4499dc-9bd6-11ef-902d-6acb92f5d28c
2024/11/05 19:31:39 Added a player: 7d4499f0-9bd6-11ef-902d-6acb92f5d28c
2024/11/05 19:31:39 Added a player: 7d4499fa-9bd6-11ef-902d-6acb92f5d28c
2024/11/05 19:31:39 Added a player: 7d449a0e-9bd6-11ef-902d-6acb92f5d28c
2024/11/05 19:31:39 Added a player: 7d449a22-9bd6-11ef-902d-6acb92f5d28c
2024/11/05 19:31:39 Added a player: 7d449a2c-9bd6-11ef-902d-6acb92f5d28c
2024/11/05 19:31:39 Added a player: 7d449a40-9bd6-11ef-902d-6acb92f5d28c
2024/11/05 19:31:39 Added a player: 7d449a54-9bd6-11ef-902d-6acb92f5d28c
2024/11/05 19:31:39 Added a player: 7d449a68-9bd6-11ef-902d-6acb92f5d28c
2024/11/05 19:31:39 Added a player: 7d449a72-9bd6-11ef-902d-6acb92f5d28c
2024/11/05 19:31:39 Added a player: 7d449a86-9bd6-11ef-902d-6acb92f5d28c
2024/11/05 19:31:39 Added a player: 7d449a9a-9bd6-11ef-902d-6acb92f5d28c
2024/11/05 19:31:39 Added a player: 7d449aa4-9bd6-11ef-902d-6acb92f5d28c
2024/11/05 19:31:39 Added a player: 7d449ab8-9bd6-11ef-902d-6acb92f5d28c
2024/11/05 19:31:39 Added a player: 7d449acc-9bd6-11ef-902d-6acb92f5d28c
2024/11/05 19:31:39 Added a player: 7d449ae0-9bd6-11ef-902d-6acb92f5d28c
2024/11/05 19:31:39 Added a player: 7d449b08-9bd6-11ef-902d-6acb92f5d28c
2024/11/05 19:31:39 Added a player: 7d449b1c-9bd6-11ef-902d-6acb92f5d28c
2024/11/05 19:31:39 Added a player: 7d449b30-9bd6-11ef-902d-6acb92f5d28c
2024/11/05 19:31:39 Added a player: 7d449b44-9bd6-11ef-902d-6acb92f5d28c
2024/11/05 19:31:39 Added a player: 7d449b58-9bd6-11ef-902d-6acb92f5d28c
2024/11/05 19:31:39 Added a player: 7d449b6c-9bd6-11ef-902d-6acb92f5d28c
2024/11/05 19:31:39 Added a player: 7d449b80-9bd6-11ef-902d-6acb92f5d28c
2024/11/05 19:31:39 Added a player: 7d449b94-9bd6-11ef-902d-6acb92f5d28c
2024/11/05 19:31:39 Added a player: 7d449b9e-9bd6-11ef-902d-6acb92f5d28c
2024/11/05 19:31:39 Added a player: 7d449bb2-9bd6-11ef-902d-6acb92f5d28c
2024/11/05 19:31:39 Added a player: 7d449bc6-9bd6-11ef-902d-6acb92f5d28c
2024/11/05 19:31:39 Added a player: 7d449bda-9bd6-11ef-902d-6acb92f5d28c
2024/11/05 19:31:39 Added a player: 7d449bee-9bd6-11ef-902d-6acb92f5d28c
2024/11/05 19:31:39 Added a player: 7d449bf8-9bd6-11ef-902d-6acb92f5d28c
2024/11/05 19:31:39 Added a player: 7d449c16-9bd6-11ef-902d-6acb92f5d28c
2024/11/05 19:31:39 Added a player: 7d449c2a-9bd6-11ef-902d-6acb92f5d28c
2024/11/05 19:31:39 Added a player: 7d449c3e-9bd6-11ef-902d-6acb92f5d28c
2024/11/05 19:31:39 Added a player: 7d449c52-9bd6-11ef-902d-6acb92f5d28c
2024/11/05 19:31:39 Added a player: 7d449c66-9bd6-11ef-902d-6acb92f5d28c
2024/11/05 19:31:39 Added a player: 7d449c7a-9bd6-11ef-902d-6acb92f5d28c
2024/11/05 19:31:39 Added a player: 7d449c84-9bd6-11ef-902d-6acb92f5d28c
2024/11/05 19:31:39 Added a player: 7d449c98-9bd6-11ef-902d-6acb92f5d28c
2024/11/05 19:31:39 Added a player: 7d449cac-9bd6-11ef-902d-6acb92f5d28c
2024/11/05 19:31:39 Added a player: 7d449cb6-9bd6-11ef-902d-6acb92f5d28c
2024/11/05 19:31:39 Added a player: 7d449cca-9bd6-11ef-902d-6acb92f5d28c
2024/11/05 19:31:39 Added a player: 7d449cde-9bd6-11ef-902d-6acb92f5d28c
2024/11/05 19:31:39 Added a player: 7d449cf2-9bd6-11ef-902d-6acb92f5d28c
2024/11/05 19:31:39 Added a player: 7d449cfc-9bd6-11ef-902d-6acb92f5d28c
2024/11/05 19:31:39 Added a player: 7d449d10-9bd6-11ef-902d-6acb92f5d28c
2024/11/05 19:31:39 Added a player: 7d449d24-9bd6-11ef-902d-6acb92f5d28c
2024/11/05 19:31:39 Added a player: 7d449d2e-9bd6-11ef-902d-6acb92f5d28c
2024/11/05 19:31:39 Added a player: 7d449d42-9bd6-11ef-902d-6acb92f5d28c
2024/11/05 19:31:39 Added a player: 7d449d56-9bd6-11ef-902d-6acb92f5d28c
2024/11/05 19:31:39 Added a player: 7d449d60-9bd6-11ef-902d-6acb92f5d28c
2024/11/05 19:31:39 Added a player: 7d449d74-9bd6-11ef-902d-6acb92f5d28c
2024/11/05 19:31:39 Added a player: 7d449d88-9bd6-11ef-902d-6acb92f5d28c
2024/11/05 19:31:39 Added a player: 7d449d9c-9bd6-11ef-902d-6acb92f5d28c
2024/11/05 19:31:39 Added a player: 7d449dba-9bd6-11ef-902d-6acb92f5d28c
2024/11/05 19:31:39 Added a player: 7d449dce-9bd6-11ef-902d-6acb92f5d28c
2024/11/05 19:31:39 Added a player: 7d449dd8-9bd6-11ef-902d-6acb92f5d28c
2024/11/05 19:31:39 Added a player: 7d449dec-9bd6-11ef-902d-6acb92f5d28c
2024/11/05 19:31:39 Added a player: 7d449e00-9bd6-11ef-902d-6acb92f5d28c
2024/11/05 19:31:39 Added a player: 7d449e14-9bd6-11ef-902d-6acb92f5d28c
2024/11/05 19:31:39 Added a player: 7d449e1e-9bd6-11ef-902d-6acb92f5d28c
2024/11/05 19:31:39 Added a player: 7d449e32-9bd6-11ef-902d-6acb92f5d28c
2024/11/05 19:31:39 Added a player: 7d449e46-9bd6-11ef-902d-6acb92f5d28c
2024/11/05 19:31:39 Added a player: 7d449e50-9bd6-11ef-902d-6acb92f5d28c
2024/11/05 19:31:39 Added a player: 7d449e64-9bd6-11ef-902d-6acb92f5d28c
2024/11/05 19:31:39 Added a player: 7d449e78-9bd6-11ef-902d-6acb92f5d28c
2024/11/05 19:31:39 Added a player: 7d449e82-9bd6-11ef-902d-6acb92f5d28c
2024/11/05 19:31:39 Added a player: 7d449e96-9bd6-11ef-902d-6acb92f5d28c
2024/11/05 19:31:39 Added a player: 7d449eaa-9bd6-11ef-902d-6acb92f5d28c
2024/11/05 19:31:39 Added a player: 7d449ebe-9bd6-11ef-902d-6acb92f5d28c
2024/11/05 19:31:39 Added a player: 7d449ec8-9bd6-11ef-902d-6acb92f5d28c
2024/11/05 19:31:39 Added a player: 7d449edc-9bd6-11ef-902d-6acb92f5d28c
2024/11/05 19:31:39 Added a player: 7d449ef0-9bd6-11ef-902d-6acb92f5d28c
2024/11/05 19:31:39 Added a player: 7d449f04-9bd6-11ef-902d-6acb92f5d28c
2024/11/05 19:31:39 Added a player: 7d449f0e-9bd6-11ef-902d-6acb92f5d28c
2024/11/05 19:31:39 Added a player: 7d449f22-9bd6-11ef-902d-6acb92f5d28c
2024/11/05 19:31:39 Added a player: 7d449f36-9bd6-11ef-902d-6acb92f5d28c
2024/11/05 19:31:39 Added a player: 7d449f40-9bd6-11ef-902d-6acb92f5d28c
2024/11/05 19:31:39 Added a player: 7d449f54-9bd6-11ef-902d-6acb92f5d28c
2024/11/05 19:31:39 Added a player: 7d449f68-9bd6-11ef-902d-6acb92f5d28c
2024/11/05 19:31:39 Added a player: 7d449f7c-9bd6-11ef-902d-6acb92f5d28c
2024/11/05 19:31:39 Added a player: 7d449f86-9bd6-11ef-902d-6acb92f5d28c
2024/11/05 19:31:39 Added a player: 7d449f9a-9bd6-11ef-902d-6acb92f5d28c
2024/11/05 19:31:39 Added a player: 7d449fae-9bd6-11ef-902d-6acb92f5d28c
2024/11/05 19:31:39 Added a player: 7d449fc2-9bd6-11ef-902d-6acb92f5d28c
2024/11/05 19:31:39 Added a player: 7d449fcc-9bd6-11ef-902d-6acb92f5d28c
2024/11/05 19:31:39 Added a player: 7d449fe0-9bd6-11ef-902d-6acb92f5d28c
2024/11/05 19:31:39 Added a player: 7d449ff4-9bd6-11ef-902d-6acb92f5d28c
2024/11/05 19:31:39 Added a player: 7d449ffe-9bd6-11ef-902d-6acb92f5d28c
2024/11/05 19:31:39 Added a player: 7d44a012-9bd6-11ef-902d-6acb92f5d28c
2024/11/05 19:31:39 Added a player: 7d44a026-9bd6-11ef-902d-6acb92f5d28c
2024/11/05 19:31:39 Added a player: 7d44a030-9bd6-11ef-902d-6acb92f5d28c
2024/11/05 19:31:39 Added a player: 7d44a044-9bd6-11ef-902d-6acb92f5d28c
2024/11/05 19:31:39 Added a player: 7d44a04e-9bd6-11ef-902d-6acb92f5d28c
2024/11/05 19:31:39 Added a player: 7d44a062-9bd6-11ef-902d-6acb92f5d28c
2024/11/05 19:31:39 Added a player: 7d44a076-9bd6-11ef-902d-6acb92f5d28c
2024/11/05 19:31:39 Added a player: 7d44a094-9bd6-11ef-902d-6acb92f5d28c
2024/11/05 19:31:39 Added a player: 7d44a0a8-9bd6-11ef-902d-6acb92f5d28c
2024/11/05 19:31:39 Added a player: 7d44a0b2-9bd6-11ef-902d-6acb92f5d28c
2024/11/05 19:31:39 Added a player: 7d44a0c6-9bd6-11ef-902d-6acb92f5d28c
2024/11/05 19:31:39 Added a player: 7d44a0da-9bd6-11ef-902d-6acb92f5d28c
2024/11/05 19:31:39 Added a player: 7d44a0e4-9bd6-11ef-902d-6acb92f5d28c
2024/11/05 19:31:39 Added a player: 7d44a0f8-9bd6-11ef-902d-6acb92f5d28c
2024/11/05 19:31:39 Added a player: 7d44a10c-9bd6-11ef-902d-6acb92f5d28c
2024/11/05 19:31:39 Added a player: 7d44a116-9bd6-11ef-902d-6acb92f5d28c
2024/11/05 19:31:39 Added a player: 7d44a12a-9bd6-11ef-902d-6acb92f5d28c
2024/11/05 19:31:39 Added a player: 7d44a13e-9bd6-11ef-902d-6acb92f5d28c
2024/11/05 19:31:39 Added a player: 7d44a148-9bd6-11ef-902d-6acb92f5d28c
2024/11/05 19:31:39 Added a player: 7d44a15c-9bd6-11ef-902d-6acb92f5d28c
2024/11/05 19:31:39 Added a player: 7d44a170-9bd6-11ef-902d-6acb92f5d28c
2024/11/05 19:31:39 Added a player: 7d44a17a-9bd6-11ef-902d-6acb92f5d28c
2024/11/05 19:31:39 Added a player: 7d44a18e-9bd6-11ef-902d-6acb92f5d28c
2024/11/05 19:31:39 Added a player: 7d44a198-9bd6-11ef-902d-6acb92f5d28c
2024/11/05 19:31:39 Added a player: 7d44a1ac-9bd6-11ef-902d-6acb92f5d28c
2024/11/05 19:31:39 Added a player: 7d44a1c0-9bd6-11ef-902d-6acb92f5d28c
2024/11/05 19:31:39 Added a player: 7d44a1ca-9bd6-11ef-902d-6acb92f5d28c
2024/11/05 19:31:39 Added a player: 7d44a1de-9bd6-11ef-902d-6acb92f5d28c
2024/11/05 19:31:39 Added a player: 7d44a1f2-9bd6-11ef-902d-6acb92f5d28c
2024/11/05 19:31:39 Added a player: 7d44a1fc-9bd6-11ef-902d-6acb92f5d28c
2024/11/05 19:31:39 Added a player: 7d44a210-9bd6-11ef-902d-6acb92f5d28c
2024/11/05 19:31:39 Added a player: 7d44a224-9bd6-11ef-902d-6acb92f5d28c
2024/11/05 19:31:39 Added a player: 7d44a22e-9bd6-11ef-902d-6acb92f5d28c
2024/11/05 19:31:39 Added a player: 7d44a242-9bd6-11ef-902d-6acb92f5d28c
2024/11/05 19:31:39 Added a player: 7d44a256-9bd6-11ef-902d-6acb92f5d28c
2024/11/05 19:31:39 Added a player: 7d44a260-9bd6-11ef-902d-6acb92f5d28c
2024/11/05 19:31:39 Added a player: 7d44a274-9bd6-11ef-902d-6acb92f5d28c
2024/11/05 19:31:39 Added a player: 7d44a288-9bd6-11ef-902d-6acb92f5d28c
2024/11/05 19:31:39 Added a player: 7d44a29c-9bd6-11ef-902d-6acb92f5d28c
2024/11/05 19:31:39 Added a player: 7d44a2b0-9bd6-11ef-902d-6acb92f5d28c
2024/11/05 19:31:39 Added a player: 7d44a2c4-9bd6-11ef-902d-6acb92f5d28c
2024/11/05 19:31:39 Added a player: 7d44a2d8-9bd6-11ef-902d-6acb92f5d28c
2024/11/05 19:31:39 Added a player: 7d44a2f6-9bd6-11ef-902d-6acb92f5d28c
2024/11/05 19:31:39 Added a player: 7d44a30a-9bd6-11ef-902d-6acb92f5d28c
2024/11/05 19:31:39 Added a player: 7d44a31e-9bd6-11ef-902d-6acb92f5d28c
2024/11/05 19:31:39 Added a player: 7d44a332-9bd6-11ef-902d-6acb92f5d28c
2024/11/05 19:31:39 Added a player: 7d44a350-9bd6-11ef-902d-6acb92f5d28c
2024/11/05 19:31:39 Added a player: 7d44a364-9bd6-11ef-902d-6acb92f5d28c
2024/11/05 19:31:39 Added a player: 7d44a378-9bd6-11ef-902d-6acb92f5d28c
2024/11/05 19:31:39 Added a player: 7d44a38c-9bd6-11ef-902d-6acb92f5d28c
2024/11/05 19:31:39 Added a player: 7d44a3aa-9bd6-11ef-902d-6acb92f5d28c
2024/11/05 19:31:39 Added a player: 7d44a3be-9bd6-11ef-902d-6acb92f5d28c
2024/11/05 19:31:39 Added a player: 7d44a3dc-9bd6-11ef-902d-6acb92f5d28c
2024/11/05 19:31:39 Added a player: 7d44a3f0-9bd6-11ef-902d-6acb92f5d28c
2024/11/05 19:31:39 Added a player: 7d44a3fa-9bd6-11ef-902d-6acb92f5d28c
2024/11/05 19:31:39 Added a player: 7d44a40e-9bd6-11ef-902d-6acb92f5d28c
2024/11/05 19:31:39 Added a player: 7d44a422-9bd6-11ef-902d-6acb92f5d28c
2024/11/05 19:31:39 Added a player: 7d44a436-9bd6-11ef-902d-6acb92f5d28c
2024/11/05 19:31:39 Added a player: 7d44a44a-9bd6-11ef-902d-6acb92f5d28c
2024/11/05 19:31:39 Added a player: 7d44a454-9bd6-11ef-902d-6acb92f5d28c
2024/11/05 19:31:39 Added a player: 7d44a468-9bd6-11ef-902d-6acb92f5d28c
2024/11/05 19:31:39 Added a player: 7d44a47c-9bd6-11ef-902d-6acb92f5d28c
2024/11/05 19:31:39 Added a player: 7d44a490-9bd6-11ef-902d-6acb92f5d28c
2024/11/05 19:31:39 Added a player: 7d44a49a-9bd6-11ef-902d-6acb92f5d28c
2024/11/05 19:31:39 Added a player: 7d44a4ae-9bd6-11ef-902d-6acb92f5d28c
2024/11/05 19:31:39 Added a player: 7d44a4c2-9bd6-11ef-902d-6acb92f5d28c
2024/11/05 19:31:39 Added a player: 7d44a4d6-9bd6-11ef-902d-6acb92f5d28c
2024/11/05 19:31:39 Added a player: 7d44a4e0-9bd6-11ef-902d-6acb92f5d28c
2024/11/05 19:31:39 Added a player: 7d44a4f4-9bd6-11ef-902d-6acb92f5d28c
2024/11/05 19:31:39 Added a player: 7d44a508-9bd6-11ef-902d-6acb92f5d28c
2024/11/05 19:31:39 Added a player: 7d44a512-9bd6-11ef-902d-6acb92f5d28c
2024/11/05 19:31:39 Added a player: 7d44a526-9bd6-11ef-902d-6acb92f5d28c
2024/11/05 19:31:39 Added a player: 7d44a53a-9bd6-11ef-902d-6acb92f5d28c
2024/11/05 19:31:39 Added a player: 7d44a544-9bd6-11ef-902d-6acb92f5d28c
2024/11/05 19:31:39 Added a player: 7d44a558-9bd6-11ef-902d-6acb92f5d28c
2024/11/05 19:31:39 Added a player: 7d44a56c-9bd6-11ef-902d-6acb92f5d28c
2024/11/05 19:31:39 Added a player: 7d44a580-9bd6-11ef-902d-6acb92f5d28c
2024/11/05 19:31:39 Added a player: 7d44a58a-9bd6-11ef-902d-6acb92f5d28c
2024/11/05 19:31:39 Added a player: 7d44a59e-9bd6-11ef-902d-6acb92f5d28c
2024/11/05 19:31:39 Added a player: 7d44a5b2-9bd6-11ef-902d-6acb92f5d28c
2024/11/05 19:31:39 Added a player: 7d44a5c6-9bd6-11ef-902d-6acb92f5d28c
2024/11/05 19:31:39 Added a player: 7d44a5d0-9bd6-11ef-902d-6acb92f5d28c
2024/11/05 19:31:39 Added a player: 7d44a5e4-9bd6-11ef-902d-6acb92f5d28c
2024/11/05 19:31:39 Added a player: 7d44a5f8-9bd6-11ef-902d-6acb92f5d28c
2024/11/05 19:31:39 Added a player: 7d44a60c-9bd6-11ef-902d-6acb92f5d28c
2024/11/05 19:31:39 Added a player: 7d44a616-9bd6-11ef-902d-6acb92f5d28c
2024/11/05 19:31:39 Added a player: 7d44a62a-9bd6-11ef-902d-6acb92f5d28c
2024/11/05 19:31:39 Added a player: 7d44a63e-9bd6-11ef-902d-6acb92f5d28c
2024/11/05 19:31:39 Added a player: 7d44a648-9bd6-11ef-902d-6acb92f5d28c
2024/11/05 19:31:39 Added a player: 7d44a65c-9bd6-11ef-902d-6acb92f5d28c
2024/11/05 19:31:39 Added a player: 7d44a670-9bd6-11ef-902d-6acb92f5d28c
2024/11/05 19:31:39 Added a player: 7d44a684-9bd6-11ef-902d-6acb92f5d28c
2024/11/05 19:31:39 Added a player: 7d44a68e-9bd6-11ef-902d-6acb92f5d28c
2024/11/05 19:31:39 Added a player: 7d44a6a2-9bd6-11ef-902d-6acb92f5d28c
2024/11/05 19:31:39 Added a player: 7d44a6b6-9bd6-11ef-902d-6acb92f5d28c
2024/11/05 19:31:39 Added a player: 7d44a6ca-9bd6-11ef-902d-6acb92f5d28c
2024/11/05 19:31:39 Added a player: 7d44a6d4-9bd6-11ef-902d-6acb92f5d28c
2024/11/05 19:31:39 Added a player: 7d44a6e8-9bd6-11ef-902d-6acb92f5d28c
2024/11/05 19:31:39 Added a player: 7d44a6fc-9bd6-11ef-902d-6acb92f5d28c
2024/11/05 19:31:39 Added a player: 7d44a706-9bd6-11ef-902d-6acb92f5d28c
2024/11/05 19:31:39 Added a player: 7d44a71a-9bd6-11ef-902d-6acb92f5d28c
2024/11/05 19:31:39 Added a player: 7d44a72e-9bd6-11ef-902d-6acb92f5d28c
2024/11/05 19:31:39 Added a player: 7d44a738-9bd6-11ef-902d-6acb92f5d28c
2024/11/05 19:31:39 Added a player: 7d44a74c-9bd6-11ef-902d-6acb92f5d28c
2024/11/05 19:31:39 Added a player: 7d44a760-9bd6-11ef-902d-6acb92f5d28c
2024/11/05 19:31:39 Added a player: 7d44a774-9bd6-11ef-902d-6acb92f5d28c
2024/11/05 19:31:39 Added a player: 7d44a77e-9bd6-11ef-902d-6acb92f5d28c
2024/11/05 19:31:39 Added a player: 7d44a792-9bd6-11ef-902d-6acb92f5d28c
2024/11/05 19:31:39 Added a player: 7d44a7a6-9bd6-11ef-902d-6acb92f5d28c
2024/11/05 19:31:39 Added a player: 7d44a7b0-9bd6-11ef-902d-6acb92f5d28c
2024/11/05 19:31:39 Added a player: 7d44a7c4-9bd6-11ef-902d-6acb92f5d28c
2024/11/05 19:31:39 Added a player: 7d44a7d8-9bd6-11ef-902d-6acb92f5d28c
2024/11/05 19:31:39 Added a player: 7d44a7e2-9bd6-11ef-902d-6acb92f5d28c
2024/11/05 19:31:39 Added a player: 7d44a7f6-9bd6-11ef-902d-6acb92f5d28c
2024/11/05 19:31:39 Added a player: 7d44a80a-9bd6-11ef-902d-6acb92f5d28c
2024/11/05 19:31:39 Added a player: 7d44a814-9bd6-11ef-902d-6acb92f5d28c
2024/11/05 19:31:39 Added a player: 7d44a828-9bd6-11ef-902d-6acb92f5d28c
2024/11/05 19:31:39 Added a player: 7d44a83c-9bd6-11ef-902d-6acb92f5d28c
2024/11/05 19:31:39 Added a player: 7d44a850-9bd6-11ef-902d-6acb92f5d28c
2024/11/05 19:31:39 Added a player: 7d44a85a-9bd6-11ef-902d-6acb92f5d28c
2024/11/05 19:31:39 Added a player: 7d44a86e-9bd6-11ef-902d-6acb92f5d28c
2024/11/05 19:31:39 Added a player: 7d44a882-9bd6-11ef-902d-6acb92f5d28c
2024/11/05 19:31:39 Added a player: 7d44a88c-9bd6-11ef-902d-6acb92f5d28c
2024/11/05 19:31:39 Added a player: 7d44a8a0-9bd6-11ef-902d-6acb92f5d28c
2024/11/05 19:31:39 Added a player: 7d44a8b4-9bd6-11ef-902d-6acb92f5d28c
2024/11/05 19:31:39 Added a player: 7d44a8be-9bd6-11ef-902d-6acb92f5d28c
2024/11/05 19:31:39 Added a player: 7d44a8d2-9bd6-11ef-902d-6acb92f5d28c
2024/11/05 19:31:39 Added a player: 7d44a8e6-9bd6-11ef-902d-6acb92f5d28c
2024/11/05 19:31:39 Added a player: 7d44a8f0-9bd6-11ef-902d-6acb92f5d28c
2024/11/05 19:31:39 Added a player: 7d44a904-9bd6-11ef-902d-6acb92f5d28c
2024/11/05 19:31:39 Added a player: 7d44a918-9bd6-11ef-902d-6acb92f5d28c
2024/11/05 19:31:39 Added a player: 7d44a940-9bd6-11ef-902d-6acb92f5d28c
2024/11/05 19:31:39 Added a player: 7d44a954-9bd6-11ef-902d-6acb92f5d28c
2024/11/05 19:31:39 Added a player: 7d44a968-9bd6-11ef-902d-6acb92f5d28c
2024/11/05 19:31:39 Added a player: 7d44a972-9bd6-11ef-902d-6acb92f5d28c
2024/11/05 19:31:39 Added a player: 7d44a986-9bd6-11ef-902d-6acb92f5d28c
2024/11/05 19:31:39 Added a player: 7d44a9ae-9bd6-11ef-902d-6acb92f5d28c
2024/11/05 19:31:39 Added a player: 7d44a9c2-9bd6-11ef-902d-6acb92f5d28c
2024/11/05 19:31:39 Added a player: 7d44a9d6-9bd6-11ef-902d-6acb92f5d28c
2024/11/05 19:31:39 Added a player: 7d44a9ea-9bd6-11ef-902d-6acb92f5d28c
2024/11/05 19:31:39 Added a player: 7d44a9fe-9bd6-11ef-902d-6acb92f5d28c
2024/11/05 19:31:39 Added a player: 7d44aa08-9bd6-11ef-902d-6acb92f5d28c
2024/11/05 19:31:39 Added a player: 7d44aa1c-9bd6-11ef-902d-6acb92f5d28c
2024/11/05 19:31:39 Added a player: 7d44aa30-9bd6-11ef-902d-6acb92f5d28c
2024/11/05 19:31:39 Added a player: 7d44aa44-9bd6-11ef-902d-6acb92f5d28c
2024/11/05 19:31:39 Added a player: 7d44aa58-9bd6-11ef-902d-6acb92f5d28c
2024/11/05 19:31:39 Added a player: 7d44aa6c-9bd6-11ef-902d-6acb92f5d28c
2024/11/05 19:31:39 Added a player: 7d44aa80-9bd6-11ef-902d-6acb92f5d28c
2024/11/05 19:31:39 Added a player: 7d44aa94-9bd6-11ef-902d-6acb92f5d28c
2024/11/05 19:31:39 Added a player: 7d44aaa8-9bd6-11ef-902d-6acb92f5d28c
2024/11/05 19:31:39 Added a player: 7d44aab2-9bd6-11ef-902d-6acb92f5d28c
2024/11/05 19:31:39 Added a player: 7d44aac6-9bd6-11ef-902d-6acb92f5d28c
2024/11/05 19:31:39 Added a player: 7d44aada-9bd6-11ef-902d-6acb92f5d28c
2024/11/05 19:31:39 Added a player: 7d44aaee-9bd6-11ef-902d-6acb92f5d28c
2024/11/05 19:31:39 Added a player: 7d44ab02-9bd6-11ef-902d-6acb92f5d28c
2024/11/05 19:31:39 Added a player: 7d44ab16-9bd6-11ef-902d-6acb92f5d28c
2024/11/05 19:31:39 Added a player: 7d44ab20-9bd6-11ef-902d-6acb92f5d28c
2024/11/05 19:31:39 Added a player: 7d44ab34-9bd6-11ef-902d-6acb92f5d28c
2024/11/05 19:31:39 Added a player: 7d44ab48-9bd6-11ef-902d-6acb92f5d28c
2024/11/05 19:31:39 Added a player: 7d44ab5c-9bd6-11ef-902d-6acb92f5d28c
2024/11/05 19:31:39 Added a player: 7d44ab70-9bd6-11ef-902d-6acb92f5d28c
2024/11/05 19:31:39 Added a player: 7d44ab84-9bd6-11ef-902d-6acb92f5d28c
2024/11/05 19:31:39 Added a player: 7d44ab8e-9bd6-11ef-902d-6acb92f5d28c
2024/11/05 19:31:39 Added a player: 7d44aba2-9bd6-11ef-902d-6acb92f5d28c
2024/11/05 19:31:39 Added a player: 7d44abb6-9bd6-11ef-902d-6acb92f5d28c
2024/11/05 19:31:39 Added a player: 7d44abca-9bd6-11ef-902d-6acb92f5d28c
2024/11/05 19:31:39 Added a player: 7d44abde-9bd6-11ef-902d-6acb92f5d28c
2024/11/05 19:31:39 Added a player: 7d44abf2-9bd6-11ef-902d-6acb92f5d28c
2024/11/05 19:31:39 Added a player: 7d44ac06-9bd6-11ef-902d-6acb92f5d28c
2024/11/05 19:31:39 Added a player: 7d44ac1a-9bd6-11ef-902d-6acb92f5d28c
2024/11/05 19:31:39 Added a player: 7d44ac2e-9bd6-11ef-902d-6acb92f5d28c
2024/11/05 19:31:39 Added a player: 7d44ac38-9bd6-11ef-902d-6acb92f5d28c
2024/11/05 19:31:39 Added a player: 7d44ac4c-9bd6-11ef-902d-6acb92f5d28c
2024/11/05 19:31:39 Added a player: 7d44ac60-9bd6-11ef-902d-6acb92f5d28c
2024/11/05 19:31:39 Added a player: 7d44ac74-9bd6-11ef-902d-6acb92f5d28c
2024/11/05 19:31:39 Added a player: 7d44ac88-9bd6-11ef-902d-6acb92f5d28c
2024/11/05 19:31:39 Added a player: 7d44ac9c-9bd6-11ef-902d-6acb92f5d28c
2024/11/05 19:31:39 Added a player: 7d44aca6-9bd6-11ef-902d-6acb92f5d28c
2024/11/05 19:31:39 Added a player: 7d44acce-9bd6-11ef-902d-6acb92f5d28c
2024/11/05 19:31:39 Added a player: 7d44acd8-9bd6-11ef-902d-6acb92f5d28c
2024/11/05 19:31:39 Added a player: 7d44acec-9bd6-11ef-902d-6acb92f5d28c
2024/11/05 19:31:39 Added a player: 7d44ad00-9bd6-11ef-902d-6acb92f5d28c
2024/11/05 19:31:39 Added a player: 7d44ad0a-9bd6-11ef-902d-6acb92f5d28c
2024/11/05 19:31:39 Added a player: 7d44ad1e-9bd6-11ef-902d-6acb92f5d28c
2024/11/05 19:31:39 Added a player: 7d44ad32-9bd6-11ef-902d-6acb92f5d28c
2024/11/05 19:31:39 Added a player: 7d44ad46-9bd6-11ef-902d-6acb92f5d28c
2024/11/05 19:31:39 Added a player: 7d44ad50-9bd6-11ef-902d-6acb92f5d28c
2024/11/05 19:31:39 Added a player: 7d44ad64-9bd6-11ef-902d-6acb92f5d28c
2024/11/05 19:31:39 Added a player: 7d44ad78-9bd6-11ef-902d-6acb92f5d28c
2024/11/05 19:31:39 Added a player: 7d44ad82-9bd6-11ef-902d-6acb92f5d28c
2024/11/05 19:31:39 Added a player: 7d44ad96-9bd6-11ef-902d-6acb92f5d28c
2024/11/05 19:31:39 Added a player: 7d44adaa-9bd6-11ef-902d-6acb92f5d28c
2024/11/05 19:31:39 Added a player: 7d44adb4-9bd6-11ef-902d-6acb92f5d28c
2024/11/05 19:31:39 Added a player: 7d44adc8-9bd6-11ef-902d-6acb92f5d28c
2024/11/05 19:31:39 Added a player: 7d44addc-9bd6-11ef-902d-6acb92f5d28c
2024/11/05 19:31:39 Added a player: 7d44adf0-9bd6-11ef-902d-6acb92f5d28c
2024/11/05 19:31:39 Added a player: 7d44adfa-9bd6-11ef-902d-6acb92f5d28c
2024/11/05 19:31:39 Added a player: 7d44ae0e-9bd6-11ef-902d-6acb92f5d28c
2024/11/05 19:31:39 Added a player: 7d44ae22-9bd6-11ef-902d-6acb92f5d28c
2024/11/05 19:31:39 Added a player: 7d44ae2c-9bd6-11ef-902d-6acb92f5d28c
2024/11/05 19:31:39 Added a player: 7d44ae40-9bd6-11ef-902d-6acb92f5d28c
2024/11/05 19:31:39 Added a player: 7d44ae54-9bd6-11ef-902d-6acb92f5d28c
2024/11/05 19:31:39 Added a player: 7d44ae5e-9bd6-11ef-902d-6acb92f5d28c
2024/11/05 19:31:39 Added a player: 7d44ae72-9bd6-11ef-902d-6acb92f5d28c
2024/11/05 19:31:39 Added a player: 7d44ae86-9bd6-11ef-902d-6acb92f5d28c
2024/11/05 19:31:39 Added a player: 7d44ae9a-9bd6-11ef-902d-6acb92f5d28c
2024/11/05 19:31:39 Added a player: 7d44aea4-9bd6-11ef-902d-6acb92f5d28c
2024/11/05 19:31:39 Added a player: 7d44aeb8-9bd6-11ef-902d-6acb92f5d28c
2024/11/05 19:31:39 Added a player: 7d44aecc-9bd6-11ef-902d-6acb92f5d28c
2024/11/05 19:31:39 Added a player: 7d44aed6-9bd6-11ef-902d-6acb92f5d28c
2024/11/05 19:31:39 Added a player: 7d44aeea-9bd6-11ef-902d-6acb92f5d28c
2024/11/05 19:31:39 Added a player: 7d44aefe-9bd6-11ef-902d-6acb92f5d28c
2024/11/05 19:31:39 Added a player: 7d44af08-9bd6-11ef-902d-6acb92f5d28c
2024/11/05 19:31:39 Added a player: 7d44af1c-9bd6-11ef-902d-6acb92f5d28c
2024/11/05 19:31:39 Added a player: 7d44af30-9bd6-11ef-902d-6acb92f5d28c
2024/11/05 19:31:39 Added a player: 7d44af44-9bd6-11ef-902d-6acb92f5d28c
2024/11/05 19:31:39 Added a player: 7d44af4e-9bd6-11ef-902d-6acb92f5d28c
2024/11/05 19:31:39 Added a player: 7d44af62-9bd6-11ef-902d-6acb92f5d28c
2024/11/05 19:31:39 Added a player: 7d44af76-9bd6-11ef-902d-6acb92f5d28c
2024/11/05 19:31:39 Added a player: 7d44af80-9bd6-11ef-902d-6acb92f5d28c
2024/11/05 19:31:39 Added a player: 7d44af9e-9bd6-11ef-902d-6acb92f5d28c
2024/11/05 19:31:39 Added a player: 7d44afb2-9bd6-11ef-902d-6acb92f5d28c
2024/11/05 19:31:39 Added a player: 7d44afc6-9bd6-11ef-902d-6acb92f5d28c
2024/11/05 19:31:39 Added a player: 7d44afda-9bd6-11ef-902d-6acb92f5d28c
2024/11/05 19:31:39 Added a player: 7d44afe4-9bd6-11ef-902d-6acb92f5d28c
2024/11/05 19:31:39 Added a player: 7d44aff8-9bd6-11ef-902d-6acb92f5d28c
2024/11/05 19:31:39 Added a player: 7d44b00c-9bd6-11ef-902d-6acb92f5d28c
2024/11/05 19:31:39 Added a player: 7d44b020-9bd6-11ef-902d-6acb92f5d28c
2024/11/05 19:31:39 Added a player: 7d44b034-9bd6-11ef-902d-6acb92f5d28c
2024/11/05 19:31:39 Added a player: 7d44b03e-9bd6-11ef-902d-6acb92f5d28c
2024/11/05 19:31:39 Added a player: 7d44b052-9bd6-11ef-902d-6acb92f5d28c
2024/11/05 19:31:39 Added a player: 7d44b066-9bd6-11ef-902d-6acb92f5d28c
2024/11/05 19:31:39 Added a player: 7d44b07a-9bd6-11ef-902d-6acb92f5d28c
2024/11/05 19:31:39 Added a player: 7d44b084-9bd6-11ef-902d-6acb92f5d28c
2024/11/05 19:31:39 Added a player: 7d44b098-9bd6-11ef-902d-6acb92f5d28c
2024/11/05 19:31:39 Added a player: 7d44b0ac-9bd6-11ef-902d-6acb92f5d28c
2024/11/05 19:31:39 Added a player: 7d44b0b6-9bd6-11ef-902d-6acb92f5d28c
2024/11/05 19:31:39 Added a player: 7d44b0ca-9bd6-11ef-902d-6acb92f5d28c
2024/11/05 19:31:39 Added a player: 7d44b0de-9bd6-11ef-902d-6acb92f5d28c
2024/11/05 19:31:39 Added a player: 7d44b0f2-9bd6-11ef-902d-6acb92f5d28c
2024/11/05 19:31:39 Added a player: 7d44b0fc-9bd6-11ef-902d-6acb92f5d28c
2024/11/05 19:31:39 Added a player: 7d44b110-9bd6-11ef-902d-6acb92f5d28c
2024/11/05 19:31:39 Added a player: 7d44b124-9bd6-11ef-902d-6acb92f5d28c
2024/11/05 19:31:39 Added a player: 7d44b138-9bd6-11ef-902d-6acb92f5d28c
2024/11/05 19:31:39 Added a player: 7d44b142-9bd6-11ef-902d-6acb92f5d28c
2024/11/05 19:31:39 Added a player: 7d44b156-9bd6-11ef-902d-6acb92f5d28c
2024/11/05 19:31:39 Added a player: 7d44b16a-9bd6-11ef-902d-6acb92f5d28c
2024/11/05 19:31:39 Added a player: 7d44b174-9bd6-11ef-902d-6acb92f5d28c
2024/11/05 19:31:39 Added a player: 7d44b188-9bd6-11ef-902d-6acb92f5d28c
2024/11/05 19:31:39 Added a player: 7d44b19c-9bd6-11ef-902d-6acb92f5d28c
2024/11/05 19:31:39 Added a player: 7d44b1b0-9bd6-11ef-902d-6acb92f5d28c
2024/11/05 19:31:39 Added a player: 7d44b1ba-9bd6-11ef-902d-6acb92f5d28c
2024/11/05 19:31:39 Added a player: 7d44b1ce-9bd6-11ef-902d-6acb92f5d28c
2024/11/05 19:31:39 Added a player: 7d44b1e2-9bd6-11ef-902d-6acb92f5d28c
2024/11/05 19:31:39 Added a player: 7d44b1ec-9bd6-11ef-902d-6acb92f5d28c
2024/11/05 19:31:39 Added a player: 7d44b200-9bd6-11ef-902d-6acb92f5d28c
2024/11/05 19:31:39 Added a player: 7d44b214-9bd6-11ef-902d-6acb92f5d28c
2024/11/05 19:31:39 Added a player: 7d44b21e-9bd6-11ef-902d-6acb92f5d28c
2024/11/05 19:31:39 Added a player: 7d44b232-9bd6-11ef-902d-6acb92f5d28c
2024/11/05 19:31:39 Added a player: 7d44b246-9bd6-11ef-902d-6acb92f5d28c
2024/11/05 19:31:39 Added a player: 7d44b250-9bd6-11ef-902d-6acb92f5d28c
2024/11/05 19:31:39 Added a player: 7d44b264-9bd6-11ef-902d-6acb92f5d28c
2024/11/05 19:31:39 Added a player: 7d44b278-9bd6-11ef-902d-6acb92f5d28c
2024/11/05 19:31:39 Added a player: 7d44b28c-9bd6-11ef-902d-6acb92f5d28c
2024/11/05 19:31:39 Added a player: 7d44b296-9bd6-11ef-902d-6acb92f5d28c
2024/11/05 19:31:39 Added a player: 7d44b2aa-9bd6-11ef-902d-6acb92f5d28c
2024/11/05 19:31:39 Added a player: 7d44b2be-9bd6-11ef-902d-6acb92f5d28c
2024/11/05 19:31:39 Added a player: 7d44b2c8-9bd6-11ef-902d-6acb92f5d28c
2024/11/05 19:31:39 Added a player: 7d44b2dc-9bd6-11ef-902d-6acb92f5d28c
2024/11/05 19:31:39 Added a player: 7d44b2f0-9bd6-11ef-902d-6acb92f5d28c
2024/11/05 19:31:39 Added a player: 7d44b304-9bd6-11ef-902d-6acb92f5d28c
2024/11/05 19:31:39 Added a player: 7d44b30e-9bd6-11ef-902d-6acb92f5d28c
2024/11/05 19:31:39 Added a player: 7d44b322-9bd6-11ef-902d-6acb92f5d28c
2024/11/05 19:31:39 Added a player: 7d44b336-9bd6-11ef-902d-6acb92f5d28c
2024/11/05 19:31:39 Added a player: 7d44b34a-9bd6-11ef-902d-6acb92f5d28c
2024/11/05 19:31:39 Added a player: 7d44b354-9bd6-11ef-902d-6acb92f5d28c
2024/11/05 19:31:39 Added a player: 7d44b368-9bd6-11ef-902d-6acb92f5d28c
2024/11/05 19:31:39 Added a player: 7d44b37c-9bd6-11ef-902d-6acb92f5d28c
2024/11/05 19:31:39 Added a player: 7d44b386-9bd6-11ef-902d-6acb92f5d28c
2024/11/05 19:31:39 Added a player: 7d44b39a-9bd6-11ef-902d-6acb92f5d28c
2024/11/05 19:31:39 Added a player: 7d44b3ae-9bd6-11ef-902d-6acb92f5d28c
2024/11/05 19:31:39 Added a player: 7d44b3b8-9bd6-11ef-902d-6acb92f5d28c
2024/11/05 19:31:39 Added a player: 7d44b3cc-9bd6-11ef-902d-6acb92f5d28c
2024/11/05 19:31:39 Added a player: 7d44b3e0-9bd6-11ef-902d-6acb92f5d28c
2024/11/05 19:31:39 Added a player: 7d44b3f4-9bd6-11ef-902d-6acb92f5d28c
2024/11/05 19:31:39 Added a player: 7d44b3fe-9bd6-11ef-902d-6acb92f5d28c
2024/11/05 19:31:39 Added a player: 7d44b412-9bd6-11ef-902d-6acb92f5d28c
2024/11/05 19:31:39 Added a player: 7d44b426-9bd6-11ef-902d-6acb92f5d28c
2024/11/05 19:31:39 Added a player: 7d44b43a-9bd6-11ef-902d-6acb92f5d28c
2024/11/05 19:31:39 Added a player: 7d44b444-9bd6-11ef-902d-6acb92f5d28c
2024/11/05 19:31:39 Added a player: 7d44b458-9bd6-11ef-902d-6acb92f5d28c
2024/11/05 19:31:39 Added a player: 7d44b46c-9bd6-11ef-902d-6acb92f5d28c
2024/11/05 19:31:39 Added a player: 7d44b476-9bd6-11ef-902d-6acb92f5d28c
2024/11/05 19:31:39 Added a player: 7d44b48a-9bd6-11ef-902d-6acb92f5d28c
2024/11/05 19:31:39 Added a player: 7d44b49e-9bd6-11ef-902d-6acb92f5d28c
2024/11/05 19:31:39 Added a player: 7d44b4b2-9bd6-11ef-902d-6acb92f5d28c
2024/11/05 19:31:39 Added a player: 7d44b4bc-9bd6-11ef-902d-6acb92f5d28c
2024/11/05 19:31:39 Added a player: 7d44b4d0-9bd6-11ef-902d-6acb92f5d28c
2024/11/05 19:31:39 Added a player: 7d44b4e4-9bd6-11ef-902d-6acb92f5d28c
2024/11/05 19:31:39 Added a player: 7d44b4ee-9bd6-11ef-902d-6acb92f5d28c
2024/11/05 19:31:39 Added a player: 7d44b502-9bd6-11ef-902d-6acb92f5d28c
2024/11/05 19:31:39 Added a player: 7d44b516-9bd6-11ef-902d-6acb92f5d28c
2024/11/05 19:31:39 Added a player: 7d44b520-9bd6-11ef-902d-6acb92f5d28c
2024/11/05 19:31:39 Added a player: 7d44b534-9bd6-11ef-902d-6acb92f5d28c
2024/11/05 19:31:39 Added a player: 7d44b552-9bd6-11ef-902d-6acb92f5d28c
2024/11/05 19:31:39 Added a player: 7d44b566-9bd6-11ef-902d-6acb92f5d28c
2024/11/05 19:31:39 Added a player: 7d44b57a-9bd6-11ef-902d-6acb92f5d28c
2024/11/05 19:31:39 Added a player: 7d44b58e-9bd6-11ef-902d-6acb92f5d28c
2024/11/05 19:31:39 Added a player: 7d44b598-9bd6-11ef-902d-6acb92f5d28c
2024/11/05 19:31:39 Added a player: 7d44b5ac-9bd6-11ef-902d-6acb92f5d28c
2024/11/05 19:31:39 Added a player: 7d44b5c0-9bd6-11ef-902d-6acb92f5d28c
2024/11/05 19:31:39 Added a player: 7d44b5d4-9bd6-11ef-902d-6acb92f5d28c
2024/11/05 19:31:39 Added a player: 7d44b5de-9bd6-11ef-902d-6acb92f5d28c
2024/11/05 19:31:39 Added a player: 7d44b5f2-9bd6-11ef-902d-6acb92f5d28c
2024/11/05 19:31:39 Added a player: 7d44b606-9bd6-11ef-902d-6acb92f5d28c
2024/11/05 19:31:39 Added a player: 7d44b610-9bd6-11ef-902d-6acb92f5d28c
2024/11/05 19:31:39 Added a player: 7d44b624-9bd6-11ef-902d-6acb92f5d28c
2024/11/05 19:31:39 Added a player: 7d44b638-9bd6-11ef-902d-6acb92f5d28c
2024/11/05 19:31:39 Added a player: 7d44b642-9bd6-11ef-902d-6acb92f5d28c
2024/11/05 19:31:39 Added a player: 7d44b656-9bd6-11ef-902d-6acb92f5d28c
2024/11/05 19:31:39 Added a player: 7d44b66a-9bd6-11ef-902d-6acb92f5d28c
2024/11/05 19:31:39 Added a player: 7d44b67e-9bd6-11ef-902d-6acb92f5d28c
2024/11/05 19:31:39 Added a player: 7d44b688-9bd6-11ef-902d-6acb92f5d28c
2024/11/05 19:31:39 Added a player: 7d44b69c-9bd6-11ef-902d-6acb92f5d28c
2024/11/05 19:31:39 Added a player: 7d44b6b0-9bd6-11ef-902d-6acb92f5d28c
2024/11/05 19:31:39 Added a player: 7d44b6ba-9bd6-11ef-902d-6acb92f5d28c
2024/11/05 19:31:39 Added a player: 7d44b6ce-9bd6-11ef-902d-6acb92f5d28c
2024/11/05 19:31:39 Added a player: 7d44b6f6-9bd6-11ef-902d-6acb92f5d28c
2024/11/05 19:31:39 Added a player: 7d44b700-9bd6-11ef-902d-6acb92f5d28c
2024/11/05 19:31:39 Added a player: 7d44b714-9bd6-11ef-902d-6acb92f5d28c
2024/11/05 19:31:39 Added a player: 7d44b728-9bd6-11ef-902d-6acb92f5d28c
2024/11/05 19:31:39 Added a player: 7d44b73c-9bd6-11ef-902d-6acb92f5d28c
2024/11/05 19:31:39 Added a player: 7d44b746-9bd6-11ef-902d-6acb92f5d28c
2024/11/05 19:31:39 Added a player: 7d44b75a-9bd6-11ef-902d-6acb92f5d28c
2024/11/05 19:31:39 Added a player: 7d44b76e-9bd6-11ef-902d-6acb92f5d28c
2024/11/05 19:31:39 Added a player: 7d44b778-9bd6-11ef-902d-6acb92f5d28c
2024/11/05 19:31:39 Added a player: 7d44b78c-9bd6-11ef-902d-6acb92f5d28c
2024/11/05 19:31:39 Added a player: 7d44b7a0-9bd6-11ef-902d-6acb92f5d28c
2024/11/05 19:31:39 Added a player: 7d44b7b4-9bd6-11ef-902d-6acb92f5d28c
2024/11/05 19:31:39 Added a player: 7d44b7be-9bd6-11ef-902d-6acb92f5d28c
2024/11/05 19:31:39 Added a player: 7d44b7d2-9bd6-11ef-902d-6acb92f5d28c
2024/11/05 19:31:39 Added a player: 7d44b7e6-9bd6-11ef-902d-6acb92f5d28c
2024/11/05 19:31:39 Added a player: 7d44b7fa-9bd6-11ef-902d-6acb92f5d28c
2024/11/05 19:31:39 Added a player: 7d44b804-9bd6-11ef-902d-6acb92f5d28c
2024/11/05 19:31:39 Added a player: 7d44b818-9bd6-11ef-902d-6acb92f5d28c
2024/11/05 19:31:39 Added a player: 7d44b82c-9bd6-11ef-902d-6acb92f5d28c
2024/11/05 19:31:39 Added a player: 7d44b836-9bd6-11ef-902d-6acb92f5d28c
2024/11/05 19:31:39 Added a player: 7d44b84a-9bd6-11ef-902d-6acb92f5d28c
2024/11/05 19:31:39 Added a player: 7d44b85e-9bd6-11ef-902d-6acb92f5d28c
2024/11/05 19:31:39 Added a player: 7d44b868-9bd6-11ef-902d-6acb92f5d28c
2024/11/05 19:31:39 Added a player: 7d44b87c-9bd6-11ef-902d-6acb92f5d28c
2024/11/05 19:31:39 Added a player: 7d44b890-9bd6-11ef-902d-6acb92f5d28c
2024/11/05 19:31:39 Added a player: 7d44b8a4-9bd6-11ef-902d-6acb92f5d28c
2024/11/05 19:31:39 Added a player: 7d44b8ae-9bd6-11ef-902d-6acb92f5d28c
2024/11/05 19:31:39 Added a player: 7d44b8c2-9bd6-11ef-902d-6acb92f5d28c
2024/11/05 19:31:39 Added a player: 7d44b8cc-9bd6-11ef-902d-6acb92f5d28c
2024/11/05 19:31:39 Added a player: 7d44b8e0-9bd6-11ef-902d-6acb92f5d28c
2024/11/05 19:31:39 Added a player: 7d44b8ea-9bd6-11ef-902d-6acb92f5d28c
2024/11/05 19:31:39 Added a player: 7d44b8fe-9bd6-11ef-902d-6acb92f5d28c
2024/11/05 19:31:39 Added a player: 7d44b908-9bd6-11ef-902d-6acb92f5d28c
2024/11/05 19:31:39 Added a player: 7d44b91c-9bd6-11ef-902d-6acb92f5d28c
2024/11/05 19:31:39 Added a player: 7d44b930-9bd6-11ef-902d-6acb92f5d28c
2024/11/05 19:31:39 Added a player: 7d44b93a-9bd6-11ef-902d-6acb92f5d28c
2024/11/05 19:31:39 Added a player: 7d44b94e-9bd6-11ef-902d-6acb92f5d28c
2024/11/05 19:31:39 Added a player: 7d44b958-9bd6-11ef-902d-6acb92f5d28c
2024/11/05 19:31:39 Added a player: 7d44b96c-9bd6-11ef-902d-6acb92f5d28c
2024/11/05 19:31:39 Added a player: 7d44b976-9bd6-11ef-902d-6acb92f5d28c
2024/11/05 19:31:39 Added a player: 7d44b98a-9bd6-11ef-902d-6acb92f5d28c
2024/11/05 19:31:39 Added a player: 7d44b994-9bd6-11ef-902d-6acb92f5d28c
2024/11/05 19:31:39 Added a player: 7d44b9a8-9bd6-11ef-902d-6acb92f5d28c
2024/11/05 19:31:39 Added a player: 7d44b9bc-9bd6-11ef-902d-6acb92f5d28c
2024/11/05 19:31:39 Added a player: 7d44b9c6-9bd6-11ef-902d-6acb92f5d28c
2024/11/05 19:31:39 Added a player: 7d44b9da-9bd6-11ef-902d-6acb92f5d28c
2024/11/05 19:31:39 Added a player: 7d44b9e4-9bd6-11ef-902d-6acb92f5d28c
2024/11/05 19:31:39 Added a player: 7d44b9f8-9bd6-11ef-902d-6acb92f5d28c
2024/11/05 19:31:39 Added a player: 7d44ba02-9bd6-11ef-902d-6acb92f5d28c
2024/11/05 19:31:39 Added a player: 7d44ba16-9bd6-11ef-902d-6acb92f5d28c
2024/11/05 19:31:39 Added a player: 7d44ba20-9bd6-11ef-902d-6acb92f5d28c
2024/11/05 19:31:39 Added a player: 7d44ba34-9bd6-11ef-902d-6acb92f5d28c
2024/11/05 19:31:39 Added a player: 7d44ba3e-9bd6-11ef-902d-6acb92f5d28c
2024/11/05 19:31:39 Added a player: 7d44ba52-9bd6-11ef-902d-6acb92f5d28c
2024/11/05 19:31:39 Added a player: 7d44ba5c-9bd6-11ef-902d-6acb92f5d28c
2024/11/05 19:31:39 Added a player: 7d44ba70-9bd6-11ef-902d-6acb92f5d28c
2024/11/05 19:31:39 Added a player: 7d44ba84-9bd6-11ef-902d-6acb92f5d28c
2024/11/05 19:31:39 Added a player: 7d44ba8e-9bd6-11ef-902d-6acb92f5d28c
2024/11/05 19:31:39 Added a player: 7d44baa2-9bd6-11ef-902d-6acb92f5d28c
2024/11/05 19:31:39 Added a player: 7d44baac-9bd6-11ef-902d-6acb92f5d28c
2024/11/05 19:31:39 Added a player: 7d44bac0-9bd6-11ef-902d-6acb92f5d28c
2024/11/05 19:31:39 Added a player: 7d44baca-9bd6-11ef-902d-6acb92f5d28c
2024/11/05 19:31:39 Added a player: 7d44bade-9bd6-11ef-902d-6acb92f5d28c
2024/11/05 19:31:39 Added a player: 7d44baf2-9bd6-11ef-902d-6acb92f5d28c
2024/11/05 19:31:39 Added a player: 7d44bb06-9bd6-11ef-902d-6acb92f5d28c
2024/11/05 19:31:39 Added a player: 7d44bb1a-9bd6-11ef-902d-6acb92f5d28c
2024/11/05 19:31:39 Added a player: 7d44bb24-9bd6-11ef-902d-6acb92f5d28c
2024/11/05 19:31:39 Added a player: 7d44bb38-9bd6-11ef-902d-6acb92f5d28c
2024/11/05 19:31:39 Added a player: 7d44bb56-9bd6-11ef-902d-6acb92f5d28c
2024/11/05 19:31:39 Added a player: 7d44bb60-9bd6-11ef-902d-6acb92f5d28c
2024/11/05 19:31:39 Added a player: 7d44bb74-9bd6-11ef-902d-6acb92f5d28c
2024/11/05 19:31:39 Added a player: 7d44bb88-9bd6-11ef-902d-6acb92f5d28c
2024/11/05 19:31:39 Added a player: 7d44bb92-9bd6-11ef-902d-6acb92f5d28c
2024/11/05 19:31:39 Added a player: 7d44bba6-9bd6-11ef-902d-6acb92f5d28c
2024/11/05 19:31:39 Added a player: 7d44bbb0-9bd6-11ef-902d-6acb92f5d28c
2024/11/05 19:31:39 Added a player: 7d44bbc4-9bd6-11ef-902d-6acb92f5d28c
2024/11/05 19:31:39 Added a player: 7d44bbce-9bd6-11ef-902d-6acb92f5d28c
2024/11/05 19:31:39 Added a player: 7d44bbe2-9bd6-11ef-902d-6acb92f5d28c
2024/11/05 19:31:39 Added a player: 7d44bbf6-9bd6-11ef-902d-6acb92f5d28c
2024/11/05 19:31:39 Added a player: 7d44bc00-9bd6-11ef-902d-6acb92f5d28c
2024/11/05 19:31:39 Added a player: 7d44bc14-9bd6-11ef-902d-6acb92f5d28c
2024/11/05 19:31:39 Added a player: 7d44bc1e-9bd6-11ef-902d-6acb92f5d28c
2024/11/05 19:31:39 Added a player: 7d44bc32-9bd6-11ef-902d-6acb92f5d28c
2024/11/05 19:31:39 Added a player: 7d44bc3c-9bd6-11ef-902d-6acb92f5d28c
2024/11/05 19:31:39 Added a player: 7d44bc50-9bd6-11ef-902d-6acb92f5d28c
2024/11/05 19:31:39 Added a player: 7d44bc5a-9bd6-11ef-902d-6acb92f5d28c
2024/11/05 19:31:39 Added a player: 7d44bc6e-9bd6-11ef-902d-6acb92f5d28c
2024/11/05 19:31:39 Added a player: 7d44bc82-9bd6-11ef-902d-6acb92f5d28c
2024/11/05 19:31:39 Added a player: 7d44bc8c-9bd6-11ef-902d-6acb92f5d28c
2024/11/05 19:31:39 Added a player: 7d44bca0-9bd6-11ef-902d-6acb92f5d28c
2024/11/05 19:31:39 Added a player: 7d44bcaa-9bd6-11ef-902d-6acb92f5d28c
2024/11/05 19:31:39 Added a player: 7d44bcbe-9bd6-11ef-902d-6acb92f5d28c
2024/11/05 19:31:39 Added a player: 7d44bcc8-9bd6-11ef-902d-6acb92f5d28c
2024/11/05 19:31:39 Added a player: 7d44bcdc-9bd6-11ef-902d-6acb92f5d28c
2024/11/05 19:31:39 Added a player: 7d44bce6-9bd6-11ef-902d-6acb92f5d28c
2024/11/05 19:31:39 Added a player: 7d44bcfa-9bd6-11ef-902d-6acb92f5d28c
2024/11/05 19:31:39 Added a player: 7d44bd0e-9bd6-11ef-902d-6acb92f5d28c
2024/11/05 19:31:39 Added a player: 7d44bd18-9bd6-11ef-902d-6acb92f5d28c
2024/11/05 19:31:39 Added a player: 7d44bd2c-9bd6-11ef-902d-6acb92f5d28c
2024/11/05 19:31:39 Added a player: 7d44bd36-9bd6-11ef-902d-6acb92f5d28c
2024/11/05 19:31:39 Added a player: 7d44bd4a-9bd6-11ef-902d-6acb92f5d28c
2024/11/05 19:31:39 Added a player: 7d44bd54-9bd6-11ef-902d-6acb92f5d28c
2024/11/05 19:31:39 Added a player: 7d44bd68-9bd6-11ef-902d-6acb92f5d28c
2024/11/05 19:31:39 Added a player: 7d44bd7c-9bd6-11ef-902d-6acb92f5d28c
2024/11/05 19:31:39 Added a player: 7d44bd86-9bd6-11ef-902d-6acb92f5d28c
2024/11/05 19:31:39 Added a player: 7d44bd9a-9bd6-11ef-902d-6acb92f5d28c
2024/11/05 19:31:39 Added a player: 7d44bdae-9bd6-11ef-902d-6acb92f5d28c
2024/11/05 19:31:39 Added a player: 7d44bdb8-9bd6-11ef-902d-6acb92f5d28c
2024/11/05 19:31:39 Added a player: 7d44bdcc-9bd6-11ef-902d-6acb92f5d28c
2024/11/05 19:31:39 Added a player: 7d44bdd6-9bd6-11ef-902d-6acb92f5d28c
2024/11/05 19:31:39 Added a player: 7d44bdea-9bd6-11ef-902d-6acb92f5d28c
2024/11/05 19:31:39 Added a player: 7d44bdf4-9bd6-11ef-902d-6acb92f5d28c
2024/11/05 19:31:39 Added a player: 7d44be08-9bd6-11ef-902d-6acb92f5d28c
2024/11/05 19:31:39 Added a player: 7d44be12-9bd6-11ef-902d-6acb92f5d28c
2024/11/05 19:31:39 Added a player: 7d44be26-9bd6-11ef-902d-6acb92f5d28c
2024/11/05 19:31:39 Added a player: 7d44be30-9bd6-11ef-902d-6acb92f5d28c
2024/11/05 19:31:39 Added a player: 7d44be44-9bd6-11ef-902d-6acb92f5d28c
2024/11/05 19:31:39 Added a player: 7d44be58-9bd6-11ef-902d-6acb92f5d28c
2024/11/05 19:31:39 Added a player: 7d44be62-9bd6-11ef-902d-6acb92f5d28c
2024/11/05 19:31:39 Added a player: 7d44be76-9bd6-11ef-902d-6acb92f5d28c
2024/11/05 19:31:39 Added a player: 7d44be80-9bd6-11ef-902d-6acb92f5d28c
2024/11/05 19:31:39 Added a player: 7d44be94-9bd6-11ef-902d-6acb92f5d28c
2024/11/05 19:31:39 Added a player: 7d44be9e-9bd6-11ef-902d-6acb92f5d28c
2024/11/05 19:31:39 Added a player: 7d44beb2-9bd6-11ef-902d-6acb92f5d28c
2024/11/05 19:31:39 Added a player: 7d44bec6-9bd6-11ef-902d-6acb92f5d28c
2024/11/05 19:31:39 Added a player: 7d44bed0-9bd6-11ef-902d-6acb92f5d28c
2024/11/05 19:31:39 Added a player: 7d44bee4-9bd6-11ef-902d-6acb92f5d28c
2024/11/05 19:31:39 Added a player: 7d44beee-9bd6-11ef-902d-6acb92f5d28c
2024/11/05 19:31:39 Added a player: 7d44bf02-9bd6-11ef-902d-6acb92f5d28c
2024/11/05 19:31:39 Added a player: 7d44bf0c-9bd6-11ef-902d-6acb92f5d28c
2024/11/05 19:31:39 Added a player: 7d44bf20-9bd6-11ef-902d-6acb92f5d28c
2024/11/05 19:31:39 Added a player: 7d44bf2a-9bd6-11ef-902d-6acb92f5d28c
2024/11/05 19:31:39 Added a player: 7d44bf3e-9bd6-11ef-902d-6acb92f5d28c
2024/11/05 19:31:39 Added a player: 7d44bf48-9bd6-11ef-902d-6acb92f5d28c
2024/11/05 19:31:39 Added a player: 7d44bf5c-9bd6-11ef-902d-6acb92f5d28c
2024/11/05 19:31:39 Added a player: 7d44bf70-9bd6-11ef-902d-6acb92f5d28c
2024/11/05 19:31:39 Added a player: 7d44bf7a-9bd6-11ef-902d-6acb92f5d28c
2024/11/05 19:31:39 Added a player: 7d44bf8e-9bd6-11ef-902d-6acb92f5d28c
2024/11/05 19:31:39 Added a player: 7d44bf98-9bd6-11ef-902d-6acb92f5d28c
2024/11/05 19:31:39 Added a player: 7d44bfac-9bd6-11ef-902d-6acb92f5d28c
2024/11/05 19:31:39 Added a player: 7d44bfb6-9bd6-11ef-902d-6acb92f5d28c
2024/11/05 19:31:39 Added a player: 7d44bfca-9bd6-11ef-902d-6acb92f5d28c
2024/11/05 19:31:39 Added a player: 7d44bfd4-9bd6-11ef-902d-6acb92f5d28c
2024/11/05 19:31:39 Added a player: 7d44bfe8-9bd6-11ef-902d-6acb92f5d28c
2024/11/05 19:31:39 Added a player: 7d44bff2-9bd6-11ef-902d-6acb92f5d28c
2024/11/05 19:31:39 Added a player: 7d44c006-9bd6-11ef-902d-6acb92f5d28c
2024/11/05 19:31:39 Added a player: 7d44c01a-9bd6-11ef-902d-6acb92f5d28c
2024/11/05 19:31:39 Added a player: 7d44c038-9bd6-11ef-902d-6acb92f5d28c
2024/11/05 19:31:39 Added a player: 7d44c056-9bd6-11ef-902d-6acb92f5d28c
2024/11/05 19:31:39 Added a player: 7d44c06a-9bd6-11ef-902d-6acb92f5d28c
2024/11/05 19:31:39 Added a player: 7d44c074-9bd6-11ef-902d-6acb92f5d28c
2024/11/05 19:31:39 Added a player: 7d44c088-9bd6-11ef-902d-6acb92f5d28c
2024/11/05 19:31:39 Added a player: 7d44c092-9bd6-11ef-902d-6acb92f5d28c
2024/11/05 19:31:39 Added a player: 7d44c0a6-9bd6-11ef-902d-6acb92f5d28c
2024/11/05 19:31:39 Added a player: 7d44c0ba-9bd6-11ef-902d-6acb92f5d28c
2024/11/05 19:31:39 Added a player: 7d44c0c4-9bd6-11ef-902d-6acb92f5d28c
2024/11/05 19:31:39 Added a player: 7d44c0d8-9bd6-11ef-902d-6acb92f5d28c
2024/11/05 19:31:39 Added a player: 7d44c0e2-9bd6-11ef-902d-6acb92f5d28c
2024/11/05 19:31:39 Added a player: 7d44c0f6-9bd6-11ef-902d-6acb92f5d28c
2024/11/05 19:31:39 Added a player: 7d44c114-9bd6-11ef-902d-6acb92f5d28c
2024/11/05 19:31:39 Added a player: 7d44c128-9bd6-11ef-902d-6acb92f5d28c
2024/11/05 19:31:39 Added a player: 7d44c13c-9bd6-11ef-902d-6acb92f5d28c
2024/11/05 19:31:39 Added a player: 7d44c150-9bd6-11ef-902d-6acb92f5d28c
2024/11/05 19:31:39 Added a player: 7d44c164-9bd6-11ef-902d-6acb92f5d28c
2024/11/05 19:31:39 Added a player: 7d44c178-9bd6-11ef-902d-6acb92f5d28c
2024/11/05 19:31:39 Added a player: 7d44c18c-9bd6-11ef-902d-6acb92f5d28c
2024/11/05 19:31:39 Added a player: 7d44c1aa-9bd6-11ef-902d-6acb92f5d28c
2024/11/05 19:31:39 Added a player: 7d44c1be-9bd6-11ef-902d-6acb92f5d28c
2024/11/05 19:31:39 Added a player: 7d44c1d2-9bd6-11ef-902d-6acb92f5d28c
2024/11/05 19:31:39 Added a player: 7d44c1e6-9bd6-11ef-902d-6acb92f5d28c
2024/11/05 19:31:39 Added a player: 7d44c1fa-9bd6-11ef-902d-6acb92f5d28c
2024/11/05 19:31:39 Added a player: 7d44c20e-9bd6-11ef-902d-6acb92f5d28c
2024/11/05 19:31:39 Added a player: 7d44c22c-9bd6-11ef-902d-6acb92f5d28c
2024/11/05 19:31:39 Added a player: 7d44c240-9bd6-11ef-902d-6acb92f5d28c
2024/11/05 19:31:39 Added a player: 7d44c254-9bd6-11ef-902d-6acb92f5d28c
2024/11/05 19:31:39 Added a player: 7d44c268-9bd6-11ef-902d-6acb92f5d28c
2024/11/05 19:31:39 Added a player: 7d44c27c-9bd6-11ef-902d-6acb92f5d28c
2024/11/05 19:31:39 Added a player: 7d44c29a-9bd6-11ef-902d-6acb92f5d28c
2024/11/05 19:31:39 Added a player: 7d44c2ae-9bd6-11ef-902d-6acb92f5d28c
2024/11/05 19:31:39 Added a player: 7d44c2c2-9bd6-11ef-902d-6acb92f5d28c
2024/11/05 19:31:39 Added a player: 7d44c2cc-9bd6-11ef-902d-6acb92f5d28c
2024/11/05 19:31:39 Added a player: 7d44c2e0-9bd6-11ef-902d-6acb92f5d28c
2024/11/05 19:31:39 Added a player: 7d44c2f4-9bd6-11ef-902d-6acb92f5d28c
2024/11/05 19:31:39 Added a player: 7d44c2fe-9bd6-11ef-902d-6acb92f5d28c
2024/11/05 19:31:39 Added a player: 7d44c312-9bd6-11ef-902d-6acb92f5d28c
2024/11/05 19:31:39 Added a player: 7d44c326-9bd6-11ef-902d-6acb92f5d28c
2024/11/05 19:31:39 Added a player: 7d44c330-9bd6-11ef-902d-6acb92f5d28c
2024/11/05 19:31:39 Added a player: 7d44c344-9bd6-11ef-902d-6acb92f5d28c
2024/11/05 19:31:39 Added a player: 7d44c358-9bd6-11ef-902d-6acb92f5d28c
2024/11/05 19:31:39 Added a player: 7d44c36c-9bd6-11ef-902d-6acb92f5d28c
2024/11/05 19:31:39 Added a player: 7d44c376-9bd6-11ef-902d-6acb92f5d28c
2024/11/05 19:31:39 Added a player: 7d44c38a-9bd6-11ef-902d-6acb92f5d28c
2024/11/05 19:31:39 Added a player: 7d44c39e-9bd6-11ef-902d-6acb92f5d28c
2024/11/05 19:31:39 Added a player: 7d44c3a8-9bd6-11ef-902d-6acb92f5d28c
2024/11/05 19:31:39 Added a player: 7d44c3bc-9bd6-11ef-902d-6acb92f5d28c
2024/11/05 19:31:39 Added a player: 7d44c3d0-9bd6-11ef-902d-6acb92f5d28c
2024/11/05 19:31:39 Added a player: 7d44c3da-9bd6-11ef-902d-6acb92f5d28c
2024/11/05 19:31:39 Added a player: 7d44c3ee-9bd6-11ef-902d-6acb92f5d28c
2024/11/05 19:31:39 Added a player: 7d44c402-9bd6-11ef-902d-6acb92f5d28c
2024/11/05 19:31:39 Added a player: 7d44c40c-9bd6-11ef-902d-6acb92f5d28c
2024/11/05 19:31:39 Added a player: 7d44c420-9bd6-11ef-902d-6acb92f5d28c
2024/11/05 19:31:39 Added a player: 7d44c434-9bd6-11ef-902d-6acb92f5d28c
2024/11/05 19:31:39 Added a player: 7d44c448-9bd6-11ef-902d-6acb92f5d28c
2024/11/05 19:31:39 Added a player: 7d44c452-9bd6-11ef-902d-6acb92f5d28c
2024/11/05 19:31:39 Added a player: 7d44c466-9bd6-11ef-902d-6acb92f5d28c
2024/11/05 19:31:39 Added a player: 7d44c47a-9bd6-11ef-902d-6acb92f5d28c
2024/11/05 19:31:39 Added a player: 7d44c484-9bd6-11ef-902d-6acb92f5d28c
2024/11/05 19:31:39 Added a player: 7d44c498-9bd6-11ef-902d-6acb92f5d28c
2024/11/05 19:31:39 Added a player: 7d44c4ac-9bd6-11ef-902d-6acb92f5d28c
2024/11/05 19:31:39 Added a player: 7d44c4c0-9bd6-11ef-902d-6acb92f5d28c
2024/11/05 19:31:39 Added a player: 7d44c4ca-9bd6-11ef-902d-6acb92f5d28c
2024/11/05 19:31:39 Added a player: 7d44c4de-9bd6-11ef-902d-6acb92f5d28c
2024/11/05 19:31:39 Added a player: 7d44c4f2-9bd6-11ef-902d-6acb92f5d28c
2024/11/05 19:31:39 Added a player: 7d44c4fc-9bd6-11ef-902d-6acb92f5d28c
2024/11/05 19:31:39 Added a player: 7d44c510-9bd6-11ef-902d-6acb92f5d28c
2024/11/05 19:31:39 Added a player: 7d44c524-9bd6-11ef-902d-6acb92f5d28c
2024/11/05 19:31:39 Added a player: 7d44c538-9bd6-11ef-902d-6acb92f5d28c
2024/11/05 19:31:39 Added a player: 7d44c542-9bd6-11ef-902d-6acb92f5d28c
2024/11/05 19:31:39 Added a player: 7d44c556-9bd6-11ef-902d-6acb92f5d28c
2024/11/05 19:31:39 Added a player: 7d44c56a-9bd6-11ef-902d-6acb92f5d28c
2024/11/05 19:31:39 Added a player: 7d44c574-9bd6-11ef-902d-6acb92f5d28c
2024/11/05 19:31:39 Added a player: 7d44c588-9bd6-11ef-902d-6acb92f5d28c
2024/11/05 19:31:39 Added a player: 7d44c59c-9bd6-11ef-902d-6acb92f5d28c
2024/11/05 19:31:39 Added a player: 7d44c5a6-9bd6-11ef-902d-6acb92f5d28c
2024/11/05 19:31:39 Added a player: 7d44c5ba-9bd6-11ef-902d-6acb92f5d28c
2024/11/05 19:31:39 Added a player: 7d44c5e2-9bd6-11ef-902d-6acb92f5d28c
2024/11/05 19:31:39 Added a player: 7d44c5f6-9bd6-11ef-902d-6acb92f5d28c
2024/11/05 19:31:39 Added a player: 7d44c60a-9bd6-11ef-902d-6acb92f5d28c
2024/11/05 19:31:39 Added a player: 7d44c61e-9bd6-11ef-902d-6acb92f5d28c
2024/11/05 19:31:39 Added a player: 7d44c63c-9bd6-11ef-902d-6acb92f5d28c
2024/11/05 19:31:39 Added a player: 7d44c650-9bd6-11ef-902d-6acb92f5d28c
2024/11/05 19:31:39 Added a player: 7d44c664-9bd6-11ef-902d-6acb92f5d28c
2024/11/05 19:31:39 Added a player: 7d44c678-9bd6-11ef-902d-6acb92f5d28c
2024/11/05 19:31:39 Added a player: 7d44c68c-9bd6-11ef-902d-6acb92f5d28c
2024/11/05 19:31:39 Added a player: 7d44c6a0-9bd6-11ef-902d-6acb92f5d28c
2024/11/05 19:31:39 Added a player: 7d44c6b4-9bd6-11ef-902d-6acb92f5d28c
2024/11/05 19:31:39 Added a player: 7d44c6c8-9bd6-11ef-902d-6acb92f5d28c
2024/11/05 19:31:39 Added a player: 7d44c6dc-9bd6-11ef-902d-6acb92f5d28c
2024/11/05 19:31:39 Added a player: 7d44c6fa-9bd6-11ef-902d-6acb92f5d28c
2024/11/05 19:31:39 Added a player: 7d44c70e-9bd6-11ef-902d-6acb92f5d28c
2024/11/05 19:31:39 Added a player: 7d44c722-9bd6-11ef-902d-6acb92f5d28c
2024/11/05 19:31:39 Added a player: 7d44c736-9bd6-11ef-902d-6acb92f5d28c
2024/11/05 19:31:39 Added a player: 7d44c74a-9bd6-11ef-902d-6acb92f5d28c
2024/11/05 19:31:39 Added a player: 7d44c754-9bd6-11ef-902d-6acb92f5d28c
2024/11/05 19:31:39 Added a player: 7d44c768-9bd6-11ef-902d-6acb92f5d28c
2024/11/05 19:31:39 Added a player: 7d44c77c-9bd6-11ef-902d-6acb92f5d28c
2024/11/05 19:31:39 Added a player: 7d44c790-9bd6-11ef-902d-6acb92f5d28c
2024/11/05 19:31:39 Added a player: 7d44c7a4-9bd6-11ef-902d-6acb92f5d28c
2024/11/05 19:31:39 Added a player: 7d44c7b8-9bd6-11ef-902d-6acb92f5d28c
2024/11/05 19:31:39 Added a player: 7d44c7cc-9bd6-11ef-902d-6acb92f5d28c
2024/11/05 19:31:39 Added a player: 7d44c7d6-9bd6-11ef-902d-6acb92f5d28c
2024/11/05 19:31:39 Added a player: 7d44c7ea-9bd6-11ef-902d-6acb92f5d28c
2024/11/05 19:31:39 Added a player: 7d44c7fe-9bd6-11ef-902d-6acb92f5d28c
2024/11/05 19:31:39 Added a player: 7d44c812-9bd6-11ef-902d-6acb92f5d28c
2024/11/05 19:31:39 Added a player: 7d44c826-9bd6-11ef-902d-6acb92f5d28c
2024/11/05 19:31:39 Added a player: 7d44c83a-9bd6-11ef-902d-6acb92f5d28c
2024/11/05 19:31:39 Added a player: 7d44c844-9bd6-11ef-902d-6acb92f5d28c
2024/11/05 19:31:39 Added a player: 7d44c858-9bd6-11ef-902d-6acb92f5d28c
2024/11/05 19:31:39 Added a player: 7d44c86c-9bd6-11ef-902d-6acb92f5d28c
2024/11/05 19:31:39 Added a player: 7d44c880-9bd6-11ef-902d-6acb92f5d28c
2024/11/05 19:31:39 Added a player: 7d44c894-9bd6-11ef-902d-6acb92f5d28c
2024/11/05 19:31:39 Added a player: 7d44c8a8-9bd6-11ef-902d-6acb92f5d28c
2024/11/05 19:31:39 Added a player: 7d44c8b2-9bd6-11ef-902d-6acb92f5d28c
2024/11/05 19:31:39 Added a player: 7d44c8c6-9bd6-11ef-902d-6acb92f5d28c
2024/11/05 19:31:39 Added a player: 7d44c8da-9bd6-11ef-902d-6acb92f5d28c
2024/11/05 19:31:39 Added a player: 7d44c8ee-9bd6-11ef-902d-6acb92f5d28c
2024/11/05 19:31:39 Added a player: 7d44c8f8-9bd6-11ef-902d-6acb92f5d28c
2024/11/05 19:31:39 Added a player: 7d44c90c-9bd6-11ef-902d-6acb92f5d28c
2024/11/05 19:31:39 Added a player: 7d44c920-9bd6-11ef-902d-6acb92f5d28c
2024/11/05 19:31:39 Added a player: 7d44c934-9bd6-11ef-902d-6acb92f5d28c
2024/11/05 19:31:39 Added a player: 7d44c948-9bd6-11ef-902d-6acb92f5d28c
2024/11/05 19:31:39 Added a player: 7d44c95c-9bd6-11ef-902d-6acb92f5d28c
2024/11/05 19:31:39 Added a player: 7d44c966-9bd6-11ef-902d-6acb92f5d28c
2024/11/05 19:31:39 Added a player: 7d44c97a-9bd6-11ef-902d-6acb92f5d28c
2024/11/05 19:31:39 Added a player: 7d44c98e-9bd6-11ef-902d-6acb92f5d28c
2024/11/05 19:31:39 Added a player: 7d44c9a2-9bd6-11ef-902d-6acb92f5d28c
2024/11/05 19:31:39 Added a player: 7d44c9ac-9bd6-11ef-902d-6acb92f5d28c
2024/11/05 19:31:39 Added a player: 7d44c9c0-9bd6-11ef-902d-6acb92f5d28c
2024/11/05 19:31:39 Added a player: 7d44c9d4-9bd6-11ef-902d-6acb92f5d28c
2024/11/05 19:31:39 Added a player: 7d44c9e8-9bd6-11ef-902d-6acb92f5d28c
2024/11/05 19:31:39 Added a player: 7d44c9fc-9bd6-11ef-902d-6acb92f5d28c
2024/11/05 19:31:39 Added a player: 7d44ca10-9bd6-11ef-902d-6acb92f5d28c
2024/11/05 19:31:39 Added a player: 7d44ca24-9bd6-11ef-902d-6acb92f5d28c
2024/11/05 19:31:39 Added a player: 7d44ca38-9bd6-11ef-902d-6acb92f5d28c
2024/11/05 19:31:39 Added a player: 7d44ca42-9bd6-11ef-902d-6acb92f5d28c
2024/11/05 19:31:39 Added a player: 7d44ca56-9bd6-11ef-902d-6acb92f5d28c
2024/11/05 19:31:39 Added a player: 7d44ca6a-9bd6-11ef-902d-6acb92f5d28c
2024/11/05 19:31:39 Added a player: 7d44ca7e-9bd6-11ef-902d-6acb92f5d28c
2024/11/05 19:31:39 Added a player: 7d44ca92-9bd6-11ef-902d-6acb92f5d28c
2024/11/05 19:31:39 Added a player: 7d44caa6-9bd6-11ef-902d-6acb92f5d28c
2024/11/05 19:31:39 Added a player: 7d44caba-9bd6-11ef-902d-6acb92f5d28c
2024/11/05 19:31:39 Added a player: 7d44cace-9bd6-11ef-902d-6acb92f5d28c
2024/11/05 19:31:39 Added a player: 7d44cae2-9bd6-11ef-902d-6acb92f5d28c
2024/11/05 19:31:39 Added a player: 7d44caf6-9bd6-11ef-902d-6acb92f5d28c
2024/11/05 19:31:39 Added a player: 7d44cb00-9bd6-11ef-902d-6acb92f5d28c
2024/11/05 19:31:39 Added a player: 7d44cb14-9bd6-11ef-902d-6acb92f5d28c
2024/11/05 19:31:39 Added a player: 7d44cb28-9bd6-11ef-902d-6acb92f5d28c
2024/11/05 19:31:39 Added a player: 7d44cb3c-9bd6-11ef-902d-6acb92f5d28c
2024/11/05 19:31:39 Added a player: 7d44cb50-9bd6-11ef-902d-6acb92f5d28c
2024/11/05 19:31:39 Added a player: 7d44cb64-9bd6-11ef-902d-6acb92f5d28c
2024/11/05 19:31:39 Added a player: 7d44cb6e-9bd6-11ef-902d-6acb92f5d28c
2024/11/05 19:31:39 Added a player: 7d44cb82-9bd6-11ef-902d-6acb92f5d28c
2024/11/05 19:31:39 Added a player: 7d44cb96-9bd6-11ef-902d-6acb92f5d28c
2024/11/05 19:31:39 Added a player: 7d44cbaa-9bd6-11ef-902d-6acb92f5d28c
2024/11/05 19:31:39 Added a player: 7d44cbbe-9bd6-11ef-902d-6acb92f5d28c
2024/11/05 19:31:39 Added a player: 7d44cbc8-9bd6-11ef-902d-6acb92f5d28c
2024/11/05 19:31:39 Added a player: 7d44cbdc-9bd6-11ef-902d-6acb92f5d28c
2024/11/05 19:31:39 Added a player: 7d44cbf0-9bd6-11ef-902d-6acb92f5d28c
2024/11/05 19:31:39 Added a player: 7d44cc04-9bd6-11ef-902d-6acb92f5d28c
2024/11/05 19:31:39 Added a player: 7d44cc18-9bd6-11ef-902d-6acb92f5d28c
2024/11/05 19:31:39 Added a player: 7d44cc22-9bd6-11ef-902d-6acb92f5d28c
2024/11/05 19:31:39 Added a player: 7d44cc36-9bd6-11ef-902d-6acb92f5d28c
2024/11/05 19:31:39 Added a player: 7d44cc4a-9bd6-11ef-902d-6acb92f5d28c
2024/11/05 19:31:39 Added a player: 7d44cc5e-9bd6-11ef-902d-6acb92f5d28c
2024/11/05 19:31:39 Added a player: 7d44cc68-9bd6-11ef-902d-6acb92f5d28c
2024/11/05 19:31:39 Added a player: 7d44cc7c-9bd6-11ef-902d-6acb92f5d28c
2024/11/05 19:31:39 Added a player: 7d44cc90-9bd6-11ef-902d-6acb92f5d28c
2024/11/05 19:31:39 Added a player: 7d44cca4-9bd6-11ef-902d-6acb92f5d28c
2024/11/05 19:31:39 Added a player: 7d44ccc2-9bd6-11ef-902d-6acb92f5d28c
2024/11/05 19:31:39 Added a player: 7d44ccd6-9bd6-11ef-902d-6acb92f5d28c
2024/11/05 19:31:39 Added a player: 7d44ccea-9bd6-11ef-902d-6acb92f5d28c
2024/11/05 19:31:39 Added a player: 7d44ccf4-9bd6-11ef-902d-6acb92f5d28c
2024/11/05 19:31:39 Added a player: 7d44cd08-9bd6-11ef-902d-6acb92f5d28c
2024/11/05 19:31:39 Added a player: 7d44cd1c-9bd6-11ef-902d-6acb92f5d28c
2024/11/05 19:31:39 Added a player: 7d44cd26-9bd6-11ef-902d-6acb92f5d28c
2024/11/05 19:31:39 Added a player: 7d44cd3a-9bd6-11ef-902d-6acb92f5d28c
2024/11/05 19:31:39 Added a player: 7d44cd4e-9bd6-11ef-902d-6acb92f5d28c
2024/11/05 19:31:39 Added a player: 7d44cd62-9bd6-11ef-902d-6acb92f5d28c
2024/11/05 19:31:39 Added a player: 7d44cd6c-9bd6-11ef-902d-6acb92f5d28c
2024/11/05 19:31:39 Added a player: 7d44cd80-9bd6-11ef-902d-6acb92f5d28c
2024/11/05 19:31:39 Added a player: 7d44cd94-9bd6-11ef-902d-6acb92f5d28c
2024/11/05 19:31:39 Added a player: 7d44cd9e-9bd6-11ef-902d-6acb92f5d28c
2024/11/05 19:31:39 Added a player: 7d44cdb2-9bd6-11ef-902d-6acb92f5d28c
2024/11/05 19:31:39 Added a player: 7d44cdc6-9bd6-11ef-902d-6acb92f5d28c
2024/11/05 19:31:39 Added a player: 7d44cdd0-9bd6-11ef-902d-6acb92f5d28c
2024/11/05 19:31:39 Added a player: 7d44cde4-9bd6-11ef-902d-6acb92f5d28c
2024/11/05 19:31:39 Added a player: 7d44cdf8-9bd6-11ef-902d-6acb92f5d28c
2024/11/05 19:31:39 Added a player: 7d44ce02-9bd6-11ef-902d-6acb92f5d28c
2024/11/05 19:31:39 Added a player: 7d44ce16-9bd6-11ef-902d-6acb92f5d28c
2024/11/05 19:31:39 Added a player: 7d44ce2a-9bd6-11ef-902d-6acb92f5d28c
2024/11/05 19:31:39 Added a player: 7d44ce3e-9bd6-11ef-902d-6acb92f5d28c
2024/11/05 19:31:39 Added a player: 7d44ce48-9bd6-11ef-902d-6acb92f5d28c
2024/11/05 19:31:39 Added a player: 7d44ce5c-9bd6-11ef-902d-6acb92f5d28c
2024/11/05 19:31:39 Added a player: 7d44ce70-9bd6-11ef-902d-6acb92f5d28c
2024/11/05 19:31:39 Added a player: 7d44ce7a-9bd6-11ef-902d-6acb92f5d28c
2024/11/05 19:31:39 Added a player: 7d44ce8e-9bd6-11ef-902d-6acb92f5d28c
2024/11/05 19:31:39 Added a player: 7d44cea2-9bd6-11ef-902d-6acb92f5d28c
2024/11/05 19:31:39 Added a player: 7d44ceac-9bd6-11ef-902d-6acb92f5d28c
2024/11/05 19:31:39 Added a player: 7d44cec0-9bd6-11ef-902d-6acb92f5d28c
2024/11/05 19:31:39 Added a player: 7d44ced4-9bd6-11ef-902d-6acb92f5d28c
2024/11/05 19:31:39 Added a player: 7d44cede-9bd6-11ef-902d-6acb92f5d28c
2024/11/05 19:31:39 Added a player: 7d44cef2-9bd6-11ef-902d-6acb92f5d28c
2024/11/05 19:31:39 Added a player: 7d44cf06-9bd6-11ef-902d-6acb92f5d28c
2024/11/05 19:31:39 Added a player: 7d44cf10-9bd6-11ef-902d-6acb92f5d28c
2024/11/05 19:31:39 Added a player: 7d44cf24-9bd6-11ef-902d-6acb92f5d28c
2024/11/05 19:31:39 Added a player: 7d44cf38-9bd6-11ef-902d-6acb92f5d28c
2024/11/05 19:31:39 Added a player: 7d44cf4c-9bd6-11ef-902d-6acb92f5d28c
2024/11/05 19:31:39 Added a player: 7d44cf60-9bd6-11ef-902d-6acb92f5d28c
2024/11/05 19:31:39 Added a player: 7d44cf6a-9bd6-11ef-902d-6acb92f5d28c
2024/11/05 19:31:39 Added a player: 7d44cf7e-9bd6-11ef-902d-6acb92f5d28c
2024/11/05 19:31:39 Added a player: 7d44cf92-9bd6-11ef-902d-6acb92f5d28c
2024/11/05 19:31:39 Added a player: 7d44cf9c-9bd6-11ef-902d-6acb92f5d28c
2024/11/05 19:31:39 Added a player: 7d44cfb0-9bd6-11ef-902d-6acb92f5d28c
2024/11/05 19:31:39 Added a player: 7d44cfc4-9bd6-11ef-902d-6acb92f5d28c
2024/11/05 19:31:39 Added a player: 7d44cfce-9bd6-11ef-902d-6acb92f5d28c
2024/11/05 19:31:39 Added a player: 7d44cfe2-9bd6-11ef-902d-6acb92f5d28c
2024/11/05 19:31:39 Added a player: 7d44cff6-9bd6-11ef-902d-6acb92f5d28c
2024/11/05 19:31:39 Added a player: 7d44d00a-9bd6-11ef-902d-6acb92f5d28c
2024/11/05 19:31:39 Added a player: 7d44d014-9bd6-11ef-902d-6acb92f5d28c
2024/11/05 19:31:39 Added a player: 7d44d028-9bd6-11ef-902d-6acb92f5d28c
2024/11/05 19:31:39 Added a player: 7d44d03c-9bd6-11ef-902d-6acb92f5d28c
2024/11/05 19:31:39 Added a player: 7d44d046-9bd6-11ef-902d-6acb92f5d28c
2024/11/05 19:31:39 Added a player: 7d44d05a-9bd6-11ef-902d-6acb92f5d28c
2024/11/05 19:31:39 Added a player: 7d44d06e-9bd6-11ef-902d-6acb92f5d28c
2024/11/05 19:31:39 Added a player: 7d44d078-9bd6-11ef-902d-6acb92f5d28c
2024/11/05 19:31:39 Added a player: 7d44d08c-9bd6-11ef-902d-6acb92f5d28c
2024/11/05 19:31:39 Added a player: 7d44d0a0-9bd6-11ef-902d-6acb92f5d28c
2024/11/05 19:31:39 Added a player: 7d44d0b4-9bd6-11ef-902d-6acb92f5d28c
2024/11/05 19:31:39 Added a player: 7d44d0be-9bd6-11ef-902d-6acb92f5d28c
2024/11/05 19:31:39 Added a player: 7d44d0d2-9bd6-11ef-902d-6acb92f5d28c
2024/11/05 19:31:39 Added a player: 7d44d0e6-9bd6-11ef-902d-6acb92f5d28c
2024/11/05 19:31:39 Added a player: 7d44d0f0-9bd6-11ef-902d-6acb92f5d28c
2024/11/05 19:31:39 Added a player: 7d44d104-9bd6-11ef-902d-6acb92f5d28c
2024/11/05 19:31:39 Added a player: 7d44d118-9bd6-11ef-902d-6acb92f5d28c
2024/11/05 19:31:39 Added a player: 7d44d122-9bd6-11ef-902d-6acb92f5d28c
2024/11/05 19:31:39 Added a player: 7d44d136-9bd6-11ef-902d-6acb92f5d28c
2024/11/05 19:31:39 Added a player: 7d44d14a-9bd6-11ef-902d-6acb92f5d28c
2024/11/05 19:31:39 Added a player: 7d44d15e-9bd6-11ef-902d-6acb92f5d28c
2024/11/05 19:31:39 Added a player: 7d44d168-9bd6-11ef-902d-6acb92f5d28c
2024/11/05 19:31:39 Added a player: 7d44d17c-9bd6-11ef-902d-6acb92f5d28c
2024/11/05 19:31:39 Added a player: 7d44d190-9bd6-11ef-902d-6acb92f5d28c
2024/11/05 19:31:39 Added a player: 7d44d19a-9bd6-11ef-902d-6acb92f5d28c
2024/11/05 19:31:39 Matched..
2024/11/05 19:31:39 Paired: 7d446caa-9bd6-11ef-902d-6acb92f5d28c & 7d448938-9bd6-11ef-902d-6acb92f5d28c
2024/11/05 19:31:39 Paired: 7d4489a6-9bd6-11ef-902d-6acb92f5d28c & 7d4489f6-9bd6-11ef-902d-6acb92f5d28c
2024/11/05 19:31:39 Matched..
2024/11/05 19:31:39 Matched..
2024/11/05 19:31:39 Paired: 7d448a46-9bd6-11ef-902d-6acb92f5d28c & 7d448a6e-9bd6-11ef-902d-6acb92f5d28c
2024/11/05 19:31:39 Matched..
2024/11/05 19:31:39 Matched..
2024/11/05 19:31:39 Matched..
2024/11/05 19:31:39 Paired: 7d448a8c-9bd6-11ef-902d-6acb92f5d28c & 7d448aa0-9bd6-11ef-902d-6acb92f5d28c
2024/11/05 19:31:39 Matched..
2024/11/05 19:31:39 Matched..
2024/11/05 19:31:39 Paired: 7d448abe-9bd6-11ef-902d-6acb92f5d28c & 7d448ae6-9bd6-11ef-902d-6acb92f5d28c
2024/11/05 19:31:39 Matched..
2024/11/05 19:31:39 Matched..
2024/11/05 19:31:39 Paired: 7d448b04-9bd6-11ef-902d-6acb92f5d28c & 7d448b18-9bd6-11ef-902d-6acb92f5d28c
2024/11/05 19:31:39 Matched..
2024/11/05 19:31:39 Matched..
2024/11/05 19:31:39 Paired: 7d448b36-9bd6-11ef-902d-6acb92f5d28c & 7d448b54-9bd6-11ef-902d-6acb92f5d28c
2024/11/05 19:31:39 Matched..
2024/11/05 19:31:39 Matched..
2024/11/05 19:31:39 Paired: 7d448b86-9bd6-11ef-902d-6acb92f5d28c & 7d448ba4-9bd6-11ef-902d-6acb92f5d28c
2024/11/05 19:31:39 Matched..
2024/11/05 19:31:39 Matched..
2024/11/05 19:31:39 Paired: 7d448bc2-9bd6-11ef-902d-6acb92f5d28c & 7d448be0-9bd6-11ef-902d-6acb92f5d28c
2024/11/05 19:31:39 Matched..
2024/11/05 19:31:39 Matched..
2024/11/05 19:31:39 Paired: 7d448bfe-9bd6-11ef-902d-6acb92f5d28c & 7d448c12-9bd6-11ef-902d-6acb92f5d28c
2024/11/05 19:31:39 Matched..
2024/11/05 19:31:39 Matched..
2024/11/05 19:31:39 Paired: 7d448c30-9bd6-11ef-902d-6acb92f5d28c & 7d448c4e-9bd6-11ef-902d-6acb92f5d28c
2024/11/05 19:31:39 Matched..
2024/11/05 19:31:39 Matched..
2024/11/05 19:31:39 Paired: 7d448c6c-9bd6-11ef-902d-6acb92f5d28c & 7d448c8a-9bd6-11ef-902d-6acb92f5d28c
2024/11/05 19:31:39 Matched..
2024/11/05 19:31:39 Matched..
2024/11/05 19:31:39 Paired: 7d448c9e-9bd6-11ef-902d-6acb92f5d28c & 7d448cbc-9bd6-11ef-902d-6acb92f5d28c
2024/11/05 19:31:39 Matched..
2024/11/05 19:31:39 Matched..
2024/11/05 19:31:39 Paired: 7d448cda-9bd6-11ef-902d-6acb92f5d28c & 7d448d02-9bd6-11ef-902d-6acb92f5d28c
2024/11/05 19:31:39 Matched..
2024/11/05 19:31:39 Matched..
2024/11/05 19:31:39 Paired: 7d448d20-9bd6-11ef-902d-6acb92f5d28c & 7d448d34-9bd6-11ef-902d-6acb92f5d28c
2024/11/05 19:31:39 Matched..
2024/11/05 19:31:39 Matched..
2024/11/05 19:31:39 Paired: 7d448d52-9bd6-11ef-902d-6acb92f5d28c & 7d448d70-9bd6-11ef-902d-6acb92f5d28c
2024/11/05 19:31:39 Matched..
2024/11/05 19:31:39 Matched..
2024/11/05 19:31:39 Paired: 7d448d8e-9bd6-11ef-902d-6acb92f5d28c & 7d448da2-9bd6-11ef-902d-6acb92f5d28c
2024/11/05 19:31:39 Matched..
2024/11/05 19:31:39 Matched..
2024/11/05 19:31:39 Paired: 7d448dc0-9bd6-11ef-902d-6acb92f5d28c & 7d448dde-9bd6-11ef-902d-6acb92f5d28c
2024/11/05 19:31:39 Matched..
2024/11/05 19:31:39 Matched..
2024/11/05 19:31:39 Paired: 7d448df2-9bd6-11ef-902d-6acb92f5d28c & 7d448e10-9bd6-11ef-902d-6acb92f5d28c
2024/11/05 19:31:39 Matched..
2024/11/05 19:31:39 Matched..
2024/11/05 19:31:39 Paired: 7d448e2e-9bd6-11ef-902d-6acb92f5d28c & 7d448e42-9bd6-11ef-902d-6acb92f5d28c
2024/11/05 19:31:39 Matched..
2024/11/05 19:31:39 Matched..
2024/11/05 19:31:39 Paired: 7d448e60-9bd6-11ef-902d-6acb92f5d28c & 7d448e7e-9bd6-11ef-902d-6acb92f5d28c
2024/11/05 19:31:39 Matched..
2024/11/05 19:31:39 Matched..
2024/11/05 19:31:39 Paired: 7d448e92-9bd6-11ef-902d-6acb92f5d28c & 7d448eb0-9bd6-11ef-902d-6acb92f5d28c
2024/11/05 19:31:39 Matched..
2024/11/05 19:31:39 Matched..
2024/11/05 19:31:39 Paired: 7d448ece-9bd6-11ef-902d-6acb92f5d28c & 7d448ee2-9bd6-11ef-902d-6acb92f5d28c
2024/11/05 19:31:39 Matched..
2024/11/05 19:31:39 Matched..
2024/11/05 19:31:39 Paired: 7d448f00-9bd6-11ef-902d-6acb92f5d28c & 7d448f1e-9bd6-11ef-902d-6acb92f5d28c
2024/11/05 19:31:39 Matched..
2024/11/05 19:31:39 Matched..
2024/11/05 19:31:39 Paired: 7d448f3c-9bd6-11ef-902d-6acb92f5d28c & 7d448f50-9bd6-11ef-902d-6acb92f5d28c
2024/11/05 19:31:39 Matched..
2024/11/05 19:31:39 Matched..
2024/11/05 19:31:39 Paired: 7d448f6e-9bd6-11ef-902d-6acb92f5d28c & 7d448f8c-9bd6-11ef-902d-6acb92f5d28c
2024/11/05 19:31:39 Matched..
2024/11/05 19:31:39 Matched..
2024/11/05 19:31:39 Paired: 7d448fa0-9bd6-11ef-902d-6acb92f5d28c & 7d448fd2-9bd6-11ef-902d-6acb92f5d28c
2024/11/05 19:31:39 Matched..
2024/11/05 19:31:39 Matched..
2024/11/05 19:31:39 Paired: 7d448ff0-9bd6-11ef-902d-6acb92f5d28c & 7d44904a-9bd6-11ef-902d-6acb92f5d28c
2024/11/05 19:31:39 Matched..
2024/11/05 19:31:39 Matched..
2024/11/05 19:31:39 Paired: 7d44905e-9bd6-11ef-902d-6acb92f5d28c & 7d449072-9bd6-11ef-902d-6acb92f5d28c
2024/11/05 19:31:39 Matched..
2024/11/05 19:31:39 Matched..
2024/11/05 19:31:39 Paired: 7d449086-9bd6-11ef-902d-6acb92f5d28c & 7d44909a-9bd6-11ef-902d-6acb92f5d28c
2024/11/05 19:31:39 Matched..
2024/11/05 19:31:39 Matched..
2024/11/05 19:31:39 Paired: 7d4490a4-9bd6-11ef-902d-6acb92f5d28c & 7d4490b8-9bd6-11ef-902d-6acb92f5d28c
2024/11/05 19:31:39 Matched..
2024/11/05 19:31:39 Matched..
2024/11/05 19:31:39 Paired: 7d4490cc-9bd6-11ef-902d-6acb92f5d28c & 7d4490e0-9bd6-11ef-902d-6acb92f5d28c
2024/11/05 19:31:39 Matched..
2024/11/05 19:31:39 Matched..
2024/11/05 19:31:39 Paired: 7d4490f4-9bd6-11ef-902d-6acb92f5d28c & 7d4490fe-9bd6-11ef-902d-6acb92f5d28c
2024/11/05 19:31:39 Matched..
2024/11/05 19:31:39 Matched..
2024/11/05 19:31:39 Matched..
2024/11/05 19:31:39 Paired: 7d449112-9bd6-11ef-902d-6acb92f5d28c & 7d449126-9bd6-11ef-902d-6acb92f5d28c
2024/11/05 19:31:39 Matched..
2024/11/05 19:31:39 Paired: 7d449130-9bd6-11ef-902d-6acb92f5d28c & 7d449144-9bd6-11ef-902d-6acb92f5d28c
2024/11/05 19:31:39 Matched..
2024/11/05 19:31:39 Matched..
2024/11/05 19:31:39 Paired: 7d449158-9bd6-11ef-902d-6acb92f5d28c & 7d44916c-9bd6-11ef-902d-6acb92f5d28c
2024/11/05 19:31:39 Matched..
2024/11/05 19:31:39 Matched..
2024/11/05 19:31:39 Paired: 7d449176-9bd6-11ef-902d-6acb92f5d28c & 7d44918a-9bd6-11ef-902d-6acb92f5d28c
2024/11/05 19:31:39 Matched..
2024/11/05 19:31:39 Matched..
2024/11/05 19:31:39 Paired: 7d44919e-9bd6-11ef-902d-6acb92f5d28c & 7d4491a8-9bd6-11ef-902d-6acb92f5d28c
2024/11/05 19:31:39 Matched..
2024/11/05 19:31:39 Matched..
2024/11/05 19:31:39 Paired: 7d4491c6-9bd6-11ef-902d-6acb92f5d28c & 7d4491da-9bd6-11ef-902d-6acb92f5d28c
2024/11/05 19:31:39 Matched..
2024/11/05 19:31:39 Matched..
2024/11/05 19:31:39 Paired: 7d4491e4-9bd6-11ef-902d-6acb92f5d28c & 7d4491f8-9bd6-11ef-902d-6acb92f5d28c
2024/11/05 19:31:39 Matched..
2024/11/05 19:31:39 Matched..
2024/11/05 19:31:39 Paired: 7d44920c-9bd6-11ef-902d-6acb92f5d28c & 7d449234-9bd6-11ef-902d-6acb92f5d28c
2024/11/05 19:31:39 Matched..
2024/11/05 19:31:39 Matched..
2024/11/05 19:31:39 Paired: 7d449248-9bd6-11ef-902d-6acb92f5d28c & 7d44925c-9bd6-11ef-902d-6acb92f5d28c
2024/11/05 19:31:39 Matched..
2024/11/05 19:31:39 Matched..
2024/11/05 19:31:39 Paired: 7d449270-9bd6-11ef-902d-6acb92f5d28c & 7d44927a-9bd6-11ef-902d-6acb92f5d28c
2024/11/05 19:31:39 Matched..
2024/11/05 19:31:39 Matched..
2024/11/05 19:31:39 Paired: 7d44928e-9bd6-11ef-902d-6acb92f5d28c & 7d4492a2-9bd6-11ef-902d-6acb92f5d28c
2024/11/05 19:31:39 Matched..
2024/11/05 19:31:39 Matched..
2024/11/05 19:31:39 Paired: 7d4492ac-9bd6-11ef-902d-6acb92f5d28c & 7d4492c0-9bd6-11ef-902d-6acb92f5d28c
2024/11/05 19:31:39 Matched..
2024/11/05 19:31:39 Matched..
2024/11/05 19:31:39 Paired: 7d4492d4-9bd6-11ef-902d-6acb92f5d28c & 7d4492e8-9bd6-11ef-902d-6acb92f5d28c
2024/11/05 19:31:39 Matched..
2024/11/05 19:31:39 Matched..
2024/11/05 19:31:39 Paired: 7d4492f2-9bd6-11ef-902d-6acb92f5d28c & 7d449306-9bd6-11ef-902d-6acb92f5d28c
2024/11/05 19:31:39 Matched..
2024/11/05 19:31:39 Matched..
2024/11/05 19:31:39 Paired: 7d44931a-9bd6-11ef-902d-6acb92f5d28c & 7d449324-9bd6-11ef-902d-6acb92f5d28c
2024/11/05 19:31:39 Matched..
2024/11/05 19:31:39 Matched..
2024/11/05 19:31:39 Paired: 7d449338-9bd6-11ef-902d-6acb92f5d28c & 7d44934c-9bd6-11ef-902d-6acb92f5d28c
2024/11/05 19:31:39 Matched..
2024/11/05 19:31:39 Matched..
2024/11/05 19:31:39 Paired: 7d449360-9bd6-11ef-902d-6acb92f5d28c & 7d44936a-9bd6-11ef-902d-6acb92f5d28c
2024/11/05 19:31:39 Matched..
2024/11/05 19:31:39 Matched..
2024/11/05 19:31:39 Paired: 7d44937e-9bd6-11ef-902d-6acb92f5d28c & 7d449392-9bd6-11ef-902d-6acb92f5d28c
2024/11/05 19:31:39 Matched..
2024/11/05 19:31:39 Matched..
2024/11/05 19:31:39 Paired: 7d44939c-9bd6-11ef-902d-6acb92f5d28c & 7d4493b0-9bd6-11ef-902d-6acb92f5d28c
2024/11/05 19:31:39 Matched..
2024/11/05 19:31:39 Matched..
2024/11/05 19:31:39 Paired: 7d4493c4-9bd6-11ef-902d-6acb92f5d28c & 7d4493d8-9bd6-11ef-902d-6acb92f5d28c
2024/11/05 19:31:39 Matched..
2024/11/05 19:31:39 Matched..
2024/11/05 19:31:39 Paired: 7d4493ec-9bd6-11ef-902d-6acb92f5d28c & 7d4493f6-9bd6-11ef-902d-6acb92f5d28c
2024/11/05 19:31:39 Matched..
2024/11/05 19:31:39 Matched..
2024/11/05 19:31:39 Paired: 7d44940a-9bd6-11ef-902d-6acb92f5d28c & 7d44941e-9bd6-11ef-902d-6acb92f5d28c
2024/11/05 19:31:39 Matched..
2024/11/05 19:31:39 Matched..
2024/11/05 19:31:39 Paired: 7d449432-9bd6-11ef-902d-6acb92f5d28c & 7d449446-9bd6-11ef-902d-6acb92f5d28c
2024/11/05 19:31:39 Matched..
2024/11/05 19:31:39 Matched..
2024/11/05 19:31:39 Paired: 7d44945a-9bd6-11ef-902d-6acb92f5d28c & 7d44946e-9bd6-11ef-902d-6acb92f5d28c
2024/11/05 19:31:39 Matched..
2024/11/05 19:31:39 Matched..
2024/11/05 19:31:39 Paired: 7d449478-9bd6-11ef-902d-6acb92f5d28c & 7d44948c-9bd6-11ef-902d-6acb92f5d28c
2024/11/05 19:31:39 Matched..
2024/11/05 19:31:39 Matched..
2024/11/05 19:31:39 Paired: 7d4494a0-9bd6-11ef-902d-6acb92f5d28c & 7d4494aa-9bd6-11ef-902d-6acb92f5d28c
2024/11/05 19:31:39 Matched..
2024/11/05 19:31:39 Matched..
2024/11/05 19:31:39 Paired: 7d4494be-9bd6-11ef-902d-6acb92f5d28c & 7d4494d2-9bd6-11ef-902d-6acb92f5d28c
2024/11/05 19:31:39 Matched..
2024/11/05 19:31:39 Matched..
2024/11/05 19:31:39 Paired: 7d4494e6-9bd6-11ef-902d-6acb92f5d28c & 7d4494f0-9bd6-11ef-902d-6acb92f5d28c
2024/11/05 19:31:39 Matched..
2024/11/05 19:31:39 Matched..
2024/11/05 19:31:39 Paired: 7d449504-9bd6-11ef-902d-6acb92f5d28c & 7d449518-9bd6-11ef-902d-6acb92f5d28c
2024/11/05 19:31:39 Matched..
2024/11/05 19:31:39 Matched..
2024/11/05 19:31:39 Paired: 7d44952c-9bd6-11ef-902d-6acb92f5d28c & 7d449536-9bd6-11ef-902d-6acb92f5d28c
2024/11/05 19:31:39 Matched..
2024/11/05 19:31:39 Matched..
2024/11/05 19:31:39 Paired: 7d44954a-9bd6-11ef-902d-6acb92f5d28c & 7d44955e-9bd6-11ef-902d-6acb92f5d28c
2024/11/05 19:31:39 Matched..
2024/11/05 19:31:39 Matched..
2024/11/05 19:31:39 Paired: 7d449568-9bd6-11ef-902d-6acb92f5d28c & 7d44957c-9bd6-11ef-902d-6acb92f5d28c
2024/11/05 19:31:39 Matched..
2024/11/05 19:31:39 Matched..
2024/11/05 19:31:39 Paired: 7d449590-9bd6-11ef-902d-6acb92f5d28c & 7d44959a-9bd6-11ef-902d-6acb92f5d28c
2024/11/05 19:31:39 Matched..
2024/11/05 19:31:39 Matched..
2024/11/05 19:31:39 Paired: 7d4495ae-9bd6-11ef-902d-6acb92f5d28c & 7d4495c2-9bd6-11ef-902d-6acb92f5d28c
2024/11/05 19:31:39 Matched..
2024/11/05 19:31:39 Matched..
2024/11/05 19:31:39 Paired: 7d4495d6-9bd6-11ef-902d-6acb92f5d28c & 7d4495e0-9bd6-11ef-902d-6acb92f5d28c
2024/11/05 19:31:39 Matched..
2024/11/05 19:31:39 Matched..
2024/11/05 19:31:39 Paired: 7d4495f4-9bd6-11ef-902d-6acb92f5d28c & 7d449608-9bd6-11ef-902d-6acb92f5d28c
2024/11/05 19:31:39 Matched..
2024/11/05 19:31:39 Matched..
2024/11/05 19:31:39 Paired: 7d449612-9bd6-11ef-902d-6acb92f5d28c & 7d449626-9bd6-11ef-902d-6acb92f5d28c
2024/11/05 19:31:39 Matched..
2024/11/05 19:31:39 Matched..
2024/11/05 19:31:39 Matched..
2024/11/05 19:31:39 Paired: 7d44963a-9bd6-11ef-902d-6acb92f5d28c & 7d44964e-9bd6-11ef-902d-6acb92f5d28c
2024/11/05 19:31:39 Matched..
2024/11/05 19:31:39 Paired: 7d449658-9bd6-11ef-902d-6acb92f5d28c & 7d44966c-9bd6-11ef-902d-6acb92f5d28c
2024/11/05 19:31:39 Paired: 7d449680-9bd6-11ef-902d-6acb92f5d28c & 7d449694-9bd6-11ef-902d-6acb92f5d28c
2024/11/05 19:31:39 Matched..
2024/11/05 19:31:39 Matched..
2024/11/05 19:31:39 Matched..
2024/11/05 19:31:39 Matched..
2024/11/05 19:31:39 Paired: 7d44969e-9bd6-11ef-902d-6acb92f5d28c & 7d4496b2-9bd6-11ef-902d-6acb92f5d28c
2024/11/05 19:31:39 Matched..
2024/11/05 19:31:39 Matched..
2024/11/05 19:31:39 Paired: 7d4496c6-9bd6-11ef-902d-6acb92f5d28c & 7d4496d0-9bd6-11ef-902d-6acb92f5d28c
2024/11/05 19:31:39 Matched..
2024/11/05 19:31:39 Matched..
2024/11/05 19:31:39 Paired: 7d4496e4-9bd6-11ef-902d-6acb92f5d28c & 7d4496f8-9bd6-11ef-902d-6acb92f5d28c
2024/11/05 19:31:39 Matched..
2024/11/05 19:31:39 Matched..
2024/11/05 19:31:39 Paired: 7d449702-9bd6-11ef-902d-6acb92f5d28c & 7d449716-9bd6-11ef-902d-6acb92f5d28c
2024/11/05 19:31:39 Matched..
2024/11/05 19:31:39 Matched..
2024/11/05 19:31:39 Paired: 7d44972a-9bd6-11ef-902d-6acb92f5d28c & 7d44973e-9bd6-11ef-902d-6acb92f5d28c
2024/11/05 19:31:39 Matched..
2024/11/05 19:31:39 Matched..
2024/11/05 19:31:39 Paired: 7d449748-9bd6-11ef-902d-6acb92f5d28c & 7d44975c-9bd6-11ef-902d-6acb92f5d28c
2024/11/05 19:31:39 Matched..
2024/11/05 19:31:39 Matched..
2024/11/05 19:31:39 Paired: 7d449770-9bd6-11ef-902d-6acb92f5d28c & 7d44977a-9bd6-11ef-902d-6acb92f5d28c
2024/11/05 19:31:39 Matched..
2024/11/05 19:31:39 Matched..
2024/11/05 19:31:39 Paired: 7d44978e-9bd6-11ef-902d-6acb92f5d28c & 7d4497ac-9bd6-11ef-902d-6acb92f5d28c
2024/11/05 19:31:39 Matched..
2024/11/05 19:31:39 Matched..
2024/11/05 19:31:39 Paired: 7d4497b6-9bd6-11ef-902d-6acb92f5d28c & 7d4497ca-9bd6-11ef-902d-6acb92f5d28c
2024/11/05 19:31:39 Matched..
2024/11/05 19:31:39 Matched..
2024/11/05 19:31:39 Paired: 7d4497de-9bd6-11ef-902d-6acb92f5d28c & 7d4497e8-9bd6-11ef-902d-6acb92f5d28c
2024/11/05 19:31:39 Matched..
2024/11/05 19:31:39 Matched..
2024/11/05 19:31:39 Paired: 7d4497fc-9bd6-11ef-902d-6acb92f5d28c & 7d44981a-9bd6-11ef-902d-6acb92f5d28c
2024/11/05 19:31:39 Matched..
2024/11/05 19:31:39 Matched..
2024/11/05 19:31:39 Paired: 7d44982e-9bd6-11ef-902d-6acb92f5d28c & 7d449842-9bd6-11ef-902d-6acb92f5d28c
2024/11/05 19:31:39 Matched..
2024/11/05 19:31:39 Matched..
2024/11/05 19:31:39 Paired: 7d449856-9bd6-11ef-902d-6acb92f5d28c & 7d449860-9bd6-11ef-902d-6acb92f5d28c
2024/11/05 19:31:39 Matched..
2024/11/05 19:31:39 Matched..
2024/11/05 19:31:39 Paired: 7d449874-9bd6-11ef-902d-6acb92f5d28c & 7d449888-9bd6-11ef-902d-6acb92f5d28c
2024/11/05 19:31:39 Matched..
2024/11/05 19:31:39 Matched..
2024/11/05 19:31:39 Paired: 7d449892-9bd6-11ef-902d-6acb92f5d28c & 7d4498a6-9bd6-11ef-902d-6acb92f5d28c
2024/11/05 19:31:39 Matched..
2024/11/05 19:31:39 Matched..
2024/11/05 19:31:39 Paired: 7d4498ba-9bd6-11ef-902d-6acb92f5d28c & 7d4498ce-9bd6-11ef-902d-6acb92f5d28c
2024/11/05 19:31:39 Matched..
2024/11/05 19:31:39 Matched..
2024/11/05 19:31:39 Paired: 7d4498d8-9bd6-11ef-902d-6acb92f5d28c & 7d4498ec-9bd6-11ef-902d-6acb92f5d28c
2024/11/05 19:31:39 Matched..
2024/11/05 19:31:39 Matched..
2024/11/05 19:31:39 Paired: 7d449900-9bd6-11ef-902d-6acb92f5d28c & 7d44990a-9bd6-11ef-902d-6acb92f5d28c
2024/11/05 19:31:39 Matched..
2024/11/05 19:31:39 Matched..
2024/11/05 19:31:39 Paired: 7d44991e-9bd6-11ef-902d-6acb92f5d28c & 7d449932-9bd6-11ef-902d-6acb92f5d28c
2024/11/05 19:31:39 Matched..
2024/11/05 19:31:39 Matched..
2024/11/05 19:31:39 Paired: 7d449946-9bd6-11ef-902d-6acb92f5d28c & 7d449950-9bd6-11ef-902d-6acb92f5d28c
2024/11/05 19:31:39 Matched..
2024/11/05 19:31:39 Matched..
2024/11/05 19:31:39 Paired: 7d449964-9bd6-11ef-902d-6acb92f5d28c & 7d449978-9bd6-11ef-902d-6acb92f5d28c
2024/11/05 19:31:39 Matched..
2024/11/05 19:31:39 Matched..
2024/11/05 19:31:39 Paired: 7d449982-9bd6-11ef-902d-6acb92f5d28c & 7d449996-9bd6-11ef-902d-6acb92f5d28c
2024/11/05 19:31:39 Matched..
2024/11/05 19:31:39 Matched..
2024/11/05 19:31:39 Paired: 7d4499aa-9bd6-11ef-902d-6acb92f5d28c & 7d4499be-9bd6-11ef-902d-6acb92f5d28c
2024/11/05 19:31:39 Matched..
2024/11/05 19:31:39 Matched..
2024/11/05 19:31:39 Paired: 7d4499c8-9bd6-11ef-902d-6acb92f5d28c & 7d4499dc-9bd6-11ef-902d-6acb92f5d28c
2024/11/05 19:31:39 Matched..
2024/11/05 19:31:39 Matched..
2024/11/05 19:31:39 Paired: 7d4499f0-9bd6-11ef-902d-6acb92f5d28c & 7d4499fa-9bd6-11ef-902d-6acb92f5d28c
2024/11/05 19:31:39 Matched..
2024/11/05 19:31:39 Matched..
2024/11/05 19:31:39 Paired: 7d449a0e-9bd6-11ef-902d-6acb92f5d28c & 7d449a22-9bd6-11ef-902d-6acb92f5d28c
2024/11/05 19:31:39 Matched..
2024/11/05 19:31:39 Matched..
2024/11/05 19:31:39 Paired: 7d449a2c-9bd6-11ef-902d-6acb92f5d28c & 7d449a40-9bd6-11ef-902d-6acb92f5d28c
2024/11/05 19:31:39 Matched..
2024/11/05 19:31:39 Matched..
2024/11/05 19:31:39 Paired: 7d449a54-9bd6-11ef-902d-6acb92f5d28c & 7d449a68-9bd6-11ef-902d-6acb92f5d28c
2024/11/05 19:31:39 Matched..
2024/11/05 19:31:39 Matched..
2024/11/05 19:31:39 Paired: 7d449a72-9bd6-11ef-902d-6acb92f5d28c & 7d449a86-9bd6-11ef-902d-6acb92f5d28c
2024/11/05 19:31:39 Matched..
2024/11/05 19:31:39 Matched..
2024/11/05 19:31:39 Paired: 7d449a9a-9bd6-11ef-902d-6acb92f5d28c & 7d449aa4-9bd6-11ef-902d-6acb92f5d28c
2024/11/05 19:31:39 Matched..
2024/11/05 19:31:39 Matched..
2024/11/05 19:31:39 Paired: 7d449ab8-9bd6-11ef-902d-6acb92f5d28c & 7d449acc-9bd6-11ef-902d-6acb92f5d28c
2024/11/05 19:31:39 Matched..
2024/11/05 19:31:39 Matched..
2024/11/05 19:31:39 Paired: 7d449ae0-9bd6-11ef-902d-6acb92f5d28c & 7d449b08-9bd6-11ef-902d-6acb92f5d28c
2024/11/05 19:31:39 Matched..
2024/11/05 19:31:39 Matched..
2024/11/05 19:31:39 Paired: 7d449b1c-9bd6-11ef-902d-6acb92f5d28c & 7d449b30-9bd6-11ef-902d-6acb92f5d28c
2024/11/05 19:31:39 Matched..
2024/11/05 19:31:39 Matched..
2024/11/05 19:31:39 Paired: 7d449b44-9bd6-11ef-902d-6acb92f5d28c & 7d449b58-9bd6-11ef-902d-6acb92f5d28c
2024/11/05 19:31:39 Matched..
2024/11/05 19:31:39 Matched..
2024/11/05 19:31:39 Paired: 7d449b6c-9bd6-11ef-902d-6acb92f5d28c & 7d449b80-9bd6-11ef-902d-6acb92f5d28c
2024/11/05 19:31:39 Matched..
2024/11/05 19:31:39 Matched..
2024/11/05 19:31:39 Paired: 7d449b94-9bd6-11ef-902d-6acb92f5d28c & 7d449b9e-9bd6-11ef-902d-6acb92f5d28c
2024/11/05 19:31:39 Matched..
2024/11/05 19:31:39 Matched..
2024/11/05 19:31:39 Paired: 7d449bb2-9bd6-11ef-902d-6acb92f5d28c & 7d449bc6-9bd6-11ef-902d-6acb92f5d28c
2024/11/05 19:31:39 Matched..
2024/11/05 19:31:39 Matched..
2024/11/05 19:31:39 Paired: 7d449bda-9bd6-11ef-902d-6acb92f5d28c & 7d449bee-9bd6-11ef-902d-6acb92f5d28c
2024/11/05 19:31:39 Matched..
2024/11/05 19:31:39 Matched..
2024/11/05 19:31:39 Paired: 7d449bf8-9bd6-11ef-902d-6acb92f5d28c & 7d449c16-9bd6-11ef-902d-6acb92f5d28c
2024/11/05 19:31:39 Matched..
2024/11/05 19:31:39 Matched..
2024/11/05 19:31:39 Paired: 7d449c2a-9bd6-11ef-902d-6acb92f5d28c & 7d449c3e-9bd6-11ef-902d-6acb92f5d28c
2024/11/05 19:31:39 Matched..
2024/11/05 19:31:39 Matched..
2024/11/05 19:31:39 Paired: 7d449c52-9bd6-11ef-902d-6acb92f5d28c & 7d449c66-9bd6-11ef-902d-6acb92f5d28c
2024/11/05 19:31:39 Matched..
2024/11/05 19:31:39 Matched..
2024/11/05 19:31:39 Paired: 7d449c7a-9bd6-11ef-902d-6acb92f5d28c & 7d449c84-9bd6-11ef-902d-6acb92f5d28c
2024/11/05 19:31:39 Matched..
2024/11/05 19:31:39 Matched..
2024/11/05 19:31:39 Paired: 7d449c98-9bd6-11ef-902d-6acb92f5d28c & 7d449cac-9bd6-11ef-902d-6acb92f5d28c
2024/11/05 19:31:39 Matched..
2024/11/05 19:31:39 Matched..
2024/11/05 19:31:39 Paired: 7d449cb6-9bd6-11ef-902d-6acb92f5d28c & 7d449cca-9bd6-11ef-902d-6acb92f5d28c
2024/11/05 19:31:39 Matched..
2024/11/05 19:31:39 Matched..
2024/11/05 19:31:39 Paired: 7d449cde-9bd6-11ef-902d-6acb92f5d28c & 7d449cf2-9bd6-11ef-902d-6acb92f5d28c
2024/11/05 19:31:39 Matched..
2024/11/05 19:31:39 Matched..
2024/11/05 19:31:39 Paired: 7d449cfc-9bd6-11ef-902d-6acb92f5d28c & 7d449d10-9bd6-11ef-902d-6acb92f5d28c
2024/11/05 19:31:39 Matched..
2024/11/05 19:31:39 Matched..
2024/11/05 19:31:39 Paired: 7d449d24-9bd6-11ef-902d-6acb92f5d28c & 7d449d2e-9bd6-11ef-902d-6acb92f5d28c
2024/11/05 19:31:39 Paired: 7d449d42-9bd6-11ef-902d-6acb92f5d28c & 7d449d56-9bd6-11ef-902d-6acb92f5d28c
2024/11/05 19:31:39 Matched..
2024/11/05 19:31:39 Matched..
2024/11/05 19:31:39 Matched..
2024/11/05 19:31:39 Matched..
2024/11/05 19:31:39 Paired: 7d449d60-9bd6-11ef-902d-6acb92f5d28c & 7d449d74-9bd6-11ef-902d-6acb92f5d28c
2024/11/05 19:31:39 Matched..
2024/11/05 19:31:39 Matched..
2024/11/05 19:31:39 Paired: 7d449d88-9bd6-11ef-902d-6acb92f5d28c & 7d449d9c-9bd6-11ef-902d-6acb92f5d28c
2024/11/05 19:31:39 Matched..
2024/11/05 19:31:39 Matched..
2024/11/05 19:31:39 Paired: 7d449dba-9bd6-11ef-902d-6acb92f5d28c & 7d449dce-9bd6-11ef-902d-6acb92f5d28c
2024/11/05 19:31:39 Matched..
2024/11/05 19:31:39 Matched..
2024/11/05 19:31:39 Paired: 7d449dd8-9bd6-11ef-902d-6acb92f5d28c & 7d449dec-9bd6-11ef-902d-6acb92f5d28c
2024/11/05 19:31:39 Matched..
2024/11/05 19:31:39 Matched..
2024/11/05 19:31:39 Paired: 7d449e00-9bd6-11ef-902d-6acb92f5d28c & 7d449e14-9bd6-11ef-902d-6acb92f5d28c
2024/11/05 19:31:39 Matched..
2024/11/05 19:31:39 Matched..
2024/11/05 19:31:39 Paired: 7d449e1e-9bd6-11ef-902d-6acb92f5d28c & 7d449e32-9bd6-11ef-902d-6acb92f5d28c
2024/11/05 19:31:39 Matched..
2024/11/05 19:31:39 Matched..
2024/11/05 19:31:39 Paired: 7d449e46-9bd6-11ef-902d-6acb92f5d28c & 7d449e50-9bd6-11ef-902d-6acb92f5d28c
2024/11/05 19:31:39 Matched..
2024/11/05 19:31:39 Matched..
2024/11/05 19:31:39 Paired: 7d449e64-9bd6-11ef-902d-6acb92f5d28c & 7d449e78-9bd6-11ef-902d-6acb92f5d28c
2024/11/05 19:31:39 Matched..
2024/11/05 19:31:39 Matched..
2024/11/05 19:31:39 Paired: 7d449e82-9bd6-11ef-902d-6acb92f5d28c & 7d449e96-9bd6-11ef-902d-6acb92f5d28c
2024/11/05 19:31:39 Matched..
2024/11/05 19:31:39 Matched..
2024/11/05 19:31:39 Paired: 7d449eaa-9bd6-11ef-902d-6acb92f5d28c & 7d449ebe-9bd6-11ef-902d-6acb92f5d28c
2024/11/05 19:31:39 Matched..
2024/11/05 19:31:39 Matched..
2024/11/05 19:31:39 Paired: 7d449ec8-9bd6-11ef-902d-6acb92f5d28c & 7d449edc-9bd6-11ef-902d-6acb92f5d28c
2024/11/05 19:31:39 Matched..
2024/11/05 19:31:39 Matched..
2024/11/05 19:31:39 Paired: 7d449ef0-9bd6-11ef-902d-6acb92f5d28c & 7d449f04-9bd6-11ef-902d-6acb92f5d28c
2024/11/05 19:31:39 Matched..
2024/11/05 19:31:39 Matched..
2024/11/05 19:31:39 Paired: 7d449f0e-9bd6-11ef-902d-6acb92f5d28c & 7d449f22-9bd6-11ef-902d-6acb92f5d28c
2024/11/05 19:31:39 Matched..
2024/11/05 19:31:39 Matched..
2024/11/05 19:31:39 Paired: 7d449f36-9bd6-11ef-902d-6acb92f5d28c & 7d449f40-9bd6-11ef-902d-6acb92f5d28c
2024/11/05 19:31:39 Matched..
2024/11/05 19:31:39 Matched..
2024/11/05 19:31:39 Paired: 7d449f54-9bd6-11ef-902d-6acb92f5d28c & 7d449f68-9bd6-11ef-902d-6acb92f5d28c
2024/11/05 19:31:39 Matched..
2024/11/05 19:31:39 Matched..
2024/11/05 19:31:39 Paired: 7d449f7c-9bd6-11ef-902d-6acb92f5d28c & 7d449f86-9bd6-11ef-902d-6acb92f5d28c
2024/11/05 19:31:39 Matched..
2024/11/05 19:31:39 Matched..
2024/11/05 19:31:39 Paired: 7d449f9a-9bd6-11ef-902d-6acb92f5d28c & 7d449fae-9bd6-11ef-902d-6acb92f5d28c
2024/11/05 19:31:39 Matched..
2024/11/05 19:31:39 Matched..
2024/11/05 19:31:39 Paired: 7d449fc2-9bd6-11ef-902d-6acb92f5d28c & 7d449fcc-9bd6-11ef-902d-6acb92f5d28c
2024/11/05 19:31:39 Matched..
2024/11/05 19:31:39 Matched..
2024/11/05 19:31:39 Paired: 7d449fe0-9bd6-11ef-902d-6acb92f5d28c & 7d449ff4-9bd6-11ef-902d-6acb92f5d28c
2024/11/05 19:31:39 Matched..
2024/11/05 19:31:39 Matched..
2024/11/05 19:31:39 Paired: 7d449ffe-9bd6-11ef-902d-6acb92f5d28c & 7d44a012-9bd6-11ef-902d-6acb92f5d28c
2024/11/05 19:31:39 Matched..
2024/11/05 19:31:39 Matched..
2024/11/05 19:31:39 Paired: 7d44a026-9bd6-11ef-902d-6acb92f5d28c & 7d44a030-9bd6-11ef-902d-6acb92f5d28c
2024/11/05 19:31:39 Matched..
2024/11/05 19:31:39 Matched..
2024/11/05 19:31:39 Paired: 7d44a044-9bd6-11ef-902d-6acb92f5d28c & 7d44a04e-9bd6-11ef-902d-6acb92f5d28c
2024/11/05 19:31:39 Matched..
2024/11/05 19:31:39 Matched..
2024/11/05 19:31:39 Paired: 7d44a062-9bd6-11ef-902d-6acb92f5d28c & 7d44a076-9bd6-11ef-902d-6acb92f5d28c
2024/11/05 19:31:39 Matched..
2024/11/05 19:31:39 Matched..
2024/11/05 19:31:39 Paired: 7d44a094-9bd6-11ef-902d-6acb92f5d28c & 7d44a0a8-9bd6-11ef-902d-6acb92f5d28c
2024/11/05 19:31:39 Matched..
2024/11/05 19:31:39 Matched..
2024/11/05 19:31:39 Paired: 7d44a0b2-9bd6-11ef-902d-6acb92f5d28c & 7d44a0c6-9bd6-11ef-902d-6acb92f5d28c
2024/11/05 19:31:39 Matched..
2024/11/05 19:31:39 Matched..
2024/11/05 19:31:39 Paired: 7d44a0da-9bd6-11ef-902d-6acb92f5d28c & 7d44a0e4-9bd6-11ef-902d-6acb92f5d28c
2024/11/05 19:31:39 Matched..
2024/11/05 19:31:39 Matched..
2024/11/05 19:31:39 Paired: 7d44a0f8-9bd6-11ef-902d-6acb92f5d28c & 7d44a10c-9bd6-11ef-902d-6acb92f5d28c
2024/11/05 19:31:39 Matched..
2024/11/05 19:31:39 Matched..
2024/11/05 19:31:39 Paired: 7d44a116-9bd6-11ef-902d-6acb92f5d28c & 7d44a12a-9bd6-11ef-902d-6acb92f5d28c
2024/11/05 19:31:39 Matched..
2024/11/05 19:31:39 Matched..
2024/11/05 19:31:39 Paired: 7d44a13e-9bd6-11ef-902d-6acb92f5d28c & 7d44a148-9bd6-11ef-902d-6acb92f5d28c
2024/11/05 19:31:39 Matched..
2024/11/05 19:31:39 Matched..
2024/11/05 19:31:39 Paired: 7d44a15c-9bd6-11ef-902d-6acb92f5d28c & 7d44a170-9bd6-11ef-902d-6acb92f5d28c
2024/11/05 19:31:39 Matched..
2024/11/05 19:31:39 Matched..
2024/11/05 19:31:39 Paired: 7d44a17a-9bd6-11ef-902d-6acb92f5d28c & 7d44a18e-9bd6-11ef-902d-6acb92f5d28c
2024/11/05 19:31:39 Matched..
2024/11/05 19:31:39 Matched..
2024/11/05 19:31:39 Paired: 7d44a198-9bd6-11ef-902d-6acb92f5d28c & 7d44a1ac-9bd6-11ef-902d-6acb92f5d28c
2024/11/05 19:31:39 Matched..
2024/11/05 19:31:39 Matched..
2024/11/05 19:31:39 Paired: 7d44a1c0-9bd6-11ef-902d-6acb92f5d28c & 7d44a1ca-9bd6-11ef-902d-6acb92f5d28c
2024/11/05 19:31:39 Matched..
2024/11/05 19:31:39 Matched..
2024/11/05 19:31:39 Paired: 7d44a1de-9bd6-11ef-902d-6acb92f5d28c & 7d44a1f2-9bd6-11ef-902d-6acb92f5d28c
2024/11/05 19:31:39 Matched..
2024/11/05 19:31:39 Matched..
2024/11/05 19:31:39 Paired: 7d44a1fc-9bd6-11ef-902d-6acb92f5d28c & 7d44a210-9bd6-11ef-902d-6acb92f5d28c
2024/11/05 19:31:39 Matched..
2024/11/05 19:31:39 Matched..
2024/11/05 19:31:39 Paired: 7d44a224-9bd6-11ef-902d-6acb92f5d28c & 7d44a22e-9bd6-11ef-902d-6acb92f5d28c
2024/11/05 19:31:39 Matched..
2024/11/05 19:31:39 Matched..
2024/11/05 19:31:39 Paired: 7d44a242-9bd6-11ef-902d-6acb92f5d28c & 7d44a256-9bd6-11ef-902d-6acb92f5d28c
2024/11/05 19:31:39 Matched..
2024/11/05 19:31:39 Matched..
2024/11/05 19:31:39 Paired: 7d44a260-9bd6-11ef-902d-6acb92f5d28c & 7d44a274-9bd6-11ef-902d-6acb92f5d28c
2024/11/05 19:31:39 Matched..
2024/11/05 19:31:39 Matched..
2024/11/05 19:31:39 Paired: 7d44a288-9bd6-11ef-902d-6acb92f5d28c & 7d44a29c-9bd6-11ef-902d-6acb92f5d28c
2024/11/05 19:31:39 Matched..
2024/11/05 19:31:39 Matched..
2024/11/05 19:31:39 Paired: 7d44a2b0-9bd6-11ef-902d-6acb92f5d28c & 7d44a2c4-9bd6-11ef-902d-6acb92f5d28c
2024/11/05 19:31:39 Matched..
2024/11/05 19:31:39 Matched..
2024/11/05 19:31:39 Paired: 7d44a2d8-9bd6-11ef-902d-6acb92f5d28c & 7d44a2f6-9bd6-11ef-902d-6acb92f5d28c
2024/11/05 19:31:39 Matched..
2024/11/05 19:31:39 Matched..
2024/11/05 19:31:39 Paired: 7d44a30a-9bd6-11ef-902d-6acb92f5d28c & 7d44a31e-9bd6-11ef-902d-6acb92f5d28c
2024/11/05 19:31:39 Matched..
2024/11/05 19:31:39 Matched..
2024/11/05 19:31:39 Paired: 7d44a332-9bd6-11ef-902d-6acb92f5d28c & 7d44a350-9bd6-11ef-902d-6acb92f5d28c
2024/11/05 19:31:39 Matched..
2024/11/05 19:31:39 Matched..
2024/11/05 19:31:39 Paired: 7d44a364-9bd6-11ef-902d-6acb92f5d28c & 7d44a378-9bd6-11ef-902d-6acb92f5d28c
2024/11/05 19:31:39 Matched..
2024/11/05 19:31:39 Matched..
2024/11/05 19:31:39 Paired: 7d44a38c-9bd6-11ef-902d-6acb92f5d28c & 7d44a3aa-9bd6-11ef-902d-6acb92f5d28c
2024/11/05 19:31:39 Matched..
2024/11/05 19:31:39 Matched..
2024/11/05 19:31:39 Paired: 7d44a3be-9bd6-11ef-902d-6acb92f5d28c & 7d44a3dc-9bd6-11ef-902d-6acb92f5d28c
2024/11/05 19:31:39 Matched..
2024/11/05 19:31:39 Matched..
2024/11/05 19:31:39 Paired: 7d44a3f0-9bd6-11ef-902d-6acb92f5d28c & 7d44a3fa-9bd6-11ef-902d-6acb92f5d28c
2024/11/05 19:31:39 Matched..
2024/11/05 19:31:39 Matched..
2024/11/05 19:31:39 Paired: 7d44a40e-9bd6-11ef-902d-6acb92f5d28c & 7d44a422-9bd6-11ef-902d-6acb92f5d28c
2024/11/05 19:31:39 Matched..
2024/11/05 19:31:39 Matched..
2024/11/05 19:31:39 Paired: 7d44a436-9bd6-11ef-902d-6acb92f5d28c & 7d44a44a-9bd6-11ef-902d-6acb92f5d28c
2024/11/05 19:31:39 Matched..
2024/11/05 19:31:39 Matched..
2024/11/05 19:31:39 Paired: 7d44a454-9bd6-11ef-902d-6acb92f5d28c & 7d44a468-9bd6-11ef-902d-6acb92f5d28c
2024/11/05 19:31:39 Matched..
2024/11/05 19:31:39 Matched..
2024/11/05 19:31:39 Paired: 7d44a47c-9bd6-11ef-902d-6acb92f5d28c & 7d44a490-9bd6-11ef-902d-6acb92f5d28c
2024/11/05 19:31:39 Matched..
2024/11/05 19:31:39 Matched..
2024/11/05 19:31:39 Paired: 7d44a49a-9bd6-11ef-902d-6acb92f5d28c & 7d44a4ae-9bd6-11ef-902d-6acb92f5d28c
2024/11/05 19:31:39 Matched..
2024/11/05 19:31:39 Matched..
2024/11/05 19:31:39 Paired: 7d44a4c2-9bd6-11ef-902d-6acb92f5d28c & 7d44a4d6-9bd6-11ef-902d-6acb92f5d28c
2024/11/05 19:31:39 Matched..
2024/11/05 19:31:39 Matched..
2024/11/05 19:31:39 Paired: 7d44a4e0-9bd6-11ef-902d-6acb92f5d28c & 7d44a4f4-9bd6-11ef-902d-6acb92f5d28c
2024/11/05 19:31:39 Matched..
2024/11/05 19:31:39 Matched..
2024/11/05 19:31:39 Paired: 7d44a508-9bd6-11ef-902d-6acb92f5d28c & 7d44a512-9bd6-11ef-902d-6acb92f5d28c
2024/11/05 19:31:39 Matched..
2024/11/05 19:31:39 Matched..
2024/11/05 19:31:39 Paired: 7d44a526-9bd6-11ef-902d-6acb92f5d28c & 7d44a53a-9bd6-11ef-902d-6acb92f5d28c
2024/11/05 19:31:39 Matched..
2024/11/05 19:31:39 Matched..
2024/11/05 19:31:39 Paired: 7d44a544-9bd6-11ef-902d-6acb92f5d28c & 7d44a558-9bd6-11ef-902d-6acb92f5d28c
2024/11/05 19:31:39 Matched..
2024/11/05 19:31:39 Matched..
2024/11/05 19:31:39 Paired: 7d44a56c-9bd6-11ef-902d-6acb92f5d28c & 7d44a580-9bd6-11ef-902d-6acb92f5d28c
2024/11/05 19:31:39 Matched..
2024/11/05 19:31:39 Matched..
2024/11/05 19:31:39 Paired: 7d44a58a-9bd6-11ef-902d-6acb92f5d28c & 7d44a59e-9bd6-11ef-902d-6acb92f5d28c
2024/11/05 19:31:39 Matched..
2024/11/05 19:31:39 Matched..
2024/11/05 19:31:39 Paired: 7d44a5b2-9bd6-11ef-902d-6acb92f5d28c & 7d44a5c6-9bd6-11ef-902d-6acb92f5d28c
2024/11/05 19:31:39 Matched..
2024/11/05 19:31:39 Matched..
2024/11/05 19:31:39 Paired: 7d44a5d0-9bd6-11ef-902d-6acb92f5d28c & 7d44a5e4-9bd6-11ef-902d-6acb92f5d28c
2024/11/05 19:31:39 Matched..
2024/11/05 19:31:39 Matched..
2024/11/05 19:31:39 Paired: 7d44a5f8-9bd6-11ef-902d-6acb92f5d28c & 7d44a60c-9bd6-11ef-902d-6acb92f5d28c
2024/11/05 19:31:39 Matched..
2024/11/05 19:31:39 Matched..
2024/11/05 19:31:39 Paired: 7d44a616-9bd6-11ef-902d-6acb92f5d28c & 7d44a62a-9bd6-11ef-902d-6acb92f5d28c
2024/11/05 19:31:39 Matched..
2024/11/05 19:31:39 Matched..
2024/11/05 19:31:39 Paired: 7d44a63e-9bd6-11ef-902d-6acb92f5d28c & 7d44a648-9bd6-11ef-902d-6acb92f5d28c
2024/11/05 19:31:39 Matched..
2024/11/05 19:31:39 Matched..
2024/11/05 19:31:39 Paired: 7d44a65c-9bd6-11ef-902d-6acb92f5d28c & 7d44a670-9bd6-11ef-902d-6acb92f5d28c
2024/11/05 19:31:39 Paired: 7d44a684-9bd6-11ef-902d-6acb92f5d28c & 7d44a68e-9bd6-11ef-902d-6acb92f5d28c
2024/11/05 19:31:39 Paired: 7d44a6a2-9bd6-11ef-902d-6acb92f5d28c & 7d44a6b6-9bd6-11ef-902d-6acb92f5d28c
2024/11/05 19:31:39 Paired: 7d44a6ca-9bd6-11ef-902d-6acb92f5d28c & 7d44a6d4-9bd6-11ef-902d-6acb92f5d28c
2024/11/05 19:31:39 Matched..
2024/11/05 19:31:39 Matched..
2024/11/05 19:31:39 Matched..
2024/11/05 19:31:39 Matched..
2024/11/05 19:31:39 Matched..
2024/11/05 19:31:39 Matched..
2024/11/05 19:31:39 Matched..
2024/11/05 19:31:39 Matched..
2024/11/05 19:31:39 Matched..
2024/11/05 19:31:39 Paired: 7d44a6e8-9bd6-11ef-902d-6acb92f5d28c & 7d44a6fc-9bd6-11ef-902d-6acb92f5d28c
2024/11/05 19:31:39 Matched..
2024/11/05 19:31:39 Paired: 7d44a706-9bd6-11ef-902d-6acb92f5d28c & 7d44a71a-9bd6-11ef-902d-6acb92f5d28c
2024/11/05 19:31:39 Matched..
2024/11/05 19:31:39 Matched..
2024/11/05 19:31:39 Paired: 7d44a72e-9bd6-11ef-902d-6acb92f5d28c & 7d44a738-9bd6-11ef-902d-6acb92f5d28c
2024/11/05 19:31:39 Matched..
2024/11/05 19:31:39 Matched..
2024/11/05 19:31:39 Paired: 7d44a74c-9bd6-11ef-902d-6acb92f5d28c & 7d44a760-9bd6-11ef-902d-6acb92f5d28c
2024/11/05 19:31:39 Matched..
2024/11/05 19:31:39 Matched..
2024/11/05 19:31:39 Paired: 7d44a774-9bd6-11ef-902d-6acb92f5d28c & 7d44a77e-9bd6-11ef-902d-6acb92f5d28c
2024/11/05 19:31:39 Matched..
2024/11/05 19:31:39 Matched..
2024/11/05 19:31:39 Paired: 7d44a792-9bd6-11ef-902d-6acb92f5d28c & 7d44a7a6-9bd6-11ef-902d-6acb92f5d28c
2024/11/05 19:31:39 Matched..
2024/11/05 19:31:39 Matched..
2024/11/05 19:31:39 Paired: 7d44a7b0-9bd6-11ef-902d-6acb92f5d28c & 7d44a7c4-9bd6-11ef-902d-6acb92f5d28c
2024/11/05 19:31:39 Matched..
2024/11/05 19:31:39 Matched..
2024/11/05 19:31:39 Paired: 7d44a7d8-9bd6-11ef-902d-6acb92f5d28c & 7d44a7e2-9bd6-11ef-902d-6acb92f5d28c
2024/11/05 19:31:39 Matched..
2024/11/05 19:31:39 Matched..
2024/11/05 19:31:39 Paired: 7d44a7f6-9bd6-11ef-902d-6acb92f5d28c & 7d44a80a-9bd6-11ef-902d-6acb92f5d28c
2024/11/05 19:31:39 Matched..
2024/11/05 19:31:39 Matched..
2024/11/05 19:31:39 Paired: 7d44a814-9bd6-11ef-902d-6acb92f5d28c & 7d44a828-9bd6-11ef-902d-6acb92f5d28c
2024/11/05 19:31:39 Matched..
2024/11/05 19:31:39 Matched..
2024/11/05 19:31:39 Paired: 7d44a83c-9bd6-11ef-902d-6acb92f5d28c & 7d44a850-9bd6-11ef-902d-6acb92f5d28c
2024/11/05 19:31:39 Matched..
2024/11/05 19:31:39 Matched..
2024/11/05 19:31:39 Paired: 7d44a85a-9bd6-11ef-902d-6acb92f5d28c & 7d44a86e-9bd6-11ef-902d-6acb92f5d28c
2024/11/05 19:31:39 Matched..
2024/11/05 19:31:39 Matched..
2024/11/05 19:31:39 Paired: 7d44a882-9bd6-11ef-902d-6acb92f5d28c & 7d44a88c-9bd6-11ef-902d-6acb92f5d28c
2024/11/05 19:31:39 Matched..
2024/11/05 19:31:39 Matched..
2024/11/05 19:31:39 Paired: 7d44a8a0-9bd6-11ef-902d-6acb92f5d28c & 7d44a8b4-9bd6-11ef-902d-6acb92f5d28c
2024/11/05 19:31:39 Matched..
2024/11/05 19:31:39 Matched..
2024/11/05 19:31:39 Paired: 7d44a8be-9bd6-11ef-902d-6acb92f5d28c & 7d44a8d2-9bd6-11ef-902d-6acb92f5d28c
2024/11/05 19:31:39 Matched..
2024/11/05 19:31:39 Matched..
2024/11/05 19:31:39 Paired: 7d44a8e6-9bd6-11ef-902d-6acb92f5d28c & 7d44a8f0-9bd6-11ef-902d-6acb92f5d28c
2024/11/05 19:31:39 Matched..
2024/11/05 19:31:39 Matched..
2024/11/05 19:31:39 Paired: 7d44a904-9bd6-11ef-902d-6acb92f5d28c & 7d44a918-9bd6-11ef-902d-6acb92f5d28c
2024/11/05 19:31:39 Matched..
2024/11/05 19:31:39 Matched..
2024/11/05 19:31:39 Paired: 7d44a940-9bd6-11ef-902d-6acb92f5d28c & 7d44a954-9bd6-11ef-902d-6acb92f5d28c
2024/11/05 19:31:39 Matched..
2024/11/05 19:31:39 Matched..
2024/11/05 19:31:39 Paired: 7d44a968-9bd6-11ef-902d-6acb92f5d28c & 7d44a972-9bd6-11ef-902d-6acb92f5d28c
2024/11/05 19:31:39 Matched..
2024/11/05 19:31:39 Matched..
2024/11/05 19:31:39 Paired: 7d44a986-9bd6-11ef-902d-6acb92f5d28c & 7d44a9ae-9bd6-11ef-902d-6acb92f5d28c
2024/11/05 19:31:39 Matched..
2024/11/05 19:31:39 Matched..
2024/11/05 19:31:39 Paired: 7d44a9c2-9bd6-11ef-902d-6acb92f5d28c & 7d44a9d6-9bd6-11ef-902d-6acb92f5d28c
2024/11/05 19:31:39 Matched..
2024/11/05 19:31:39 Matched..
2024/11/05 19:31:39 Paired: 7d44a9ea-9bd6-11ef-902d-6acb92f5d28c & 7d44a9fe-9bd6-11ef-902d-6acb92f5d28c
2024/11/05 19:31:39 Matched..
2024/11/05 19:31:39 Matched..
2024/11/05 19:31:39 Paired: 7d44aa08-9bd6-11ef-902d-6acb92f5d28c & 7d44aa1c-9bd6-11ef-902d-6acb92f5d28c
2024/11/05 19:31:39 Matched..
2024/11/05 19:31:39 Matched..
2024/11/05 19:31:39 Paired: 7d44aa30-9bd6-11ef-902d-6acb92f5d28c & 7d44aa44-9bd6-11ef-902d-6acb92f5d28c
2024/11/05 19:31:39 Matched..
2024/11/05 19:31:39 Matched..
2024/11/05 19:31:39 Paired: 7d44aa58-9bd6-11ef-902d-6acb92f5d28c & 7d44aa6c-9bd6-11ef-902d-6acb92f5d28c
2024/11/05 19:31:39 Matched..
2024/11/05 19:31:39 Matched..
2024/11/05 19:31:39 Paired: 7d44aa80-9bd6-11ef-902d-6acb92f5d28c & 7d44aa94-9bd6-11ef-902d-6acb92f5d28c
2024/11/05 19:31:39 Matched..
2024/11/05 19:31:39 Matched..
2024/11/05 19:31:39 Paired: 7d44aaa8-9bd6-11ef-902d-6acb92f5d28c & 7d44aab2-9bd6-11ef-902d-6acb92f5d28c
2024/11/05 19:31:39 Matched..
2024/11/05 19:31:39 Matched..
2024/11/05 19:31:39 Paired: 7d44aac6-9bd6-11ef-902d-6acb92f5d28c & 7d44aada-9bd6-11ef-902d-6acb92f5d28c
2024/11/05 19:31:39 Matched..
2024/11/05 19:31:39 Matched..
2024/11/05 19:31:39 Paired: 7d44aaee-9bd6-11ef-902d-6acb92f5d28c & 7d44ab02-9bd6-11ef-902d-6acb92f5d28c
2024/11/05 19:31:39 Matched..
2024/11/05 19:31:39 Matched..
2024/11/05 19:31:39 Paired: 7d44ab16-9bd6-11ef-902d-6acb92f5d28c & 7d44ab20-9bd6-11ef-902d-6acb92f5d28c
2024/11/05 19:31:39 Matched..
2024/11/05 19:31:39 Matched..
2024/11/05 19:31:39 Paired: 7d44ab34-9bd6-11ef-902d-6acb92f5d28c & 7d44ab48-9bd6-11ef-902d-6acb92f5d28c
2024/11/05 19:31:39 Matched..
2024/11/05 19:31:39 Matched..
2024/11/05 19:31:39 Paired: 7d44ab5c-9bd6-11ef-902d-6acb92f5d28c & 7d44ab70-9bd6-11ef-902d-6acb92f5d28c
2024/11/05 19:31:39 Matched..
2024/11/05 19:31:39 Matched..
2024/11/05 19:31:39 Paired: 7d44ab84-9bd6-11ef-902d-6acb92f5d28c & 7d44ab8e-9bd6-11ef-902d-6acb92f5d28c
2024/11/05 19:31:39 Matched..
2024/11/05 19:31:39 Matched..
2024/11/05 19:31:39 Paired: 7d44aba2-9bd6-11ef-902d-6acb92f5d28c & 7d44abb6-9bd6-11ef-902d-6acb92f5d28c
2024/11/05 19:31:39 Matched..
2024/11/05 19:31:39 Matched..
2024/11/05 19:31:39 Paired: 7d44abca-9bd6-11ef-902d-6acb92f5d28c & 7d44abde-9bd6-11ef-902d-6acb92f5d28c
2024/11/05 19:31:39 Matched..
2024/11/05 19:31:39 Matched..
2024/11/05 19:31:39 Paired: 7d44abf2-9bd6-11ef-902d-6acb92f5d28c & 7d44ac06-9bd6-11ef-902d-6acb92f5d28c
2024/11/05 19:31:39 Matched..
2024/11/05 19:31:39 Matched..
2024/11/05 19:31:39 Paired: 7d44ac1a-9bd6-11ef-902d-6acb92f5d28c & 7d44ac2e-9bd6-11ef-902d-6acb92f5d28c
2024/11/05 19:31:39 Matched..
2024/11/05 19:31:39 Matched..
2024/11/05 19:31:39 Paired: 7d44ac38-9bd6-11ef-902d-6acb92f5d28c & 7d44ac4c-9bd6-11ef-902d-6acb92f5d28c
2024/11/05 19:31:39 Matched..
2024/11/05 19:31:39 Matched..
2024/11/05 19:31:39 Paired: 7d44ac60-9bd6-11ef-902d-6acb92f5d28c & 7d44ac74-9bd6-11ef-902d-6acb92f5d28c
2024/11/05 19:31:39 Matched..
2024/11/05 19:31:39 Matched..
2024/11/05 19:31:39 Paired: 7d44ac88-9bd6-11ef-902d-6acb92f5d28c & 7d44ac9c-9bd6-11ef-902d-6acb92f5d28c
2024/11/05 19:31:39 Matched..
2024/11/05 19:31:39 Matched..
2024/11/05 19:31:39 Paired: 7d44aca6-9bd6-11ef-902d-6acb92f5d28c & 7d44acce-9bd6-11ef-902d-6acb92f5d28c
2024/11/05 19:31:39 Matched..
2024/11/05 19:31:39 Matched..
2024/11/05 19:31:39 Paired: 7d44acd8-9bd6-11ef-902d-6acb92f5d28c & 7d44acec-9bd6-11ef-902d-6acb92f5d28c
2024/11/05 19:31:39 Matched..
2024/11/05 19:31:39 Matched..
2024/11/05 19:31:39 Paired: 7d44ad00-9bd6-11ef-902d-6acb92f5d28c & 7d44ad0a-9bd6-11ef-902d-6acb92f5d28c
2024/11/05 19:31:39 Matched..
2024/11/05 19:31:39 Matched..
2024/11/05 19:31:39 Paired: 7d44ad1e-9bd6-11ef-902d-6acb92f5d28c & 7d44ad32-9bd6-11ef-902d-6acb92f5d28c
2024/11/05 19:31:39 Matched..
2024/11/05 19:31:39 Matched..
2024/11/05 19:31:39 Paired: 7d44ad46-9bd6-11ef-902d-6acb92f5d28c & 7d44ad50-9bd6-11ef-902d-6acb92f5d28c
2024/11/05 19:31:39 Matched..
2024/11/05 19:31:39 Matched..
2024/11/05 19:31:39 Paired: 7d44ad64-9bd6-11ef-902d-6acb92f5d28c & 7d44ad78-9bd6-11ef-902d-6acb92f5d28c
2024/11/05 19:31:39 Matched..
2024/11/05 19:31:39 Matched..
2024/11/05 19:31:39 Paired: 7d44ad82-9bd6-11ef-902d-6acb92f5d28c & 7d44ad96-9bd6-11ef-902d-6acb92f5d28c
2024/11/05 19:31:39 Matched..
2024/11/05 19:31:39 Matched..
2024/11/05 19:31:39 Paired: 7d44adaa-9bd6-11ef-902d-6acb92f5d28c & 7d44adb4-9bd6-11ef-902d-6acb92f5d28c
2024/11/05 19:31:39 Matched..
2024/11/05 19:31:39 Matched..
2024/11/05 19:31:39 Paired: 7d44adc8-9bd6-11ef-902d-6acb92f5d28c & 7d44addc-9bd6-11ef-902d-6acb92f5d28c
2024/11/05 19:31:39 Matched..
2024/11/05 19:31:39 Matched..
2024/11/05 19:31:39 Paired: 7d44adf0-9bd6-11ef-902d-6acb92f5d28c & 7d44adfa-9bd6-11ef-902d-6acb92f5d28c
2024/11/05 19:31:39 Matched..
2024/11/05 19:31:39 Matched..
2024/11/05 19:31:39 Paired: 7d44ae0e-9bd6-11ef-902d-6acb92f5d28c & 7d44ae22-9bd6-11ef-902d-6acb92f5d28c
2024/11/05 19:31:39 Matched..
2024/11/05 19:31:39 Matched..
2024/11/05 19:31:39 Paired: 7d44ae2c-9bd6-11ef-902d-6acb92f5d28c & 7d44ae40-9bd6-11ef-902d-6acb92f5d28c
2024/11/05 19:31:39 Matched..
2024/11/05 19:31:39 Matched..
2024/11/05 19:31:39 Paired: 7d44ae54-9bd6-11ef-902d-6acb92f5d28c & 7d44ae5e-9bd6-11ef-902d-6acb92f5d28c
2024/11/05 19:31:39 Matched..
2024/11/05 19:31:39 Matched..
2024/11/05 19:31:39 Paired: 7d44ae72-9bd6-11ef-902d-6acb92f5d28c & 7d44ae86-9bd6-11ef-902d-6acb92f5d28c
2024/11/05 19:31:39 Matched..
2024/11/05 19:31:39 Matched..
2024/11/05 19:31:39 Paired: 7d44ae9a-9bd6-11ef-902d-6acb92f5d28c & 7d44aea4-9bd6-11ef-902d-6acb92f5d28c
2024/11/05 19:31:39 Matched..
2024/11/05 19:31:39 Matched..
2024/11/05 19:31:39 Paired: 7d44aeb8-9bd6-11ef-902d-6acb92f5d28c & 7d44aecc-9bd6-11ef-902d-6acb92f5d28c
2024/11/05 19:31:39 Matched..
2024/11/05 19:31:39 Matched..
2024/11/05 19:31:39 Paired: 7d44aed6-9bd6-11ef-902d-6acb92f5d28c & 7d44aeea-9bd6-11ef-902d-6acb92f5d28c
2024/11/05 19:31:39 Matched..
2024/11/05 19:31:39 Matched..
2024/11/05 19:31:39 Paired: 7d44aefe-9bd6-11ef-902d-6acb92f5d28c & 7d44af08-9bd6-11ef-902d-6acb92f5d28c
2024/11/05 19:31:39 Matched..
2024/11/05 19:31:39 Matched..
2024/11/05 19:31:39 Paired: 7d44af1c-9bd6-11ef-902d-6acb92f5d28c & 7d44af30-9bd6-11ef-902d-6acb92f5d28c
2024/11/05 19:31:39 Matched..
2024/11/05 19:31:39 Matched..
2024/11/05 19:31:39 Paired: 7d44af44-9bd6-11ef-902d-6acb92f5d28c & 7d44af4e-9bd6-11ef-902d-6acb92f5d28c
2024/11/05 19:31:39 Matched..
2024/11/05 19:31:39 Matched..
2024/11/05 19:31:39 Paired: 7d44af62-9bd6-11ef-902d-6acb92f5d28c & 7d44af76-9bd6-11ef-902d-6acb92f5d28c
2024/11/05 19:31:39 Matched..
2024/11/05 19:31:39 Matched..
2024/11/05 19:31:39 Paired: 7d44af80-9bd6-11ef-902d-6acb92f5d28c & 7d44af9e-9bd6-11ef-902d-6acb92f5d28c
2024/11/05 19:31:39 Matched..
2024/11/05 19:31:39 Matched..
2024/11/05 19:31:39 Paired: 7d44afb2-9bd6-11ef-902d-6acb92f5d28c & 7d44afc6-9bd6-11ef-902d-6acb92f5d28c
2024/11/05 19:31:39 Matched..
2024/11/05 19:31:39 Matched..
2024/11/05 19:31:39 Paired: 7d44afda-9bd6-11ef-902d-6acb92f5d28c & 7d44afe4-9bd6-11ef-902d-6acb92f5d28c
2024/11/05 19:31:39 Paired: 7d44aff8-9bd6-11ef-902d-6acb92f5d28c & 7d44b00c-9bd6-11ef-902d-6acb92f5d28c
2024/11/05 19:31:39 Paired: 7d44b020-9bd6-11ef-902d-6acb92f5d28c & 7d44b034-9bd6-11ef-902d-6acb92f5d28c
2024/11/05 19:31:39 Matched..
2024/11/05 19:31:39 Matched..
2024/11/05 19:31:39 Matched..
2024/11/05 19:31:39 Matched..
2024/11/05 19:31:39 Matched..
2024/11/05 19:31:39 Matched..
2024/11/05 19:31:39 Paired: 7d44b03e-9bd6-11ef-902d-6acb92f5d28c & 7d44b052-9bd6-11ef-902d-6acb92f5d28c
2024/11/05 19:31:39 Matched..
2024/11/05 19:31:39 Matched..
2024/11/05 19:31:39 Paired: 7d44b066-9bd6-11ef-902d-6acb92f5d28c & 7d44b07a-9bd6-11ef-902d-6acb92f5d28c
2024/11/05 19:31:39 Matched..
2024/11/05 19:31:39 Matched..
2024/11/05 19:31:39 Paired: 7d44b084-9bd6-11ef-902d-6acb92f5d28c & 7d44b098-9bd6-11ef-902d-6acb92f5d28c
2024/11/05 19:31:39 Matched..
2024/11/05 19:31:39 Matched..
2024/11/05 19:31:39 Paired: 7d44b0ac-9bd6-11ef-902d-6acb92f5d28c & 7d44b0b6-9bd6-11ef-902d-6acb92f5d28c
2024/11/05 19:31:39 Matched..
2024/11/05 19:31:39 Matched..
2024/11/05 19:31:39 Paired: 7d44b0ca-9bd6-11ef-902d-6acb92f5d28c & 7d44b0de-9bd6-11ef-902d-6acb92f5d28c
2024/11/05 19:31:39 Matched..
2024/11/05 19:31:39 Matched..
2024/11/05 19:31:39 Paired: 7d44b0f2-9bd6-11ef-902d-6acb92f5d28c & 7d44b0fc-9bd6-11ef-902d-6acb92f5d28c
2024/11/05 19:31:39 Matched..
2024/11/05 19:31:39 Matched..
2024/11/05 19:31:39 Paired: 7d44b110-9bd6-11ef-902d-6acb92f5d28c & 7d44b124-9bd6-11ef-902d-6acb92f5d28c
2024/11/05 19:31:39 Matched..
2024/11/05 19:31:39 Matched..
2024/11/05 19:31:39 Paired: 7d44b138-9bd6-11ef-902d-6acb92f5d28c & 7d44b142-9bd6-11ef-902d-6acb92f5d28c
2024/11/05 19:31:39 Matched..
2024/11/05 19:31:39 Matched..
2024/11/05 19:31:39 Paired: 7d44b156-9bd6-11ef-902d-6acb92f5d28c & 7d44b16a-9bd6-11ef-902d-6acb92f5d28c
2024/11/05 19:31:39 Matched..
2024/11/05 19:31:39 Matched..
2024/11/05 19:31:39 Paired: 7d44b174-9bd6-11ef-902d-6acb92f5d28c & 7d44b188-9bd6-11ef-902d-6acb92f5d28c
2024/11/05 19:31:39 Matched..
2024/11/05 19:31:39 Matched..
2024/11/05 19:31:39 Paired: 7d44b19c-9bd6-11ef-902d-6acb92f5d28c & 7d44b1b0-9bd6-11ef-902d-6acb92f5d28c
2024/11/05 19:31:39 Matched..
2024/11/05 19:31:39 Matched..
2024/11/05 19:31:39 Paired: 7d44b1ba-9bd6-11ef-902d-6acb92f5d28c & 7d44b1ce-9bd6-11ef-902d-6acb92f5d28c
2024/11/05 19:31:39 Matched..
2024/11/05 19:31:39 Matched..
2024/11/05 19:31:39 Paired: 7d44b1e2-9bd6-11ef-902d-6acb92f5d28c & 7d44b1ec-9bd6-11ef-902d-6acb92f5d28c
2024/11/05 19:31:39 Matched..
2024/11/05 19:31:39 Matched..
2024/11/05 19:31:39 Paired: 7d44b200-9bd6-11ef-902d-6acb92f5d28c & 7d44b214-9bd6-11ef-902d-6acb92f5d28c
2024/11/05 19:31:39 Matched..
2024/11/05 19:31:39 Matched..
2024/11/05 19:31:39 Paired: 7d44b21e-9bd6-11ef-902d-6acb92f5d28c & 7d44b232-9bd6-11ef-902d-6acb92f5d28c
2024/11/05 19:31:39 Matched..
2024/11/05 19:31:39 Matched..
2024/11/05 19:31:39 Paired: 7d44b246-9bd6-11ef-902d-6acb92f5d28c & 7d44b250-9bd6-11ef-902d-6acb92f5d28c
2024/11/05 19:31:39 Matched..
2024/11/05 19:31:39 Matched..
2024/11/05 19:31:39 Paired: 7d44b264-9bd6-11ef-902d-6acb92f5d28c & 7d44b278-9bd6-11ef-902d-6acb92f5d28c
2024/11/05 19:31:39 Matched..
2024/11/05 19:31:39 Matched..
2024/11/05 19:31:39 Paired: 7d44b28c-9bd6-11ef-902d-6acb92f5d28c & 7d44b296-9bd6-11ef-902d-6acb92f5d28c
2024/11/05 19:31:39 Matched..
2024/11/05 19:31:39 Matched..
2024/11/05 19:31:39 Paired: 7d44b2aa-9bd6-11ef-902d-6acb92f5d28c & 7d44b2be-9bd6-11ef-902d-6acb92f5d28c
2024/11/05 19:31:39 Matched..
2024/11/05 19:31:39 Matched..
2024/11/05 19:31:39 Paired: 7d44b2c8-9bd6-11ef-902d-6acb92f5d28c & 7d44b2dc-9bd6-11ef-902d-6acb92f5d28c
2024/11/05 19:31:39 Matched..
2024/11/05 19:31:39 Matched..
2024/11/05 19:31:39 Paired: 7d44b2f0-9bd6-11ef-902d-6acb92f5d28c & 7d44b304-9bd6-11ef-902d-6acb92f5d28c
2024/11/05 19:31:39 Matched..
2024/11/05 19:31:39 Matched..
2024/11/05 19:31:39 Paired: 7d44b30e-9bd6-11ef-902d-6acb92f5d28c & 7d44b322-9bd6-11ef-902d-6acb92f5d28c
2024/11/05 19:31:39 Matched..
2024/11/05 19:31:39 Matched..
2024/11/05 19:31:39 Paired: 7d44b336-9bd6-11ef-902d-6acb92f5d28c & 7d44b34a-9bd6-11ef-902d-6acb92f5d28c
2024/11/05 19:31:39 Matched..
2024/11/05 19:31:39 Matched..
2024/11/05 19:31:39 Paired: 7d44b354-9bd6-11ef-902d-6acb92f5d28c & 7d44b368-9bd6-11ef-902d-6acb92f5d28c
2024/11/05 19:31:39 Matched..
2024/11/05 19:31:39 Matched..
2024/11/05 19:31:39 Paired: 7d44b37c-9bd6-11ef-902d-6acb92f5d28c & 7d44b386-9bd6-11ef-902d-6acb92f5d28c
2024/11/05 19:31:39 Matched..
2024/11/05 19:31:39 Matched..
2024/11/05 19:31:39 Paired: 7d44b39a-9bd6-11ef-902d-6acb92f5d28c & 7d44b3ae-9bd6-11ef-902d-6acb92f5d28c
2024/11/05 19:31:39 Matched..
2024/11/05 19:31:39 Matched..
2024/11/05 19:31:39 Paired: 7d44b3b8-9bd6-11ef-902d-6acb92f5d28c & 7d44b3cc-9bd6-11ef-902d-6acb92f5d28c
2024/11/05 19:31:39 Matched..
2024/11/05 19:31:39 Matched..
2024/11/05 19:31:39 Paired: 7d44b3e0-9bd6-11ef-902d-6acb92f5d28c & 7d44b3f4-9bd6-11ef-902d-6acb92f5d28c
2024/11/05 19:31:39 Matched..
2024/11/05 19:31:39 Matched..
2024/11/05 19:31:39 Paired: 7d44b3fe-9bd6-11ef-902d-6acb92f5d28c & 7d44b412-9bd6-11ef-902d-6acb92f5d28c
2024/11/05 19:31:39 Matched..
2024/11/05 19:31:39 Matched..
2024/11/05 19:31:39 Paired: 7d44b426-9bd6-11ef-902d-6acb92f5d28c & 7d44b43a-9bd6-11ef-902d-6acb92f5d28c
2024/11/05 19:31:39 Matched..
2024/11/05 19:31:39 Matched..
2024/11/05 19:31:39 Paired: 7d44b444-9bd6-11ef-902d-6acb92f5d28c & 7d44b458-9bd6-11ef-902d-6acb92f5d28c
2024/11/05 19:31:39 Matched..
2024/11/05 19:31:39 Matched..
2024/11/05 19:31:39 Paired: 7d44b46c-9bd6-11ef-902d-6acb92f5d28c & 7d44b476-9bd6-11ef-902d-6acb92f5d28c
2024/11/05 19:31:39 Matched..
2024/11/05 19:31:39 Matched..
2024/11/05 19:31:39 Paired: 7d44b48a-9bd6-11ef-902d-6acb92f5d28c & 7d44b49e-9bd6-11ef-902d-6acb92f5d28c
2024/11/05 19:31:39 Matched..
2024/11/05 19:31:39 Matched..
2024/11/05 19:31:39 Paired: 7d44b4b2-9bd6-11ef-902d-6acb92f5d28c & 7d44b4bc-9bd6-11ef-902d-6acb92f5d28c
2024/11/05 19:31:39 Matched..
2024/11/05 19:31:39 Matched..
2024/11/05 19:31:39 Paired: 7d44b4d0-9bd6-11ef-902d-6acb92f5d28c & 7d44b4e4-9bd6-11ef-902d-6acb92f5d28c
2024/11/05 19:31:39 Matched..
2024/11/05 19:31:39 Matched..
2024/11/05 19:31:39 Paired: 7d44b4ee-9bd6-11ef-902d-6acb92f5d28c & 7d44b502-9bd6-11ef-902d-6acb92f5d28c
2024/11/05 19:31:39 Matched..
2024/11/05 19:31:39 Matched..
2024/11/05 19:31:39 Paired: 7d44b516-9bd6-11ef-902d-6acb92f5d28c & 7d44b520-9bd6-11ef-902d-6acb92f5d28c
2024/11/05 19:31:39 Matched..
2024/11/05 19:31:39 Matched..
2024/11/05 19:31:39 Paired: 7d44b534-9bd6-11ef-902d-6acb92f5d28c & 7d44b552-9bd6-11ef-902d-6acb92f5d28c
2024/11/05 19:31:39 Matched..
2024/11/05 19:31:39 Matched..
2024/11/05 19:31:39 Paired: 7d44b566-9bd6-11ef-902d-6acb92f5d28c & 7d44b57a-9bd6-11ef-902d-6acb92f5d28c
2024/11/05 19:31:39 Matched..
2024/11/05 19:31:39 Matched..
2024/11/05 19:31:39 Paired: 7d44b58e-9bd6-11ef-902d-6acb92f5d28c & 7d44b598-9bd6-11ef-902d-6acb92f5d28c
2024/11/05 19:31:39 Matched..
2024/11/05 19:31:39 Matched..
2024/11/05 19:31:39 Paired: 7d44b5ac-9bd6-11ef-902d-6acb92f5d28c & 7d44b5c0-9bd6-11ef-902d-6acb92f5d28c
2024/11/05 19:31:39 Matched..
2024/11/05 19:31:39 Matched..
2024/11/05 19:31:39 Paired: 7d44b5d4-9bd6-11ef-902d-6acb92f5d28c & 7d44b5de-9bd6-11ef-902d-6acb92f5d28c
2024/11/05 19:31:39 Matched..
2024/11/05 19:31:39 Matched..
2024/11/05 19:31:39 Paired: 7d44b5f2-9bd6-11ef-902d-6acb92f5d28c & 7d44b606-9bd6-11ef-902d-6acb92f5d28c
2024/11/05 19:31:39 Matched..
2024/11/05 19:31:39 Matched..
2024/11/05 19:31:39 Paired: 7d44b610-9bd6-11ef-902d-6acb92f5d28c & 7d44b624-9bd6-11ef-902d-6acb92f5d28c
2024/11/05 19:31:39 Matched..
2024/11/05 19:31:39 Matched..
2024/11/05 19:31:39 Paired: 7d44b638-9bd6-11ef-902d-6acb92f5d28c & 7d44b642-9bd6-11ef-902d-6acb92f5d28c
2024/11/05 19:31:39 Matched..
2024/11/05 19:31:39 Matched..
2024/11/05 19:31:39 Paired: 7d44b656-9bd6-11ef-902d-6acb92f5d28c & 7d44b66a-9bd6-11ef-902d-6acb92f5d28c
2024/11/05 19:31:39 Matched..
2024/11/05 19:31:39 Matched..
2024/11/05 19:31:39 Paired: 7d44b67e-9bd6-11ef-902d-6acb92f5d28c & 7d44b688-9bd6-11ef-902d-6acb92f5d28c
2024/11/05 19:31:39 Matched..
2024/11/05 19:31:39 Matched..
2024/11/05 19:31:39 Paired: 7d44b69c-9bd6-11ef-902d-6acb92f5d28c & 7d44b6b0-9bd6-11ef-902d-6acb92f5d28c
2024/11/05 19:31:39 Matched..
2024/11/05 19:31:39 Matched..
2024/11/05 19:31:39 Paired: 7d44b6ba-9bd6-11ef-902d-6acb92f5d28c & 7d44b6ce-9bd6-11ef-902d-6acb92f5d28c
2024/11/05 19:31:39 Matched..
2024/11/05 19:31:39 Matched..
2024/11/05 19:31:39 Paired: 7d44b6f6-9bd6-11ef-902d-6acb92f5d28c & 7d44b700-9bd6-11ef-902d-6acb92f5d28c
2024/11/05 19:31:39 Matched..
2024/11/05 19:31:39 Matched..
2024/11/05 19:31:39 Paired: 7d44b714-9bd6-11ef-902d-6acb92f5d28c & 7d44b728-9bd6-11ef-902d-6acb92f5d28c
2024/11/05 19:31:39 Matched..
2024/11/05 19:31:39 Matched..
2024/11/05 19:31:39 Paired: 7d44b73c-9bd6-11ef-902d-6acb92f5d28c & 7d44b746-9bd6-11ef-902d-6acb92f5d28c
2024/11/05 19:31:39 Matched..
2024/11/05 19:31:39 Matched..
2024/11/05 19:31:39 Paired: 7d44b75a-9bd6-11ef-902d-6acb92f5d28c & 7d44b76e-9bd6-11ef-902d-6acb92f5d28c
2024/11/05 19:31:39 Matched..
2024/11/05 19:31:39 Matched..
2024/11/05 19:31:39 Paired: 7d44b778-9bd6-11ef-902d-6acb92f5d28c & 7d44b78c-9bd6-11ef-902d-6acb92f5d28c
2024/11/05 19:31:39 Matched..
2024/11/05 19:31:39 Matched..
2024/11/05 19:31:39 Paired: 7d44b7a0-9bd6-11ef-902d-6acb92f5d28c & 7d44b7b4-9bd6-11ef-902d-6acb92f5d28c
2024/11/05 19:31:39 Matched..
2024/11/05 19:31:39 Matched..
2024/11/05 19:31:39 Paired: 7d44b7be-9bd6-11ef-902d-6acb92f5d28c & 7d44b7d2-9bd6-11ef-902d-6acb92f5d28c
2024/11/05 19:31:39 Matched..
2024/11/05 19:31:39 Matched..
2024/11/05 19:31:39 Paired: 7d44b7e6-9bd6-11ef-902d-6acb92f5d28c & 7d44b7fa-9bd6-11ef-902d-6acb92f5d28c
2024/11/05 19:31:39 Matched..
2024/11/05 19:31:39 Matched..
2024/11/05 19:31:39 Paired: 7d44b804-9bd6-11ef-902d-6acb92f5d28c & 7d44b818-9bd6-11ef-902d-6acb92f5d28c
2024/11/05 19:31:39 Matched..
2024/11/05 19:31:39 Matched..
2024/11/05 19:31:39 Paired: 7d44b82c-9bd6-11ef-902d-6acb92f5d28c & 7d44b836-9bd6-11ef-902d-6acb92f5d28c
2024/11/05 19:31:39 Matched..
2024/11/05 19:31:39 Matched..
2024/11/05 19:31:39 Paired: 7d44b84a-9bd6-11ef-902d-6acb92f5d28c & 7d44b85e-9bd6-11ef-902d-6acb92f5d28c
2024/11/05 19:31:39 Matched..
2024/11/05 19:31:39 Matched..
2024/11/05 19:31:39 Paired: 7d44b868-9bd6-11ef-902d-6acb92f5d28c & 7d44b87c-9bd6-11ef-902d-6acb92f5d28c
2024/11/05 19:31:39 Matched..
2024/11/05 19:31:39 Matched..
2024/11/05 19:31:39 Paired: 7d44b890-9bd6-11ef-902d-6acb92f5d28c & 7d44b8a4-9bd6-11ef-902d-6acb92f5d28c
2024/11/05 19:31:39 Matched..
2024/11/05 19:31:39 Matched..
2024/11/05 19:31:39 Paired: 7d44b8ae-9bd6-11ef-902d-6acb92f5d28c & 7d44b8c2-9bd6-11ef-902d-6acb92f5d28c
2024/11/05 19:31:39 Matched..
2024/11/05 19:31:39 Matched..
2024/11/05 19:31:39 Paired: 7d44b8cc-9bd6-11ef-902d-6acb92f5d28c & 7d44b8e0-9bd6-11ef-902d-6acb92f5d28c
2024/11/05 19:31:39 Matched..
2024/11/05 19:31:39 Matched..
2024/11/05 19:31:39 Matched..
2024/11/05 19:31:39 Matched..
2024/11/05 19:31:39 Paired: 7d44b8ea-9bd6-11ef-902d-6acb92f5d28c & 7d44b8fe-9bd6-11ef-902d-6acb92f5d28c
2024/11/05 19:31:39 Paired: 7d44b908-9bd6-11ef-902d-6acb92f5d28c & 7d44b91c-9bd6-11ef-902d-6acb92f5d28c
2024/11/05 19:31:39 Matched..
2024/11/05 19:31:39 Matched..
2024/11/05 19:31:39 Paired: 7d44b930-9bd6-11ef-902d-6acb92f5d28c & 7d44b93a-9bd6-11ef-902d-6acb92f5d28c
2024/11/05 19:31:39 Matched..
2024/11/05 19:31:39 Matched..
2024/11/05 19:31:39 Paired: 7d44b94e-9bd6-11ef-902d-6acb92f5d28c & 7d44b958-9bd6-11ef-902d-6acb92f5d28c
2024/11/05 19:31:39 Matched..
2024/11/05 19:31:39 Matched..
2024/11/05 19:31:39 Paired: 7d44b96c-9bd6-11ef-902d-6acb92f5d28c & 7d44b976-9bd6-11ef-902d-6acb92f5d28c
2024/11/05 19:31:39 Matched..
2024/11/05 19:31:39 Matched..
2024/11/05 19:31:39 Paired: 7d44b98a-9bd6-11ef-902d-6acb92f5d28c & 7d44b994-9bd6-11ef-902d-6acb92f5d28c
2024/11/05 19:31:39 Matched..
2024/11/05 19:31:39 Matched..
2024/11/05 19:31:39 Paired: 7d44b9a8-9bd6-11ef-902d-6acb92f5d28c & 7d44b9bc-9bd6-11ef-902d-6acb92f5d28c
2024/11/05 19:31:39 Matched..
2024/11/05 19:31:39 Matched..
2024/11/05 19:31:39 Paired: 7d44b9c6-9bd6-11ef-902d-6acb92f5d28c & 7d44b9da-9bd6-11ef-902d-6acb92f5d28c
2024/11/05 19:31:39 Matched..
2024/11/05 19:31:39 Matched..
2024/11/05 19:31:39 Paired: 7d44b9e4-9bd6-11ef-902d-6acb92f5d28c & 7d44b9f8-9bd6-11ef-902d-6acb92f5d28c
2024/11/05 19:31:39 Matched..
2024/11/05 19:31:39 Matched..
2024/11/05 19:31:39 Paired: 7d44ba02-9bd6-11ef-902d-6acb92f5d28c & 7d44ba16-9bd6-11ef-902d-6acb92f5d28c
2024/11/05 19:31:39 Matched..
2024/11/05 19:31:39 Matched..
2024/11/05 19:31:39 Paired: 7d44ba20-9bd6-11ef-902d-6acb92f5d28c & 7d44ba34-9bd6-11ef-902d-6acb92f5d28c
2024/11/05 19:31:39 Matched..
2024/11/05 19:31:39 Matched..
2024/11/05 19:31:39 Paired: 7d44ba3e-9bd6-11ef-902d-6acb92f5d28c & 7d44ba52-9bd6-11ef-902d-6acb92f5d28c
2024/11/05 19:31:39 Matched..
2024/11/05 19:31:39 Matched..
2024/11/05 19:31:39 Paired: 7d44ba5c-9bd6-11ef-902d-6acb92f5d28c & 7d44ba70-9bd6-11ef-902d-6acb92f5d28c
2024/11/05 19:31:39 Matched..
2024/11/05 19:31:39 Matched..
2024/11/05 19:31:39 Paired: 7d44ba84-9bd6-11ef-902d-6acb92f5d28c & 7d44ba8e-9bd6-11ef-902d-6acb92f5d28c
2024/11/05 19:31:39 Matched..
2024/11/05 19:31:39 Matched..
2024/11/05 19:31:39 Paired: 7d44baa2-9bd6-11ef-902d-6acb92f5d28c & 7d44baac-9bd6-11ef-902d-6acb92f5d28c
2024/11/05 19:31:39 Matched..
2024/11/05 19:31:39 Matched..
2024/11/05 19:31:39 Paired: 7d44bac0-9bd6-11ef-902d-6acb92f5d28c & 7d44baca-9bd6-11ef-902d-6acb92f5d28c
2024/11/05 19:31:39 Matched..
2024/11/05 19:31:39 Matched..
2024/11/05 19:31:39 Paired: 7d44bade-9bd6-11ef-902d-6acb92f5d28c & 7d44baf2-9bd6-11ef-902d-6acb92f5d28c
2024/11/05 19:31:39 Matched..
2024/11/05 19:31:39 Matched..
2024/11/05 19:31:39 Paired: 7d44bb06-9bd6-11ef-902d-6acb92f5d28c & 7d44bb1a-9bd6-11ef-902d-6acb92f5d28c
2024/11/05 19:31:39 Matched..
2024/11/05 19:31:39 Matched..
2024/11/05 19:31:39 Paired: 7d44bb24-9bd6-11ef-902d-6acb92f5d28c & 7d44bb38-9bd6-11ef-902d-6acb92f5d28c
2024/11/05 19:31:39 Matched..
2024/11/05 19:31:39 Matched..
2024/11/05 19:31:39 Paired: 7d44bb56-9bd6-11ef-902d-6acb92f5d28c & 7d44bb60-9bd6-11ef-902d-6acb92f5d28c
2024/11/05 19:31:39 Matched..
2024/11/05 19:31:39 Matched..
2024/11/05 19:31:39 Paired: 7d44bb74-9bd6-11ef-902d-6acb92f5d28c & 7d44bb88-9bd6-11ef-902d-6acb92f5d28c
2024/11/05 19:31:39 Matched..
2024/11/05 19:31:39 Matched..
2024/11/05 19:31:39 Paired: 7d44bb92-9bd6-11ef-902d-6acb92f5d28c & 7d44bba6-9bd6-11ef-902d-6acb92f5d28c
2024/11/05 19:31:39 Matched..
2024/11/05 19:31:39 Matched..
2024/11/05 19:31:39 Paired: 7d44bbb0-9bd6-11ef-902d-6acb92f5d28c & 7d44bbc4-9bd6-11ef-902d-6acb92f5d28c
2024/11/05 19:31:39 Matched..
2024/11/05 19:31:39 Matched..
2024/11/05 19:31:39 Paired: 7d44bbce-9bd6-11ef-902d-6acb92f5d28c & 7d44bbe2-9bd6-11ef-902d-6acb92f5d28c
2024/11/05 19:31:39 Matched..
2024/11/05 19:31:39 Matched..
2024/11/05 19:31:39 Paired: 7d44bbf6-9bd6-11ef-902d-6acb92f5d28c & 7d44bc00-9bd6-11ef-902d-6acb92f5d28c
2024/11/05 19:31:39 Matched..
2024/11/05 19:31:39 Matched..
2024/11/05 19:31:39 Paired: 7d44bc14-9bd6-11ef-902d-6acb92f5d28c & 7d44bc1e-9bd6-11ef-902d-6acb92f5d28c
2024/11/05 19:31:39 Matched..
2024/11/05 19:31:39 Matched..
2024/11/05 19:31:39 Paired: 7d44bc32-9bd6-11ef-902d-6acb92f5d28c & 7d44bc3c-9bd6-11ef-902d-6acb92f5d28c
2024/11/05 19:31:39 Matched..
2024/11/05 19:31:39 Matched..
2024/11/05 19:31:39 Paired: 7d44bc50-9bd6-11ef-902d-6acb92f5d28c & 7d44bc5a-9bd6-11ef-902d-6acb92f5d28c
2024/11/05 19:31:39 Matched..
2024/11/05 19:31:39 Matched..
2024/11/05 19:31:39 Paired: 7d44bc6e-9bd6-11ef-902d-6acb92f5d28c & 7d44bc82-9bd6-11ef-902d-6acb92f5d28c
2024/11/05 19:31:39 Matched..
2024/11/05 19:31:39 Matched..
2024/11/05 19:31:39 Paired: 7d44bc8c-9bd6-11ef-902d-6acb92f5d28c & 7d44bca0-9bd6-11ef-902d-6acb92f5d28c
2024/11/05 19:31:39 Matched..
2024/11/05 19:31:39 Matched..
2024/11/05 19:31:39 Paired: 7d44bcaa-9bd6-11ef-902d-6acb92f5d28c & 7d44bcbe-9bd6-11ef-902d-6acb92f5d28c
2024/11/05 19:31:39 Matched..
2024/11/05 19:31:39 Matched..
2024/11/05 19:31:39 Paired: 7d44bcc8-9bd6-11ef-902d-6acb92f5d28c & 7d44bcdc-9bd6-11ef-902d-6acb92f5d28c
2024/11/05 19:31:39 Matched..
2024/11/05 19:31:39 Matched..
2024/11/05 19:31:39 Paired: 7d44bce6-9bd6-11ef-902d-6acb92f5d28c & 7d44bcfa-9bd6-11ef-902d-6acb92f5d28c
2024/11/05 19:31:39 Matched..
2024/11/05 19:31:39 Matched..
2024/11/05 19:31:39 Paired: 7d44bd0e-9bd6-11ef-902d-6acb92f5d28c & 7d44bd18-9bd6-11ef-902d-6acb92f5d28c
2024/11/05 19:31:39 Matched..
2024/11/05 19:31:39 Matched..
2024/11/05 19:31:39 Paired: 7d44bd2c-9bd6-11ef-902d-6acb92f5d28c & 7d44bd36-9bd6-11ef-902d-6acb92f5d28c
2024/11/05 19:31:39 Matched..
2024/11/05 19:31:39 Matched..
2024/11/05 19:31:39 Paired: 7d44bd4a-9bd6-11ef-902d-6acb92f5d28c & 7d44bd54-9bd6-11ef-902d-6acb92f5d28c
2024/11/05 19:31:39 Matched..
2024/11/05 19:31:39 Matched..
2024/11/05 19:31:39 Paired: 7d44bd68-9bd6-11ef-902d-6acb92f5d28c & 7d44bd7c-9bd6-11ef-902d-6acb92f5d28c
2024/11/05 19:31:39 Matched..
2024/11/05 19:31:39 Matched..
2024/11/05 19:31:39 Paired: 7d44bd86-9bd6-11ef-902d-6acb92f5d28c & 7d44bd9a-9bd6-11ef-902d-6acb92f5d28c
2024/11/05 19:31:39 Matched..
2024/11/05 19:31:39 Matched..
2024/11/05 19:31:39 Paired: 7d44bdae-9bd6-11ef-902d-6acb92f5d28c & 7d44bdb8-9bd6-11ef-902d-6acb92f5d28c
2024/11/05 19:31:39 Matched..
2024/11/05 19:31:39 Matched..
2024/11/05 19:31:39 Paired: 7d44bdcc-9bd6-11ef-902d-6acb92f5d28c & 7d44bdd6-9bd6-11ef-902d-6acb92f5d28c
2024/11/05 19:31:39 Matched..
2024/11/05 19:31:39 Matched..
2024/11/05 19:31:39 Paired: 7d44bdea-9bd6-11ef-902d-6acb92f5d28c & 7d44bdf4-9bd6-11ef-902d-6acb92f5d28c
2024/11/05 19:31:39 Matched..
2024/11/05 19:31:39 Matched..
2024/11/05 19:31:39 Paired: 7d44be08-9bd6-11ef-902d-6acb92f5d28c & 7d44be12-9bd6-11ef-902d-6acb92f5d28c
2024/11/05 19:31:39 Matched..
2024/11/05 19:31:39 Matched..
2024/11/05 19:31:39 Paired: 7d44be26-9bd6-11ef-902d-6acb92f5d28c & 7d44be30-9bd6-11ef-902d-6acb92f5d28c
2024/11/05 19:31:39 Matched..
2024/11/05 19:31:39 Matched..
2024/11/05 19:31:39 Paired: 7d44be44-9bd6-11ef-902d-6acb92f5d28c & 7d44be58-9bd6-11ef-902d-6acb92f5d28c
2024/11/05 19:31:39 Matched..
2024/11/05 19:31:39 Matched..
2024/11/05 19:31:39 Paired: 7d44be62-9bd6-11ef-902d-6acb92f5d28c & 7d44be76-9bd6-11ef-902d-6acb92f5d28c
2024/11/05 19:31:39 Matched..
2024/11/05 19:31:39 Matched..
2024/11/05 19:31:39 Paired: 7d44be80-9bd6-11ef-902d-6acb92f5d28c & 7d44be94-9bd6-11ef-902d-6acb92f5d28c
2024/11/05 19:31:39 Matched..
2024/11/05 19:31:39 Matched..
2024/11/05 19:31:39 Paired: 7d44be9e-9bd6-11ef-902d-6acb92f5d28c & 7d44beb2-9bd6-11ef-902d-6acb92f5d28c
2024/11/05 19:31:39 Matched..
2024/11/05 19:31:39 Matched..
2024/11/05 19:31:39 Paired: 7d44bec6-9bd6-11ef-902d-6acb92f5d28c & 7d44bed0-9bd6-11ef-902d-6acb92f5d28c
2024/11/05 19:31:39 Matched..
2024/11/05 19:31:39 Matched..
2024/11/05 19:31:39 Paired: 7d44bee4-9bd6-11ef-902d-6acb92f5d28c & 7d44beee-9bd6-11ef-902d-6acb92f5d28c
2024/11/05 19:31:39 Matched..
2024/11/05 19:31:39 Matched..
2024/11/05 19:31:39 Paired: 7d44bf02-9bd6-11ef-902d-6acb92f5d28c & 7d44bf0c-9bd6-11ef-902d-6acb92f5d28c
2024/11/05 19:31:39 Matched..
2024/11/05 19:31:39 Matched..
2024/11/05 19:31:39 Paired: 7d44bf20-9bd6-11ef-902d-6acb92f5d28c & 7d44bf2a-9bd6-11ef-902d-6acb92f5d28c
2024/11/05 19:31:39 Matched..
2024/11/05 19:31:39 Matched..
2024/11/05 19:31:39 Paired: 7d44bf3e-9bd6-11ef-902d-6acb92f5d28c & 7d44bf48-9bd6-11ef-902d-6acb92f5d28c
2024/11/05 19:31:39 Matched..
2024/11/05 19:31:39 Matched..
2024/11/05 19:31:39 Paired: 7d44bf5c-9bd6-11ef-902d-6acb92f5d28c & 7d44bf70-9bd6-11ef-902d-6acb92f5d28c
2024/11/05 19:31:39 Matched..
2024/11/05 19:31:39 Matched..
2024/11/05 19:31:39 Paired: 7d44bf7a-9bd6-11ef-902d-6acb92f5d28c & 7d44bf8e-9bd6-11ef-902d-6acb92f5d28c
2024/11/05 19:31:39 Matched..
2024/11/05 19:31:39 Matched..
2024/11/05 19:31:39 Paired: 7d44bf98-9bd6-11ef-902d-6acb92f5d28c & 7d44bfac-9bd6-11ef-902d-6acb92f5d28c
2024/11/05 19:31:39 Matched..
2024/11/05 19:31:39 Matched..
2024/11/05 19:31:39 Paired: 7d44bfb6-9bd6-11ef-902d-6acb92f5d28c & 7d44bfca-9bd6-11ef-902d-6acb92f5d28c
2024/11/05 19:31:39 Matched..
2024/11/05 19:31:39 Matched..
2024/11/05 19:31:39 Paired: 7d44bfd4-9bd6-11ef-902d-6acb92f5d28c & 7d44bfe8-9bd6-11ef-902d-6acb92f5d28c
2024/11/05 19:31:39 Matched..
2024/11/05 19:31:39 Matched..
2024/11/05 19:31:39 Paired: 7d44bff2-9bd6-11ef-902d-6acb92f5d28c & 7d44c006-9bd6-11ef-902d-6acb92f5d28c
2024/11/05 19:31:39 Matched..
2024/11/05 19:31:39 Matched..
2024/11/05 19:31:39 Paired: 7d44c01a-9bd6-11ef-902d-6acb92f5d28c & 7d44c038-9bd6-11ef-902d-6acb92f5d28c
2024/11/05 19:31:39 Matched..
2024/11/05 19:31:39 Matched..
2024/11/05 19:31:39 Paired: 7d44c056-9bd6-11ef-902d-6acb92f5d28c & 7d44c06a-9bd6-11ef-902d-6acb92f5d28c
2024/11/05 19:31:39 Matched..
2024/11/05 19:31:39 Matched..
2024/11/05 19:31:39 Paired: 7d44c074-9bd6-11ef-902d-6acb92f5d28c & 7d44c088-9bd6-11ef-902d-6acb92f5d28c
2024/11/05 19:31:39 Matched..
2024/11/05 19:31:39 Matched..
2024/11/05 19:31:39 Paired: 7d44c092-9bd6-11ef-902d-6acb92f5d28c & 7d44c0a6-9bd6-11ef-902d-6acb92f5d28c
2024/11/05 19:31:39 Matched..
2024/11/05 19:31:39 Matched..
2024/11/05 19:31:39 Paired: 7d44c0ba-9bd6-11ef-902d-6acb92f5d28c & 7d44c0c4-9bd6-11ef-902d-6acb92f5d28c
2024/11/05 19:31:39 Matched..
2024/11/05 19:31:39 Matched..
2024/11/05 19:31:39 Paired: 7d44c0d8-9bd6-11ef-902d-6acb92f5d28c & 7d44c0e2-9bd6-11ef-902d-6acb92f5d28c
2024/11/05 19:31:39 Matched..
2024/11/05 19:31:39 Matched..
2024/11/05 19:31:39 Paired: 7d44c0f6-9bd6-11ef-902d-6acb92f5d28c & 7d44c114-9bd6-11ef-902d-6acb92f5d28c
2024/11/05 19:31:39 Matched..
2024/11/05 19:31:39 Matched..
2024/11/05 19:31:39 Paired: 7d44c128-9bd6-11ef-902d-6acb92f5d28c & 7d44c13c-9bd6-11ef-902d-6acb92f5d28c
2024/11/05 19:31:39 Matched..
2024/11/05 19:31:39 Matched..
2024/11/05 19:31:39 Paired: 7d44c150-9bd6-11ef-902d-6acb92f5d28c & 7d44c164-9bd6-11ef-902d-6acb92f5d28c
2024/11/05 19:31:39 Paired: 7d44c178-9bd6-11ef-902d-6acb92f5d28c & 7d44c18c-9bd6-11ef-902d-6acb92f5d28c
2024/11/05 19:31:39 Matched..
2024/11/05 19:31:39 Matched..
2024/11/05 19:31:39 Matched..
2024/11/05 19:31:39 Matched..
2024/11/05 19:31:39 Matched..
2024/11/05 19:31:39 Matched..
2024/11/05 19:31:39 Paired: 7d44c1aa-9bd6-11ef-902d-6acb92f5d28c & 7d44c1be-9bd6-11ef-902d-6acb92f5d28c
2024/11/05 19:31:39 Paired: 7d44c1d2-9bd6-11ef-902d-6acb92f5d28c & 7d44c1e6-9bd6-11ef-902d-6acb92f5d28c
2024/11/05 19:31:39 Matched..
2024/11/05 19:31:39 Matched..
2024/11/05 19:31:39 Paired: 7d44c1fa-9bd6-11ef-902d-6acb92f5d28c & 7d44c20e-9bd6-11ef-902d-6acb92f5d28c
2024/11/05 19:31:39 Matched..
2024/11/05 19:31:39 Matched..
2024/11/05 19:31:39 Paired: 7d44c22c-9bd6-11ef-902d-6acb92f5d28c & 7d44c240-9bd6-11ef-902d-6acb92f5d28c
2024/11/05 19:31:39 Matched..
2024/11/05 19:31:39 Matched..
2024/11/05 19:31:39 Paired: 7d44c254-9bd6-11ef-902d-6acb92f5d28c & 7d44c268-9bd6-11ef-902d-6acb92f5d28c
2024/11/05 19:31:39 Matched..
2024/11/05 19:31:39 Matched..
2024/11/05 19:31:39 Paired: 7d44c27c-9bd6-11ef-902d-6acb92f5d28c & 7d44c29a-9bd6-11ef-902d-6acb92f5d28c
2024/11/05 19:31:39 Matched..
2024/11/05 19:31:39 Matched..
2024/11/05 19:31:39 Paired: 7d44c2ae-9bd6-11ef-902d-6acb92f5d28c & 7d44c2c2-9bd6-11ef-902d-6acb92f5d28c
2024/11/05 19:31:39 Matched..
2024/11/05 19:31:39 Matched..
2024/11/05 19:31:39 Paired: 7d44c2cc-9bd6-11ef-902d-6acb92f5d28c & 7d44c2e0-9bd6-11ef-902d-6acb92f5d28c
2024/11/05 19:31:39 Matched..
2024/11/05 19:31:39 Matched..
2024/11/05 19:31:39 Paired: 7d44c2f4-9bd6-11ef-902d-6acb92f5d28c & 7d44c2fe-9bd6-11ef-902d-6acb92f5d28c
2024/11/05 19:31:39 Matched..
2024/11/05 19:31:39 Matched..
2024/11/05 19:31:39 Paired: 7d44c312-9bd6-11ef-902d-6acb92f5d28c & 7d44c326-9bd6-11ef-902d-6acb92f5d28c
2024/11/05 19:31:39 Matched..
2024/11/05 19:31:39 Matched..
2024/11/05 19:31:39 Paired: 7d44c330-9bd6-11ef-902d-6acb92f5d28c & 7d44c344-9bd6-11ef-902d-6acb92f5d28c
2024/11/05 19:31:39 Matched..
2024/11/05 19:31:39 Matched..
2024/11/05 19:31:39 Paired: 7d44c358-9bd6-11ef-902d-6acb92f5d28c & 7d44c36c-9bd6-11ef-902d-6acb92f5d28c
2024/11/05 19:31:39 Matched..
2024/11/05 19:31:39 Matched..
2024/11/05 19:31:39 Paired: 7d44c376-9bd6-11ef-902d-6acb92f5d28c & 7d44c38a-9bd6-11ef-902d-6acb92f5d28c
2024/11/05 19:31:39 Matched..
2024/11/05 19:31:39 Matched..
2024/11/05 19:31:39 Paired: 7d44c39e-9bd6-11ef-902d-6acb92f5d28c & 7d44c3a8-9bd6-11ef-902d-6acb92f5d28c
2024/11/05 19:31:39 Matched..
2024/11/05 19:31:39 Matched..
2024/11/05 19:31:39 Paired: 7d44c3bc-9bd6-11ef-902d-6acb92f5d28c & 7d44c3d0-9bd6-11ef-902d-6acb92f5d28c
2024/11/05 19:31:39 Matched..
2024/11/05 19:31:39 Matched..
2024/11/05 19:31:39 Paired: 7d44c3da-9bd6-11ef-902d-6acb92f5d28c & 7d44c3ee-9bd6-11ef-902d-6acb92f5d28c
2024/11/05 19:31:39 Matched..
2024/11/05 19:31:39 Matched..
2024/11/05 19:31:39 Paired: 7d44c402-9bd6-11ef-902d-6acb92f5d28c & 7d44c40c-9bd6-11ef-902d-6acb92f5d28c
2024/11/05 19:31:39 Matched..
2024/11/05 19:31:39 Matched..
2024/11/05 19:31:39 Paired: 7d44c420-9bd6-11ef-902d-6acb92f5d28c & 7d44c434-9bd6-11ef-902d-6acb92f5d28c
2024/11/05 19:31:39 Matched..
2024/11/05 19:31:39 Matched..
2024/11/05 19:31:39 Paired: 7d44c448-9bd6-11ef-902d-6acb92f5d28c & 7d44c452-9bd6-11ef-902d-6acb92f5d28c
2024/11/05 19:31:39 Matched..
2024/11/05 19:31:39 Matched..
2024/11/05 19:31:39 Paired: 7d44c466-9bd6-11ef-902d-6acb92f5d28c & 7d44c47a-9bd6-11ef-902d-6acb92f5d28c
2024/11/05 19:31:39 Matched..
2024/11/05 19:31:39 Matched..
2024/11/05 19:31:39 Paired: 7d44c484-9bd6-11ef-902d-6acb92f5d28c & 7d44c498-9bd6-11ef-902d-6acb92f5d28c
2024/11/05 19:31:39 Matched..
2024/11/05 19:31:39 Matched..
2024/11/05 19:31:39 Paired: 7d44c4ac-9bd6-11ef-902d-6acb92f5d28c & 7d44c4c0-9bd6-11ef-902d-6acb92f5d28c
2024/11/05 19:31:39 Matched..
2024/11/05 19:31:39 Matched..
2024/11/05 19:31:39 Paired: 7d44c4ca-9bd6-11ef-902d-6acb92f5d28c & 7d44c4de-9bd6-11ef-902d-6acb92f5d28c
2024/11/05 19:31:39 Matched..
2024/11/05 19:31:39 Matched..
2024/11/05 19:31:39 Paired: 7d44c4f2-9bd6-11ef-902d-6acb92f5d28c & 7d44c4fc-9bd6-11ef-902d-6acb92f5d28c
2024/11/05 19:31:39 Matched..
2024/11/05 19:31:39 Matched..
2024/11/05 19:31:39 Paired: 7d44c510-9bd6-11ef-902d-6acb92f5d28c & 7d44c524-9bd6-11ef-902d-6acb92f5d28c
2024/11/05 19:31:39 Matched..
2024/11/05 19:31:39 Matched..
2024/11/05 19:31:39 Paired: 7d44c538-9bd6-11ef-902d-6acb92f5d28c & 7d44c542-9bd6-11ef-902d-6acb92f5d28c
2024/11/05 19:31:39 Matched..
2024/11/05 19:31:39 Matched..
2024/11/05 19:31:39 Paired: 7d44c556-9bd6-11ef-902d-6acb92f5d28c & 7d44c56a-9bd6-11ef-902d-6acb92f5d28c
2024/11/05 19:31:39 Matched..
2024/11/05 19:31:39 Matched..
2024/11/05 19:31:39 Paired: 7d44c574-9bd6-11ef-902d-6acb92f5d28c & 7d44c588-9bd6-11ef-902d-6acb92f5d28c
2024/11/05 19:31:39 Matched..
2024/11/05 19:31:39 Matched..
2024/11/05 19:31:39 Paired: 7d44c59c-9bd6-11ef-902d-6acb92f5d28c & 7d44c5a6-9bd6-11ef-902d-6acb92f5d28c
2024/11/05 19:31:39 Matched..
2024/11/05 19:31:39 Matched..
2024/11/05 19:31:39 Paired: 7d44c5ba-9bd6-11ef-902d-6acb92f5d28c & 7d44c5e2-9bd6-11ef-902d-6acb92f5d28c
2024/11/05 19:31:39 Matched..
2024/11/05 19:31:39 Matched..
2024/11/05 19:31:39 Paired: 7d44c5f6-9bd6-11ef-902d-6acb92f5d28c & 7d44c60a-9bd6-11ef-902d-6acb92f5d28c
2024/11/05 19:31:39 Matched..
2024/11/05 19:31:39 Matched..
2024/11/05 19:31:39 Paired: 7d44c61e-9bd6-11ef-902d-6acb92f5d28c & 7d44c63c-9bd6-11ef-902d-6acb92f5d28c
2024/11/05 19:31:39 Matched..
2024/11/05 19:31:39 Matched..
2024/11/05 19:31:39 Paired: 7d44c650-9bd6-11ef-902d-6acb92f5d28c & 7d44c664-9bd6-11ef-902d-6acb92f5d28c
2024/11/05 19:31:39 Matched..
2024/11/05 19:31:39 Matched..
2024/11/05 19:31:39 Paired: 7d44c678-9bd6-11ef-902d-6acb92f5d28c & 7d44c68c-9bd6-11ef-902d-6acb92f5d28c
2024/11/05 19:31:39 Matched..
2024/11/05 19:31:39 Matched..
2024/11/05 19:31:39 Paired: 7d44c6a0-9bd6-11ef-902d-6acb92f5d28c & 7d44c6b4-9bd6-11ef-902d-6acb92f5d28c
2024/11/05 19:31:39 Matched..
2024/11/05 19:31:39 Matched..
2024/11/05 19:31:39 Paired: 7d44c6c8-9bd6-11ef-902d-6acb92f5d28c & 7d44c6dc-9bd6-11ef-902d-6acb92f5d28c
2024/11/05 19:31:39 Matched..
2024/11/05 19:31:39 Matched..
2024/11/05 19:31:39 Paired: 7d44c6fa-9bd6-11ef-902d-6acb92f5d28c & 7d44c70e-9bd6-11ef-902d-6acb92f5d28c
2024/11/05 19:31:39 Matched..
2024/11/05 19:31:39 Matched..
2024/11/05 19:31:39 Paired: 7d44c722-9bd6-11ef-902d-6acb92f5d28c & 7d44c736-9bd6-11ef-902d-6acb92f5d28c
2024/11/05 19:31:39 Matched..
2024/11/05 19:31:39 Matched..
2024/11/05 19:31:39 Paired: 7d44c74a-9bd6-11ef-902d-6acb92f5d28c & 7d44c754-9bd6-11ef-902d-6acb92f5d28c
2024/11/05 19:31:39 Matched..
2024/11/05 19:31:39 Matched..
2024/11/05 19:31:39 Paired: 7d44c768-9bd6-11ef-902d-6acb92f5d28c & 7d44c77c-9bd6-11ef-902d-6acb92f5d28c
2024/11/05 19:31:39 Matched..
2024/11/05 19:31:39 Matched..
2024/11/05 19:31:39 Paired: 7d44c790-9bd6-11ef-902d-6acb92f5d28c & 7d44c7a4-9bd6-11ef-902d-6acb92f5d28c
2024/11/05 19:31:39 Matched..
2024/11/05 19:31:39 Matched..
2024/11/05 19:31:39 Paired: 7d44c7b8-9bd6-11ef-902d-6acb92f5d28c & 7d44c7cc-9bd6-11ef-902d-6acb92f5d28c
2024/11/05 19:31:39 Matched..
2024/11/05 19:31:39 Matched..
2024/11/05 19:31:39 Paired: 7d44c7d6-9bd6-11ef-902d-6acb92f5d28c & 7d44c7ea-9bd6-11ef-902d-6acb92f5d28c
2024/11/05 19:31:39 Matched..
2024/11/05 19:31:39 Matched..
2024/11/05 19:31:39 Paired: 7d44c7fe-9bd6-11ef-902d-6acb92f5d28c & 7d44c812-9bd6-11ef-902d-6acb92f5d28c
2024/11/05 19:31:39 Matched..
2024/11/05 19:31:39 Matched..
2024/11/05 19:31:39 Paired: 7d44c826-9bd6-11ef-902d-6acb92f5d28c & 7d44c83a-9bd6-11ef-902d-6acb92f5d28c
2024/11/05 19:31:39 Matched..
2024/11/05 19:31:39 Matched..
2024/11/05 19:31:39 Paired: 7d44c844-9bd6-11ef-902d-6acb92f5d28c & 7d44c858-9bd6-11ef-902d-6acb92f5d28c
2024/11/05 19:31:39 Matched..
2024/11/05 19:31:39 Matched..
2024/11/05 19:31:39 Paired: 7d44c86c-9bd6-11ef-902d-6acb92f5d28c & 7d44c880-9bd6-11ef-902d-6acb92f5d28c
2024/11/05 19:31:39 Matched..
2024/11/05 19:31:39 Matched..
2024/11/05 19:31:39 Paired: 7d44c894-9bd6-11ef-902d-6acb92f5d28c & 7d44c8a8-9bd6-11ef-902d-6acb92f5d28c
2024/11/05 19:31:39 Matched..
2024/11/05 19:31:39 Matched..
2024/11/05 19:31:39 Paired: 7d44c8b2-9bd6-11ef-902d-6acb92f5d28c & 7d44c8c6-9bd6-11ef-902d-6acb92f5d28c
2024/11/05 19:31:39 Matched..
2024/11/05 19:31:39 Matched..
2024/11/05 19:31:39 Paired: 7d44c8da-9bd6-11ef-902d-6acb92f5d28c & 7d44c8ee-9bd6-11ef-902d-6acb92f5d28c
2024/11/05 19:31:39 Matched..
2024/11/05 19:31:39 Matched..
2024/11/05 19:31:39 Paired: 7d44c8f8-9bd6-11ef-902d-6acb92f5d28c & 7d44c90c-9bd6-11ef-902d-6acb92f5d28c
2024/11/05 19:31:39 Matched..
2024/11/05 19:31:39 Matched..
2024/11/05 19:31:39 Paired: 7d44c920-9bd6-11ef-902d-6acb92f5d28c & 7d44c934-9bd6-11ef-902d-6acb92f5d28c
2024/11/05 19:31:39 Matched..
2024/11/05 19:31:39 Matched..
2024/11/05 19:31:39 Paired: 7d44c948-9bd6-11ef-902d-6acb92f5d28c & 7d44c95c-9bd6-11ef-902d-6acb92f5d28c
2024/11/05 19:31:39 Matched..
2024/11/05 19:31:39 Matched..
2024/11/05 19:31:39 Paired: 7d44c966-9bd6-11ef-902d-6acb92f5d28c & 7d44c97a-9bd6-11ef-902d-6acb92f5d28c
2024/11/05 19:31:39 Matched..
2024/11/05 19:31:39 Matched..
2024/11/05 19:31:39 Paired: 7d44c98e-9bd6-11ef-902d-6acb92f5d28c & 7d44c9a2-9bd6-11ef-902d-6acb92f5d28c
2024/11/05 19:31:39 Matched..
2024/11/05 19:31:39 Matched..
2024/11/05 19:31:39 Paired: 7d44c9ac-9bd6-11ef-902d-6acb92f5d28c & 7d44c9c0-9bd6-11ef-902d-6acb92f5d28c
2024/11/05 19:31:39 Matched..
2024/11/05 19:31:39 Matched..
2024/11/05 19:31:39 Paired: 7d44c9d4-9bd6-11ef-902d-6acb92f5d28c & 7d44c9e8-9bd6-11ef-902d-6acb92f5d28c
2024/11/05 19:31:39 Matched..
2024/11/05 19:31:39 Matched..
2024/11/05 19:31:39 Paired: 7d44c9fc-9bd6-11ef-902d-6acb92f5d28c & 7d44ca10-9bd6-11ef-902d-6acb92f5d28c
2024/11/05 19:31:39 Matched..
2024/11/05 19:31:39 Matched..
2024/11/05 19:31:39 Paired: 7d44ca24-9bd6-11ef-902d-6acb92f5d28c & 7d44ca38-9bd6-11ef-902d-6acb92f5d28c
2024/11/05 19:31:39 Matched..
2024/11/05 19:31:39 Matched..
2024/11/05 19:31:39 Paired: 7d44ca42-9bd6-11ef-902d-6acb92f5d28c & 7d44ca56-9bd6-11ef-902d-6acb92f5d28c
2024/11/05 19:31:39 Matched..
2024/11/05 19:31:39 Matched..
2024/11/05 19:31:39 Paired: 7d44ca6a-9bd6-11ef-902d-6acb92f5d28c & 7d44ca7e-9bd6-11ef-902d-6acb92f5d28c
2024/11/05 19:31:39 Matched..
2024/11/05 19:31:39 Matched..
2024/11/05 19:31:39 Paired: 7d44ca92-9bd6-11ef-902d-6acb92f5d28c & 7d44caa6-9bd6-11ef-902d-6acb92f5d28c
2024/11/05 19:31:39 Matched..
2024/11/05 19:31:39 Matched..
2024/11/05 19:31:39 Paired: 7d44caba-9bd6-11ef-902d-6acb92f5d28c & 7d44cace-9bd6-11ef-902d-6acb92f5d28c
2024/11/05 19:31:39 Matched..
2024/11/05 19:31:39 Matched..
2024/11/05 19:31:39 Paired: 7d44cae2-9bd6-11ef-902d-6acb92f5d28c & 7d44caf6-9bd6-11ef-902d-6acb92f5d28c
2024/11/05 19:31:39 Matched..
2024/11/05 19:31:39 Matched..
2024/11/05 19:31:39 Paired: 7d44cb00-9bd6-11ef-902d-6acb92f5d28c & 7d44cb14-9bd6-11ef-902d-6acb92f5d28c
2024/11/05 19:31:39 Matched..
2024/11/05 19:31:39 Matched..
2024/11/05 19:31:39 Paired: 7d44cb28-9bd6-11ef-902d-6acb92f5d28c & 7d44cb3c-9bd6-11ef-902d-6acb92f5d28c
2024/11/05 19:31:39 Matched..
2024/11/05 19:31:39 Matched..
2024/11/05 19:31:39 Paired: 7d44cb50-9bd6-11ef-902d-6acb92f5d28c & 7d44cb64-9bd6-11ef-902d-6acb92f5d28c
2024/11/05 19:31:39 Matched..
2024/11/05 19:31:39 Matched..
2024/11/05 19:31:39 Paired: 7d44cb6e-9bd6-11ef-902d-6acb92f5d28c & 7d44cb82-9bd6-11ef-902d-6acb92f5d28c
2024/11/05 19:31:39 Matched..
2024/11/05 19:31:39 Paired: 7d44cb96-9bd6-11ef-902d-6acb92f5d28c & 7d44cbaa-9bd6-11ef-902d-6acb92f5d28c
2024/11/05 19:31:39 Matched..
2024/11/05 19:31:39 Matched..
2024/11/05 19:31:39 Matched..
2024/11/05 19:31:39 Paired: 7d44cbbe-9bd6-11ef-902d-6acb92f5d28c & 7d44cbc8-9bd6-11ef-902d-6acb92f5d28c
2024/11/05 19:31:39 Matched..
2024/11/05 19:31:39 Matched..
2024/11/05 19:31:39 Paired: 7d44cbdc-9bd6-11ef-902d-6acb92f5d28c & 7d44cbf0-9bd6-11ef-902d-6acb92f5d28c
2024/11/05 19:31:39 Matched..
2024/11/05 19:31:39 Matched..
2024/11/05 19:31:39 Paired: 7d44cc04-9bd6-11ef-902d-6acb92f5d28c & 7d44cc18-9bd6-11ef-902d-6acb92f5d28c
2024/11/05 19:31:39 Matched..
2024/11/05 19:31:39 Matched..
2024/11/05 19:31:39 Paired: 7d44cc22-9bd6-11ef-902d-6acb92f5d28c & 7d44cc36-9bd6-11ef-902d-6acb92f5d28c
2024/11/05 19:31:39 Matched..
2024/11/05 19:31:39 Matched..
2024/11/05 19:31:39 Paired: 7d44cc4a-9bd6-11ef-902d-6acb92f5d28c & 7d44cc5e-9bd6-11ef-902d-6acb92f5d28c
2024/11/05 19:31:39 Matched..
2024/11/05 19:31:39 Matched..
2024/11/05 19:31:39 Paired: 7d44cc68-9bd6-11ef-902d-6acb92f5d28c & 7d44cc7c-9bd6-11ef-902d-6acb92f5d28c
2024/11/05 19:31:39 Matched..
2024/11/05 19:31:39 Matched..
2024/11/05 19:31:39 Paired: 7d44cc90-9bd6-11ef-902d-6acb92f5d28c & 7d44cca4-9bd6-11ef-902d-6acb92f5d28c
2024/11/05 19:31:39 Matched..
2024/11/05 19:31:39 Matched..
2024/11/05 19:31:39 Paired: 7d44ccc2-9bd6-11ef-902d-6acb92f5d28c & 7d44ccd6-9bd6-11ef-902d-6acb92f5d28c
2024/11/05 19:31:39 Matched..
2024/11/05 19:31:39 Matched..
2024/11/05 19:31:39 Paired: 7d44ccea-9bd6-11ef-902d-6acb92f5d28c & 7d44ccf4-9bd6-11ef-902d-6acb92f5d28c
2024/11/05 19:31:39 Matched..
2024/11/05 19:31:39 Matched..
2024/11/05 19:31:39 Paired: 7d44cd08-9bd6-11ef-902d-6acb92f5d28c & 7d44cd1c-9bd6-11ef-902d-6acb92f5d28c
2024/11/05 19:31:39 Matched..
2024/11/05 19:31:39 Matched..
2024/11/05 19:31:39 Paired: 7d44cd26-9bd6-11ef-902d-6acb92f5d28c & 7d44cd3a-9bd6-11ef-902d-6acb92f5d28c
2024/11/05 19:31:39 Matched..
2024/11/05 19:31:39 Matched..
2024/11/05 19:31:39 Paired: 7d44cd4e-9bd6-11ef-902d-6acb92f5d28c & 7d44cd62-9bd6-11ef-902d-6acb92f5d28c
2024/11/05 19:31:39 Matched..
2024/11/05 19:31:39 Matched..
2024/11/05 19:31:39 Paired: 7d44cd6c-9bd6-11ef-902d-6acb92f5d28c & 7d44cd80-9bd6-11ef-902d-6acb92f5d28c
2024/11/05 19:31:39 Matched..
2024/11/05 19:31:39 Matched..
2024/11/05 19:31:39 Paired: 7d44cd94-9bd6-11ef-902d-6acb92f5d28c & 7d44cd9e-9bd6-11ef-902d-6acb92f5d28c
2024/11/05 19:31:39 Matched..
2024/11/05 19:31:39 Matched..
2024/11/05 19:31:39 Paired: 7d44cdb2-9bd6-11ef-902d-6acb92f5d28c & 7d44cdc6-9bd6-11ef-902d-6acb92f5d28c
2024/11/05 19:31:39 Matched..
2024/11/05 19:31:39 Matched..
2024/11/05 19:31:39 Paired: 7d44cdd0-9bd6-11ef-902d-6acb92f5d28c & 7d44cde4-9bd6-11ef-902d-6acb92f5d28c
2024/11/05 19:31:39 Matched..
2024/11/05 19:31:39 Matched..
2024/11/05 19:31:39 Paired: 7d44cdf8-9bd6-11ef-902d-6acb92f5d28c & 7d44ce02-9bd6-11ef-902d-6acb92f5d28c
2024/11/05 19:31:39 Matched..
2024/11/05 19:31:39 Matched..
2024/11/05 19:31:39 Paired: 7d44ce16-9bd6-11ef-902d-6acb92f5d28c & 7d44ce2a-9bd6-11ef-902d-6acb92f5d28c
2024/11/05 19:31:39 Matched..
2024/11/05 19:31:39 Matched..
2024/11/05 19:31:39 Paired: 7d44ce3e-9bd6-11ef-902d-6acb92f5d28c & 7d44ce48-9bd6-11ef-902d-6acb92f5d28c
2024/11/05 19:31:39 Matched..
2024/11/05 19:31:39 Matched..
2024/11/05 19:31:39 Paired: 7d44ce5c-9bd6-11ef-902d-6acb92f5d28c & 7d44ce70-9bd6-11ef-902d-6acb92f5d28c
2024/11/05 19:31:39 Matched..
2024/11/05 19:31:39 Matched..
2024/11/05 19:31:39 Paired: 7d44ce7a-9bd6-11ef-902d-6acb92f5d28c & 7d44ce8e-9bd6-11ef-902d-6acb92f5d28c
2024/11/05 19:31:39 Matched..
2024/11/05 19:31:39 Matched..
2024/11/05 19:31:39 Paired: 7d44cea2-9bd6-11ef-902d-6acb92f5d28c & 7d44ceac-9bd6-11ef-902d-6acb92f5d28c
2024/11/05 19:31:39 Matched..
2024/11/05 19:31:39 Matched..
2024/11/05 19:31:39 Paired: 7d44cec0-9bd6-11ef-902d-6acb92f5d28c & 7d44ced4-9bd6-11ef-902d-6acb92f5d28c
2024/11/05 19:31:39 Matched..
2024/11/05 19:31:39 Matched..
2024/11/05 19:31:39 Paired: 7d44cede-9bd6-11ef-902d-6acb92f5d28c & 7d44cef2-9bd6-11ef-902d-6acb92f5d28c
2024/11/05 19:31:39 Matched..
2024/11/05 19:31:39 Matched..
2024/11/05 19:31:39 Paired: 7d44cf06-9bd6-11ef-902d-6acb92f5d28c & 7d44cf10-9bd6-11ef-902d-6acb92f5d28c
2024/11/05 19:31:39 Matched..
2024/11/05 19:31:39 Matched..
2024/11/05 19:31:39 Paired: 7d44cf24-9bd6-11ef-902d-6acb92f5d28c & 7d44cf38-9bd6-11ef-902d-6acb92f5d28c
2024/11/05 19:31:39 Matched..
2024/11/05 19:31:39 Matched..
2024/11/05 19:31:39 Paired: 7d44cf4c-9bd6-11ef-902d-6acb92f5d28c & 7d44cf60-9bd6-11ef-902d-6acb92f5d28c
2024/11/05 19:31:39 Matched..
2024/11/05 19:31:39 Matched..
2024/11/05 19:31:39 Paired: 7d44cf6a-9bd6-11ef-902d-6acb92f5d28c & 7d44cf7e-9bd6-11ef-902d-6acb92f5d28c
2024/11/05 19:31:39 Matched..
2024/11/05 19:31:39 Matched..
2024/11/05 19:31:39 Paired: 7d44cf92-9bd6-11ef-902d-6acb92f5d28c & 7d44cf9c-9bd6-11ef-902d-6acb92f5d28c
2024/11/05 19:31:39 Matched..
2024/11/05 19:31:39 Matched..
2024/11/05 19:31:39 Paired: 7d44cfb0-9bd6-11ef-902d-6acb92f5d28c & 7d44cfc4-9bd6-11ef-902d-6acb92f5d28c
2024/11/05 19:31:39 Matched..
2024/11/05 19:31:39 Matched..
2024/11/05 19:31:39 Paired: 7d44cfce-9bd6-11ef-902d-6acb92f5d28c & 7d44cfe2-9bd6-11ef-902d-6acb92f5d28c
2024/11/05 19:31:39 Matched..
2024/11/05 19:31:39 Matched..
2024/11/05 19:31:39 Paired: 7d44cff6-9bd6-11ef-902d-6acb92f5d28c & 7d44d00a-9bd6-11ef-902d-6acb92f5d28c
2024/11/05 19:31:39 Matched..
2024/11/05 19:31:39 Matched..
2024/11/05 19:31:39 Paired: 7d44d014-9bd6-11ef-902d-6acb92f5d28c & 7d44d028-9bd6-11ef-902d-6acb92f5d28c
2024/11/05 19:31:39 Matched..
2024/11/05 19:31:39 Matched..
2024/11/05 19:31:39 Paired: 7d44d03c-9bd6-11ef-902d-6acb92f5d28c & 7d44d046-9bd6-11ef-902d-6acb92f5d28c
2024/11/05 19:31:39 Matched..
2024/11/05 19:31:39 Matched..
2024/11/05 19:31:39 Paired: 7d44d05a-9bd6-11ef-902d-6acb92f5d28c & 7d44d06e-9bd6-11ef-902d-6acb92f5d28c
2024/11/05 19:31:39 Matched..
2024/11/05 19:31:39 Matched..
2024/11/05 19:31:39 Paired: 7d44d078-9bd6-11ef-902d-6acb92f5d28c & 7d44d08c-9bd6-11ef-902d-6acb92f5d28c
2024/11/05 19:31:39 Matched..
2024/11/05 19:31:39 Matched..
2024/11/05 19:31:39 Paired: 7d44d0a0-9bd6-11ef-902d-6acb92f5d28c & 7d44d0b4-9bd6-11ef-902d-6acb92f5d28c
2024/11/05 19:31:39 Matched..
2024/11/05 19:31:39 Matched..
2024/11/05 19:31:39 Paired: 7d44d0be-9bd6-11ef-902d-6acb92f5d28c & 7d44d0d2-9bd6-11ef-902d-6acb92f5d28c
2024/11/05 19:31:39 Matched..
2024/11/05 19:31:39 Matched..
2024/11/05 19:31:39 Paired: 7d44d0e6-9bd6-11ef-902d-6acb92f5d28c & 7d44d0f0-9bd6-11ef-902d-6acb92f5d28c
2024/11/05 19:31:39 Matched..
2024/11/05 19:31:39 Matched..
2024/11/05 19:31:39 Paired: 7d44d104-9bd6-11ef-902d-6acb92f5d28c & 7d44d118-9bd6-11ef-902d-6acb92f5d28c
2024/11/05 19:31:39 Matched..
2024/11/05 19:31:39 Matched..
2024/11/05 19:31:39 Paired: 7d44d122-9bd6-11ef-902d-6acb92f5d28c & 7d44d136-9bd6-11ef-902d-6acb92f5d28c
2024/11/05 19:31:39 Matched..
2024/11/05 19:31:39 Matched..
2024/11/05 19:31:39 Paired: 7d44d14a-9bd6-11ef-902d-6acb92f5d28c & 7d44d15e-9bd6-11ef-902d-6acb92f5d28c
2024/11/05 19:31:39 Matched..
2024/11/05 19:31:39 Matched..
2024/11/05 19:31:39 Paired: 7d44d168-9bd6-11ef-902d-6acb92f5d28c & 7d44d17c-9bd6-11ef-902d-6acb92f5d28c
2024/11/05 19:31:39 Matched..
2024/11/05 19:31:39 Matched..
2024/11/05 19:31:39 Paired: 7d44d190-9bd6-11ef-902d-6acb92f5d28c & 7d44d19a-9bd6-11ef-902d-6acb92f5d28c
2024/11/05 19:31:39 Matched..
2024/11/05 19:31:39 Matched..
